Archive member included to satisfy reference by file (symbol)

E:/CUBIDE/STM32CubeIDE_1.19.0/STM32CubeIDE/plugins/com.st.stm32cube.ide.mcu.externaltools.gnu-tools-for-stm32.13.3.rel1.win32_1.0.0.202411081344/tools/bin/../lib/gcc/arm-none-eabi/13.3.1/../../../../arm-none-eabi/lib/thumb/v7e-m+dp/hard\libc_nano.a(libc_a-exit.o)
                              E:/CUBIDE/STM32CubeIDE_1.19.0/STM32CubeIDE/plugins/com.st.stm32cube.ide.mcu.externaltools.gnu-tools-for-stm32.13.3.rel1.win32_1.0.0.202411081344/tools/bin/../lib/gcc/arm-none-eabi/13.3.1/../../../../arm-none-eabi/lib/thumb/v7e-m+dp/hard/crt0.o (exit)
E:/CUBIDE/STM32CubeIDE_1.19.0/STM32CubeIDE/plugins/com.st.stm32cube.ide.mcu.externaltools.gnu-tools-for-stm32.13.3.rel1.win32_1.0.0.202411081344/tools/bin/../lib/gcc/arm-none-eabi/13.3.1/../../../../arm-none-eabi/lib/thumb/v7e-m+dp/hard\libc_nano.a(libc_a-findfp.o)
                              E:/CUBIDE/STM32CubeIDE_1.19.0/STM32CubeIDE/plugins/com.st.stm32cube.ide.mcu.externaltools.gnu-tools-for-stm32.13.3.rel1.win32_1.0.0.202411081344/tools/bin/../lib/gcc/arm-none-eabi/13.3.1/../../../../arm-none-eabi/lib/thumb/v7e-m+dp/hard\libc_nano.a(libc_a-exit.o) (__stdio_exit_handler)
E:/CUBIDE/STM32CubeIDE_1.19.0/STM32CubeIDE/plugins/com.st.stm32cube.ide.mcu.externaltools.gnu-tools-for-stm32.13.3.rel1.win32_1.0.0.202411081344/tools/bin/../lib/gcc/arm-none-eabi/13.3.1/../../../../arm-none-eabi/lib/thumb/v7e-m+dp/hard\libc_nano.a(libc_a-fwalk.o)
                              E:/CUBIDE/STM32CubeIDE_1.19.0/STM32CubeIDE/plugins/com.st.stm32cube.ide.mcu.externaltools.gnu-tools-for-stm32.13.3.rel1.win32_1.0.0.202411081344/tools/bin/../lib/gcc/arm-none-eabi/13.3.1/../../../../arm-none-eabi/lib/thumb/v7e-m+dp/hard\libc_nano.a(libc_a-findfp.o) (_fwalk_sglue)
E:/CUBIDE/STM32CubeIDE_1.19.0/STM32CubeIDE/plugins/com.st.stm32cube.ide.mcu.externaltools.gnu-tools-for-stm32.13.3.rel1.win32_1.0.0.202411081344/tools/bin/../lib/gcc/arm-none-eabi/13.3.1/../../../../arm-none-eabi/lib/thumb/v7e-m+dp/hard\libc_nano.a(libc_a-stdio.o)
                              E:/CUBIDE/STM32CubeIDE_1.19.0/STM32CubeIDE/plugins/com.st.stm32cube.ide.mcu.externaltools.gnu-tools-for-stm32.13.3.rel1.win32_1.0.0.202411081344/tools/bin/../lib/gcc/arm-none-eabi/13.3.1/../../../../arm-none-eabi/lib/thumb/v7e-m+dp/hard\libc_nano.a(libc_a-findfp.o) (__sread)
E:/CUBIDE/STM32CubeIDE_1.19.0/STM32CubeIDE/plugins/com.st.stm32cube.ide.mcu.externaltools.gnu-tools-for-stm32.13.3.rel1.win32_1.0.0.202411081344/tools/bin/../lib/gcc/arm-none-eabi/13.3.1/../../../../arm-none-eabi/lib/thumb/v7e-m+dp/hard\libc_nano.a(libc_a-memset.o)
                              E:/CUBIDE/STM32CubeIDE_1.19.0/STM32CubeIDE/plugins/com.st.stm32cube.ide.mcu.externaltools.gnu-tools-for-stm32.13.3.rel1.win32_1.0.0.202411081344/tools/bin/../lib/gcc/arm-none-eabi/13.3.1/../../../../arm-none-eabi/lib/thumb/v7e-m+dp/hard/crt0.o (memset)
E:/CUBIDE/STM32CubeIDE_1.19.0/STM32CubeIDE/plugins/com.st.stm32cube.ide.mcu.externaltools.gnu-tools-for-stm32.13.3.rel1.win32_1.0.0.202411081344/tools/bin/../lib/gcc/arm-none-eabi/13.3.1/../../../../arm-none-eabi/lib/thumb/v7e-m+dp/hard\libc_nano.a(libc_a-closer.o)
                              E:/CUBIDE/STM32CubeIDE_1.19.0/STM32CubeIDE/plugins/com.st.stm32cube.ide.mcu.externaltools.gnu-tools-for-stm32.13.3.rel1.win32_1.0.0.202411081344/tools/bin/../lib/gcc/arm-none-eabi/13.3.1/../../../../arm-none-eabi/lib/thumb/v7e-m+dp/hard\libc_nano.a(libc_a-stdio.o) (_close_r)
E:/CUBIDE/STM32CubeIDE_1.19.0/STM32CubeIDE/plugins/com.st.stm32cube.ide.mcu.externaltools.gnu-tools-for-stm32.13.3.rel1.win32_1.0.0.202411081344/tools/bin/../lib/gcc/arm-none-eabi/13.3.1/../../../../arm-none-eabi/lib/thumb/v7e-m+dp/hard\libc_nano.a(libc_a-reent.o)
                              E:/CUBIDE/STM32CubeIDE_1.19.0/STM32CubeIDE/plugins/com.st.stm32cube.ide.mcu.externaltools.gnu-tools-for-stm32.13.3.rel1.win32_1.0.0.202411081344/tools/bin/../lib/gcc/arm-none-eabi/13.3.1/../../../../arm-none-eabi/lib/thumb/v7e-m+dp/hard\libc_nano.a(libc_a-closer.o) (errno)
E:/CUBIDE/STM32CubeIDE_1.19.0/STM32CubeIDE/plugins/com.st.stm32cube.ide.mcu.externaltools.gnu-tools-for-stm32.13.3.rel1.win32_1.0.0.202411081344/tools/bin/../lib/gcc/arm-none-eabi/13.3.1/../../../../arm-none-eabi/lib/thumb/v7e-m+dp/hard\libc_nano.a(libc_a-impure.o)
                              E:/CUBIDE/STM32CubeIDE_1.19.0/STM32CubeIDE/plugins/com.st.stm32cube.ide.mcu.externaltools.gnu-tools-for-stm32.13.3.rel1.win32_1.0.0.202411081344/tools/bin/../lib/gcc/arm-none-eabi/13.3.1/../../../../arm-none-eabi/lib/thumb/v7e-m+dp/hard\libc_nano.a(libc_a-reent.o) (_impure_ptr)
E:/CUBIDE/STM32CubeIDE_1.19.0/STM32CubeIDE/plugins/com.st.stm32cube.ide.mcu.externaltools.gnu-tools-for-stm32.13.3.rel1.win32_1.0.0.202411081344/tools/bin/../lib/gcc/arm-none-eabi/13.3.1/../../../../arm-none-eabi/lib/thumb/v7e-m+dp/hard\libc_nano.a(libc_a-lseekr.o)
[...]
Memory Configuration

Name             Origin             Length             Attributes
DTCMRAM          0x20000000         0x00020000         xrw
ITCMRAM          0x00000000         0x00010000         xrw
RAM_D1           0x24000000         0x00080000         xrw
RAM_D2           0x30000000         0x00048000         xrw
RAM_D3           0x38000000         0x00010000         xrw
FLASH            0x08000000         0x00200000         xr
*default*        0x00000000         0xffffffff

Linker script and memory map

LOAD E:/CUBIDE/STM32CubeIDE_1.19.0/STM32CubeIDE/plugins/com.st.stm32cube.ide.mcu.externaltools.gnu-tools-for-stm32.13.3.rel1.win32_1.0.0.202411081344/tools/bin/../lib/gcc/arm-none-eabi/13.3.1/thumb/v7e-m+dp/hard/crti.o
LOAD E:/CUBIDE/STM32CubeIDE_1.19.0/STM32CubeIDE/plugins/com.st.stm32cube.ide.mcu.externaltools.gnu-tools-for-stm32.13.3.rel1.win32_1.0.0.202411081344/tools/bin/../lib/gcc/arm-none-eabi/13.3.1/thumb/v7e-m+dp/hard/crtbegin.o
LOAD E:/CUBIDE/STM32CubeIDE_1.19.0/STM32CubeIDE/plugins/com.st.stm32cube.ide.mcu.externaltools.gnu-tools-for-stm32.13.3.rel1.win32_1.0.0.202411081344/tools/bin/../lib/gcc/arm-none-eabi/13.3.1/../../../../arm-none-eabi/lib/thumb/v7e-m+dp/hard/crt0.o
LOAD ./Core/Src/main.o
LOAD ./Core/Src/stm32h7xx_hal_msp.o
LOAD ./Core/Src/stm32h7xx_it.o
LOAD ./Core/Src/syscalls.o
LOAD ./Core/Src/sysmem.o
LOAD ./Core/Src/system_stm32h7xx.o
LOAD ./Core/Startup/startup_stm32h743vihx.o
LOAD ./Drivers/STM32H7xx_HAL_Driver/Src/stm32h7xx_hal.o
LOAD ./Drivers/STM32H7xx_HAL_Driver/Src/stm32h7xx_hal_cortex.o
LOAD ./Drivers/STM32H7xx_HAL_Driver/Src/stm32h7xx_hal_dma.o
LOAD ./Drivers/STM32H7xx_HAL_Driver/Src/stm32h7xx_hal_dma_ex.o
LOAD ./Drivers/STM32H7xx_HAL_Driver/Src/stm32h7xx_hal_exti.o
LOAD ./Drivers/STM32H7xx_HAL_Driver/Src/stm32h7xx_hal_fdcan.o
LOAD ./Drivers/STM32H7xx_HAL_Driver/Src/stm32h7xx_hal_flash.o
LOAD ./Drivers/STM32H7xx_HAL_Driver/Src/stm32h7xx_hal_flash_ex.o
LOAD ./Drivers/STM32H7xx_HAL_Driver/Src/stm32h7xx_hal_gpio.o
LOAD ./Drivers/STM32H7xx_HAL_Driver/Src/stm32h7xx_hal_hsem.o
LOAD ./Drivers/STM32H7xx_HAL_Driver/Src/stm32h7xx_hal_i2c.o
LOAD ./Drivers/STM32H7xx_HAL_Driver/Src/stm32h7xx_hal_i2c_ex.o
LOAD ./Drivers/STM32H7xx_HAL_Driver/Src/stm32h7xx_hal_mdma.o
LOAD ./Drivers/STM32H7xx_HAL_Driver/Src/stm32h7xx_hal_pwr.o
LOAD ./Drivers/STM32H7xx_HAL_Driver/Src/stm32h7xx_hal_pwr_ex.o
LOAD ./Drivers/STM32H7xx_HAL_Driver/Src/stm32h7xx_hal_rcc.o
LOAD ./Drivers/STM32H7xx_HAL_Driver/Src/stm32h7xx_hal_rcc_ex.o
LOAD ./Drivers/STM32H7xx_HAL_Driver/Src/stm32h7xx_hal_spi.o
LOAD ./Drivers/STM32H7xx_HAL_Driver/Src/stm32h7xx_hal_spi_ex.o
LOAD ./Drivers/STM32H7xx_HAL_Driver/Src/stm32h7xx_hal_tim.o
LOAD ./Drivers/STM32H7xx_HAL_Driver/Src/stm32h7xx_hal_tim_ex.o
LOAD ./Drivers/STM32H7xx_HAL_Driver/Src/stm32h7xx_hal_uart.o
LOAD ./Drivers/STM32H7xx_HAL_Driver/Src/stm32h7xx_hal_uart_ex.o
START GROUP
LOAD E:/CUBIDE/STM32CubeIDE_1.19.0/STM32CubeIDE/plugins/com.st.stm32cube.ide.mcu.externaltools.gnu-tools-for-stm32.13.3.rel1.win32_1.0.0.202411081344/tools/bin/../lib/gcc/arm-none-eabi/13.3.1/../../../../arm-none-eabi/lib/thumb/v7e-m+dp/hard\libc_nano.a
LOAD E:/CUBIDE/STM32CubeIDE_1.19.0/STM32CubeIDE/plugins/com.st.stm32cube.ide.mcu.externaltools.gnu-tools-for-stm32.13.3.rel1.win32_1.0.0.202411081344/tools/bin/../lib/gcc/arm-none-eabi/13.3.1/../../../../arm-none-eabi/lib/thumb/v7e-m+dp/hard\libm.a
END GROUP
START GROUP
LOAD E:/CUBIDE/STM32CubeIDE_1.19.0/STM32CubeIDE/plugins/com.st.stm32cube.ide.mcu.externaltools.gnu-tools-for-stm32.13.3.rel1.win32_1.0.0.202411081344/tools/bin/../lib/gcc/arm-none-eabi/13.3.1/thumb/v7e-m+dp/hard\libgcc.a
LOAD E:/CUBIDE/STM32CubeIDE_1.19.0/STM32CubeIDE/plugins/com.st.stm32cube.ide.mcu.externaltools.gnu-tools-for-stm32.13.3.rel1.win32_1.0.0.202411081344/tools/bin/../lib/gcc/arm-none-eabi/13.3.1/../../../../arm-none-eabi/lib/thumb/v7e-m+dp/hard\libc_nano.a
END GROUP
START GROUP
LOAD E:/CUBIDE/STM32CubeIDE_1.19.0/STM32CubeIDE/plugins/com.st.stm32cube.ide.mcu.externaltools.gnu-tools-for-stm32.13.3.rel1.win32_1.0.0.202411081344/tools/bin/../lib/gcc/arm-none-eabi/13.3.1/thumb/v7e-m+dp/hard\libgcc.a
LOAD E:/CUBIDE/STM32CubeIDE_1.19.0/STM32CubeIDE/plugins/com.st.stm32cube.ide.mcu.externaltools.gnu-tools-for-stm32.13.3.rel1.win32_1.0.0.202411081344/tools/bin/../lib/gcc/arm-none-eabi/13.3.1/../../../../arm-none-eabi/lib/thumb/v7e-m+dp/hard\libc_nano.a
LOAD E:/CUBIDE/STM32CubeIDE_1.19.0/STM32CubeIDE/plugins/com.st.stm32cube.ide.mcu.externaltools.gnu-tools-for-stm32.13.3.rel1.win32_1.0.0.202411081344/tools/bin/../lib/gcc/arm-none-eabi/13.3.1/../../../../arm-none-eabi/lib/thumb/v7e-m+dp/hard\libnosys.a
END GROUP
START GROUP
LOAD E:/CUBIDE/STM32CubeIDE_1.19.0/STM32CubeIDE/plugins/com.st.stm32cube.ide.mcu.externaltools.gnu-tools-for-stm32.13.3.rel1.win32_1.0.0.202411081344/tools/bin/../lib/gcc/arm-none-eabi/13.3.1/thumb/v7e-m+dp/hard\libgcc.a
LOAD E:/CUBIDE/STM32CubeIDE_1.19.0/STM32CubeIDE/plugins/com.st.stm32cube.ide.mcu.externaltools.gnu-tools-for-stm32.13.3.rel1.win32_1.0.0.202411081344/tools/bin/../lib/gcc/arm-none-eabi/13.3.1/../../../../arm-none-eabi/lib/thumb/v7e-m+dp/hard\libc_nano.a
LOAD E:/CUBIDE/STM32CubeIDE_1.19.0/STM32CubeIDE/plugins/com.st.stm32cube.ide.mcu.externaltools.gnu-tools-for-stm32.13.3.rel1.win32_1.0.0.202411081344/tools/bin/../lib/gcc/arm-none-eabi/13.3.1/../../../../arm-none-eabi/lib/thumb/v7e-m+dp/hard\libnosys.a
END GROUP
LOAD E:/CUBIDE/STM32CubeIDE_1.19.0/STM32CubeIDE/plugins/com.st.stm32cube.ide.mcu.externaltools.gnu-tools-for-stm32.13.3.rel1.win32_1.0.0.202411081344/tools/bin/../lib/gcc/arm-none-eabi/13.3.1/thumb/v7e-m+dp/hard/crtend.o
LOAD E:/CUBIDE/STM32CubeIDE_1.19.0/STM32CubeIDE/plugins/com.st.stm32cube.ide.mcu.externaltools.gnu-tools-for-stm32.13.3.rel1.win32_1.0.0.202411081344/tools/bin/../lib/gcc/arm-none-eabi/13.3.1/thumb/v7e-m+dp/hard/crtn.o
                0x24080000                        _estack = (ORIGIN (RAM_D1) + LENGTH (RAM_D1))
                0x00000200                        _Min_Heap_Size = 0x200
                0x00000400                        _Min_Stack_Size = 0x400

.isr_vector     0x08000000      0x298
                0x08000000                        . = ALIGN (0x4)
 *(.isr_vector)
 .isr_vector    0x08000000      0x298 ./Core/Startup/startup_stm32h743vihx.o
                0x08000000                g_pfnVectors
                0x08000298                        . = ALIGN (0x4)

.text           0x08000298     0x4d8c
                0x08000298                        . = ALIGN (0x4)
 *(.text)
 .text          0x08000298       0x40 E:/CUBIDE/STM32CubeIDE_1.19.0/STM32CubeIDE/plugins/com.st.stm32cube.ide.mcu.externaltools.gnu-tools-for-stm32.13.3.rel1.win32_1.0.0.202411081344/tools/bin/../lib/gcc/arm-none-eabi/13.3.1/thumb/v7e-m+dp/hard/crtbegin.o
 .text          0x080002d8       0x30 E:/CUBIDE/STM32CubeIDE_1.19.0/STM32CubeIDE/plugins/com.st.stm32cube.ide.mcu.externaltools.gnu-tools-for-stm32.13.3.rel1.win32_1.0.0.202411081344/tools/bin/../lib/gcc/arm-none-eabi/13.3.1/thumb/v7e-m+dp/hard\libgcc.a(_aeabi_uldivmod.o)
                0x080002d8                __aeabi_uldivmod
 .text          0x08000308      0x2f8 E:/CUBIDE/STM32CubeIDE_1.19.0/STM32CubeIDE/plugins/com.st.stm32cube.ide.mcu.externaltools.gnu-tools-for-stm32.13.3.rel1.win32_1.0.0.202411081344/tools/bin/../lib/gcc/arm-none-eabi/13.3.1/thumb/v7e-m+dp/hard\libgcc.a(_udivmoddi4.o)
                0x08000308                __udivmoddi4
 .text          0x08000600        0x4 E:/CUBIDE/STM32CubeIDE_1.19.0/STM32CubeIDE/plugins/com.st.stm32cube.ide.mcu.externaltools.gnu-tools-for-stm32.13.3.rel1.win32_1.0.0.202411081344/tools/bin/../lib/gcc/arm-none-eabi/13.3.1/thumb/v7e-m+dp/hard\libgcc.a(_dvmd_tls.o)
                0x08000600                __aeabi_idiv0
                0x08000600                __aeabi_ldiv0
 *(.text*)
 .text.MX_FDCAN2_Init
                0x08000604       0x5c ./Core/Src/main.o
 .text.SystemClock_Config
                0x08000660       0xe0 ./Core/Src/main.o
                0x08000660                SystemClock_Config
 .text.clear_allclick_flag
                0x08000740       0x1c ./Core/Src/main.o
                0x08000740                clear_allclick_flag
 .text.green_light
                0x0800075c       0x28 ./Core/Src/main.o
                0x0800075c                green_light
 .text.S1_stop_action
                0x08000784       0x48 ./Core/Src/main.o
                0x08000784                S1_stop_action
 .text.red_light
                0x080007cc       0x28 ./Core/Src/main.o
                0x080007cc                red_light
 .text.S0_idle_action
                0x080007f4       0x34 ./Core/Src/main.o
                0x080007f4                S0_idle_action
 .text.green_twinkle
                0x08000828       0x18 ./Core/Src/main.o
                0x08000828                green_twinkle
 .text.S2_run_action
                0x08000840       0x20 ./Core/Src/main.o
                0x08000840                S2_run_action
 .text.advance  0x08000860       0x24 ./Core/Src/main.o
                0x08000860                advance
 .text.FDCAN2_Config
                0x08000884       0x68 ./Core/Src/main.o
                0x08000884                FDCAN2_Config
 .text.CAN2_MESSAGE_TX
                0x080008ec       0x34 ./Core/Src/main.o
                0x080008ec                CAN2_MESSAGE_TX
 .text.decode   0x08000920       0x44 ./Core/Src/main.o
                0x08000920                decode
 .text.HAL_UART_RxCpltCallback
                0x08000964       0x88 ./Core/Src/main.o
                0x08000964                HAL_UART_RxCpltCallback
 .text.HAL_FDCAN_RxFifo0Callback
                0x080009ec      0x16c ./Core/Src/main.o
                0x080009ec                HAL_FDCAN_RxFifo0Callback
 .text.HAL_TIM_PeriodElapsedCallback
                0x08000b58       0xb0 ./Core/Src/main.o
                0x08000b58                HAL_TIM_PeriodElapsedCallback
 .text.key_scan
                0x08000c08       0xc4 ./Core/Src/main.o
                0x08000c08                key_scan
 .text.startup.main
                0x08000ccc      0x514 ./Core/Src/main.o
                0x08000ccc                main
 .text.HAL_MspInit
                0x080011e0       0x24 ./Core/Src/stm32h7xx_hal_msp.o
                0x080011e0                HAL_MspInit
 .text.HAL_FDCAN_MspInit
                0x08001204      0x100 ./Core/Src/stm32h7xx_hal_msp.o
                0x08001204                HAL_FDCAN_MspInit
 .text.HAL_SPI_MspInit
                0x08001304       0x70 ./Core/Src/stm32h7xx_hal_msp.o
                0x08001304                HAL_SPI_MspInit
 .text.HAL_TIM_Base_MspInit
                0x08001374       0x7c ./Core/Src/stm32h7xx_hal_msp.o
                0x08001374                HAL_TIM_Base_MspInit
 .text.HAL_UART_MspInit
                0x080013f0      0x1a4 ./Core/Src/stm32h7xx_hal_msp.o
                0x080013f0                HAL_UART_MspInit
 .text.NMI_Handler
                0x08001594        0x2 ./Core/Src/stm32h7xx_it.o
                0x08001594                NMI_Handler
 .text.HardFault_Handler
                0x08001596        0x2 ./Core/Src/stm32h7xx_it.o
                0x08001596                HardFault_Handler
 .text.MemManage_Handler
                0x08001598        0x2 ./Core/Src/stm32h7xx_it.o
                0x08001598                MemManage_Handler
 .text.BusFault_Handler
                0x0800159a        0x2 ./Core/Src/stm32h7xx_it.o
                0x0800159a                BusFault_Handler
 .text.UsageFault_Handler
                0x0800159c        0x2 ./Core/Src/stm32h7xx_it.o
                0x0800159c                UsageFault_Handler
 .text.SVC_Handler
                0x0800159e        0x2 ./Core/Src/stm32h7xx_it.o
                0x0800159e                SVC_Handler
 .text.DebugMon_Handler
                0x080015a0        0x2 ./Core/Src/stm32h7xx_it.o
                0x080015a0                DebugMon_Handler
 .text.PendSV_Handler
                0x080015a2        0x2 ./Core/Src/stm32h7xx_it.o
                0x080015a2                PendSV_Handler
 .text.SysTick_Handler
                0x080015a4        0x4 ./Core/Src/stm32h7xx_it.o
                0x080015a4                SysTick_Handler
 .text.FDCAN1_IT0_IRQHandler
                0x080015a8        0xc ./Core/Src/stm32h7xx_it.o
                0x080015a8                FDCAN1_IT0_IRQHandler
 .text.FDCAN2_IT0_IRQHandler
                0x080015b4        0xc ./Core/Src/stm32h7xx_it.o
                0x080015b4                FDCAN2_IT0_IRQHandler
 .text.TIM3_IRQHandler
                0x080015c0        0xc ./Core/Src/stm32h7xx_it.o
                0x080015c0                TIM3_IRQHandler
 .text.TIM4_IRQHandler
                0x080015cc        0xc ./Core/Src/stm32h7xx_it.o
                0x080015cc                TIM4_IRQHandler
 .text.USART2_IRQHandler
                0x080015d8        0xc ./Core/Src/stm32h7xx_it.o
                0x080015d8                USART2_IRQHandler
 .text.SystemInit
                0x080015e4       0xc8 ./Core/Src/system_stm32h7xx.o
                0x080015e4                SystemInit
 .text.Reset_Handler
                0x080016ac       0x50 ./Core/Startup/startup_stm32h743vihx.o
                0x080016ac                Reset_Handler
 .text.Default_Handler
                0x080016fc        0x2 ./Core/Startup/startup_stm32h743vihx.o
                0x080016fc                RTC_Alarm_IRQHandler
                0x080016fc                EXTI2_IRQHandler
                0x080016fc                TIM8_CC_IRQHandler
                0x080016fc                HRTIM1_Master_IRQHandler
                0x080016fc                UART8_IRQHandler
                0x080016fc                SPI4_IRQHandler
                0x080016fc                TIM1_CC_IRQHandler
                0x080016fc                BDMA_Channel6_IRQHandler
                0x080016fc                DMA2_Stream5_IRQHandler
                0x080016fc                HRTIM1_FLT_IRQHandler
                0x080016fc                JPEG_IRQHandler
                0x080016fc                DMA1_Stream5_IRQHandler
                0x080016fc                BDMA_Channel1_IRQHandler
                0x080016fc                HRTIM1_TIMD_IRQHandler
                0x080016fc                TAMP_STAMP_IRQHandler
                0x080016fc                EXTI3_IRQHandler
                0x080016fc                LPTIM4_IRQHandler
                0x080016fc                TIM8_TRG_COM_TIM14_IRQHandler
                0x080016fc                LPTIM2_IRQHandler
                0x080016fc                DFSDM1_FLT1_IRQHandler
                0x080016fc                DMAMUX2_OVR_IRQHandler
                0x080016fc                TIM8_UP_TIM13_IRQHandler
                0x080016fc                I2C3_ER_IRQHandler
                0x080016fc                DFSDM1_FLT2_IRQHandler
                0x080016fc                MDMA_IRQHandler
                0x080016fc                LPTIM3_IRQHandler
                0x080016fc                HSEM1_IRQHandler
                0x080016fc                EXTI0_IRQHandler
                0x080016fc                I2C2_EV_IRQHandler
                0x080016fc                DMA1_Stream2_IRQHandler
                0x080016fc                FPU_IRQHandler
                0x080016fc                OTG_HS_WKUP_IRQHandler
                0x080016fc                FDCAN1_IT1_IRQHandler
                0x080016fc                LTDC_ER_IRQHandler
                0x080016fc                DMA2_Stream2_IRQHandler
                0x080016fc                HRTIM1_TIME_IRQHandler
                0x080016fc                SPI1_IRQHandler
                0x080016fc                TIM6_DAC_IRQHandler
                0x080016fc                DCMI_IRQHandler
                0x080016fc                HRTIM1_TIMC_IRQHandler
                0x080016fc                DMA2_Stream3_IRQHandler
                0x080016fc                SAI2_IRQHandler
                0x080016fc                DFSDM1_FLT3_IRQHandler
                0x080016fc                USART6_IRQHandler
                0x080016fc                TIM17_IRQHandler
                0x080016fc                USART3_IRQHandler
                0x080016fc                BDMA_Channel7_IRQHandler
                0x080016fc                LPTIM5_IRQHandler
                0x080016fc                UART5_IRQHandler
                0x080016fc                ADC3_IRQHandler
                0x080016fc                DMA2_Stream0_IRQHandler
                0x080016fc                BDMA_Channel2_IRQHandler
                0x080016fc                QUADSPI_IRQHandler
                0x080016fc                I2C1_EV_IRQHandler
                0x080016fc                DMA1_Stream6_IRQHandler
                0x080016fc                DMAMUX1_OVR_IRQHandler
                0x080016fc                DMA1_Stream1_IRQHandler
                0x080016fc                TIM16_IRQHandler
                0x080016fc                UART4_IRQHandler
                0x080016fc                BDMA_Channel5_IRQHandler
                0x080016fc                RCC_IRQHandler
                0x080016fc                TIM8_BRK_TIM12_IRQHandler
                0x080016fc                TIM1_TRG_COM_IRQHandler
                0x080016fc                Default_Handler
                0x080016fc                ECC_IRQHandler
                0x080016fc                CEC_IRQHandler
                0x080016fc                EXTI15_10_IRQHandler
                0x080016fc                BDMA_Channel0_IRQHandler
                0x080016fc                ADC_IRQHandler
                0x080016fc                DMA1_Stream7_IRQHandler
                0x080016fc                HRTIM1_TIMA_IRQHandler
                0x080016fc                SPI5_IRQHandler
                0x080016fc                TIM7_IRQHandler
                0x080016fc                SDMMC1_IRQHandler
                0x080016fc                TIM5_IRQHandler
                0x080016fc                DMA2_Stream7_IRQHandler
                0x080016fc                TIM15_IRQHandler
                0x080016fc                PVD_AVD_IRQHandler
                0x080016fc                I2C3_EV_IRQHandler
                0x080016fc                EXTI9_5_IRQHandler
                0x080016fc                RTC_WKUP_IRQHandler
                0x080016fc                LTDC_IRQHandler
                0x080016fc                SAI3_IRQHandler
                0x080016fc                ETH_WKUP_IRQHandler
                0x080016fc                SPDIF_RX_IRQHandler
                0x080016fc                SPI2_IRQHandler
                0x080016fc                OTG_HS_EP1_IN_IRQHandler
                0x080016fc                DMA1_Stream0_IRQHandler
                0x080016fc                CRS_IRQHandler
                0x080016fc                EXTI4_IRQHandler
                0x080016fc                RNG_IRQHandler
                0x080016fc                HRTIM1_TIMB_IRQHandler
                0x080016fc                FDCAN2_IT1_IRQHandler
                0x080016fc                ETH_IRQHandler
                0x080016fc                TIM1_UP_IRQHandler
                0x080016fc                BDMA_Channel4_IRQHandler
                0x080016fc                OTG_HS_EP1_OUT_IRQHandler
                0x080016fc                WWDG_IRQHandler
                0x080016fc                SPI6_IRQHandler
                0x080016fc                MDIOS_IRQHandler
                0x080016fc                I2C4_EV_IRQHandler
                0x080016fc                LPUART1_IRQHandler
                0x080016fc                TIM2_IRQHandler
                0x080016fc                OTG_FS_WKUP_IRQHandler
                0x080016fc                OTG_HS_IRQHandler
                0x080016fc                DMA2D_IRQHandler
                0x080016fc                TIM1_BRK_IRQHandler
                0x080016fc                EXTI1_IRQHandler
                0x080016fc                SDMMC2_IRQHandler
                0x080016fc                OTG_FS_EP1_OUT_IRQHandler
                0x080016fc                BDMA_Channel3_IRQHandler
                0x080016fc                UART7_IRQHandler
                0x080016fc                MDIOS_WKUP_IRQHandler
                0x080016fc                DFSDM1_FLT0_IRQHandler
                0x080016fc                SAI4_IRQHandler
                0x080016fc                I2C2_ER_IRQHandler
                0x080016fc                DMA2_Stream1_IRQHandler
                0x080016fc                FLASH_IRQHandler
                0x080016fc                DMA2_Stream4_IRQHandler
                0x080016fc                USART1_IRQHandler
                0x080016fc                OTG_FS_IRQHandler
                0x080016fc                SPI3_IRQHandler
                0x080016fc                WAKEUP_PIN_IRQHandler
                0x080016fc                DMA1_Stream4_IRQHandler
                0x080016fc                OTG_FS_EP1_IN_IRQHandler
                0x080016fc                I2C1_ER_IRQHandler
                0x080016fc                FMC_IRQHandler
                0x080016fc                FDCAN_CAL_IRQHandler
                0x080016fc                SWPMI1_IRQHandler
                0x080016fc                COMP1_IRQHandler
                0x080016fc                LPTIM1_IRQHandler
                0x080016fc                I2C4_ER_IRQHandler
                0x080016fc                DMA2_Stream6_IRQHandler
                0x080016fc                SAI1_IRQHandler
                0x080016fc                DMA1_Stream3_IRQHandler
 *fill*         0x080016fe        0x2 
 .text.HAL_InitTick
                0x08001700       0x4c ./Drivers/STM32H7xx_HAL_Driver/Src/stm32h7xx_hal.o
                0x08001700                HAL_InitTick
 .text.HAL_Init
                0x0800174c       0x5c ./Drivers/STM32H7xx_HAL_Driver/Src/stm32h7xx_hal.o
                0x0800174c                HAL_Init
 .text.HAL_IncTick
                0x080017a8       0x18 ./Drivers/STM32H7xx_HAL_Driver/Src/stm32h7xx_hal.o
                0x080017a8                HAL_IncTick
 .text.HAL_GetTick
                0x080017c0        0xc ./Drivers/STM32H7xx_HAL_Driver/Src/stm32h7xx_hal.o
                0x080017c0                HAL_GetTick
 .text.HAL_Delay
                0x080017cc       0x24 ./Drivers/STM32H7xx_HAL_Driver/Src/stm32h7xx_hal.o
                0x080017cc                HAL_Delay
 .text.HAL_GetREVID
                0x080017f0        0xc ./Drivers/STM32H7xx_HAL_Driver/Src/stm32h7xx_hal.o
                0x080017f0                HAL_GetREVID
 .text.HAL_NVIC_SetPriorityGrouping
                0x080017fc       0x24 ./Drivers/STM32H7xx_HAL_Driver/Src/stm32h7xx_hal_cortex.o
                0x080017fc                HAL_NVIC_SetPriorityGrouping
 .text.HAL_NVIC_SetPriority
                0x08001820       0x64 ./Drivers/STM32H7xx_HAL_Driver/Src/stm32h7xx_hal_cortex.o
                0x08001820                HAL_NVIC_SetPriority
 .text.HAL_NVIC_EnableIRQ
                0x08001884       0x1c ./Drivers/STM32H7xx_HAL_Driver/Src/stm32h7xx_hal_cortex.o
                0x08001884                HAL_NVIC_EnableIRQ
 .text.HAL_SYSTICK_Config
                0x080018a0       0x28 ./Drivers/STM32H7xx_HAL_Driver/Src/stm32h7xx_hal_cortex.o
                0x080018a0                HAL_SYSTICK_Config
 .text.HAL_DMA_Abort_IT
                0x080018c8      0x120 ./Drivers/STM32H7xx_HAL_Driver/Src/stm32h7xx_hal_dma.o
                0x080018c8                HAL_DMA_Abort_IT
 .text.FDCAN_CopyMessageToRAM
                0x080019e8       0x7c ./Drivers/STM32H7xx_HAL_Driver/Src/stm32h7xx_hal_fdcan.o
 .text.HAL_FDCAN_Init
                0x08001a64      0x3d4 ./Drivers/STM32H7xx_HAL_Driver/Src/stm32h7xx_hal_fdcan.o
                0x08001a64                HAL_FDCAN_Init
 .text.HAL_FDCAN_ConfigFilter
                0x08001e38       0x78 ./Drivers/STM32H7xx_HAL_Driver/Src/stm32h7xx_hal_fdcan.o
                0x08001e38                HAL_FDCAN_ConfigFilter
 .text.HAL_FDCAN_ConfigGlobalFilter
                0x08001eb0       0x32 ./Drivers/STM32H7xx_HAL_Driver/Src/stm32h7xx_hal_fdcan.o
                0x08001eb0                HAL_FDCAN_ConfigGlobalFilter
 .text.HAL_FDCAN_Start
                0x08001ee2       0x32 ./Drivers/STM32H7xx_HAL_Driver/Src/stm32h7xx_hal_fdcan.o
                0x08001ee2                HAL_FDCAN_Start
 .text.HAL_FDCAN_AddMessageToTxFifoQ
                0x08001f14       0x64 ./Drivers/STM32H7xx_HAL_Driver/Src/stm32h7xx_hal_fdcan.o
                0x08001f14                HAL_FDCAN_AddMessageToTxFifoQ
 .text.HAL_FDCAN_GetRxMessage
                0x08001f78      0x164 ./Drivers/STM32H7xx_HAL_Driver/Src/stm32h7xx_hal_fdcan.o
                0x08001f78                HAL_FDCAN_GetRxMessage
 .text.HAL_FDCAN_GetProtocolStatus
                0x080020dc       0x4a ./Drivers/STM32H7xx_HAL_Driver/Src/stm32h7xx_hal_fdcan.o
                0x080020dc                HAL_FDCAN_GetProtocolStatus
 *fill*         0x08002126        0x2 
 .text.HAL_FDCAN_ActivateNotification
                0x08002128       0x7c ./Drivers/STM32H7xx_HAL_Driver/Src/stm32h7xx_hal_fdcan.o
                0x08002128                HAL_FDCAN_ActivateNotification
 .text.HAL_FDCAN_ClockCalibrationCallback
                0x080021a4        0x2 ./Drivers/STM32H7xx_HAL_Driver/Src/stm32h7xx_hal_fdcan.o
                0x080021a4                HAL_FDCAN_ClockCalibrationCallback
 .text.HAL_FDCAN_TxEventFifoCallback
                0x080021a6        0x2 ./Drivers/STM32H7xx_HAL_Driver/Src/stm32h7xx_hal_fdcan.o
                0x080021a6                HAL_FDCAN_TxEventFifoCallback
 .text.HAL_FDCAN_RxFifo1Callback
                0x080021a8        0x2 ./Drivers/STM32H7xx_HAL_Driver/Src/stm32h7xx_hal_fdcan.o
                0x080021a8                HAL_FDCAN_RxFifo1Callback
 .text.HAL_FDCAN_TxFifoEmptyCallback
                0x080021aa        0x2 ./Drivers/STM32H7xx_HAL_Driver/Src/stm32h7xx_hal_fdcan.o
                0x080021aa                HAL_FDCAN_TxFifoEmptyCallback
 .text.HAL_FDCAN_TxBufferCompleteCallback
                0x080021ac        0x2 ./Drivers/STM32H7xx_HAL_Driver/Src/stm32h7xx_hal_fdcan.o
                0x080021ac                HAL_FDCAN_TxBufferCompleteCallback
 .text.HAL_FDCAN_TxBufferAbortCallback
                0x080021ae        0x2 ./Drivers/STM32H7xx_HAL_Driver/Src/stm32h7xx_hal_fdcan.o
                0x080021ae                HAL_FDCAN_TxBufferAbortCallback
 .text.HAL_FDCAN_RxBufferNewMessageCallback
                0x080021b0        0x2 ./Drivers/STM32H7xx_HAL_Driver/Src/stm32h7xx_hal_fdcan.o
                0x080021b0                HAL_FDCAN_RxBufferNewMessageCallback
 .text.HAL_FDCAN_TimestampWraparoundCallback
                0x080021b2        0x2 ./Drivers/STM32H7xx_HAL_Driver/Src/stm32h7xx_hal_fdcan.o
                0x080021b2                HAL_FDCAN_TimestampWraparoundCallback
 .text.HAL_FDCAN_TimeoutOccurredCallback
                0x080021b4        0x2 ./Drivers/STM32H7xx_HAL_Driver/Src/stm32h7xx_hal_fdcan.o
                0x080021b4                HAL_FDCAN_TimeoutOccurredCallback
 .text.HAL_FDCAN_HighPriorityMessageCallback
                0x080021b6        0x2 ./Drivers/STM32H7xx_HAL_Driver/Src/stm32h7xx_hal_fdcan.o
                0x080021b6                HAL_FDCAN_HighPriorityMessageCallback
 .text.HAL_FDCAN_ErrorCallback
                0x080021b8        0x2 ./Drivers/STM32H7xx_HAL_Driver/Src/stm32h7xx_hal_fdcan.o
                0x080021b8                HAL_FDCAN_ErrorCallback
 .text.HAL_FDCAN_ErrorStatusCallback
                0x080021ba        0x2 ./Drivers/STM32H7xx_HAL_Driver/Src/stm32h7xx_hal_fdcan.o
                0x080021ba                HAL_FDCAN_ErrorStatusCallback
 .text.HAL_FDCAN_TT_ScheduleSyncCallback
                0x080021bc        0x2 ./Drivers/STM32H7xx_HAL_Driver/Src/stm32h7xx_hal_fdcan.o
                0x080021bc                HAL_FDCAN_TT_ScheduleSyncCallback
 .text.HAL_FDCAN_TT_TimeMarkCallback
                0x080021be        0x2 ./Drivers/STM32H7xx_HAL_Driver/Src/stm32h7xx_hal_fdcan.o
                0x080021be                HAL_FDCAN_TT_TimeMarkCallback
 .text.HAL_FDCAN_TT_StopWatchCallback
                0x080021c0        0x2 ./Drivers/STM32H7xx_HAL_Driver/Src/stm32h7xx_hal_fdcan.o
                0x080021c0                HAL_FDCAN_TT_StopWatchCallback
 .text.HAL_FDCAN_TT_GlobalTimeCallback
                0x080021c2        0x2 ./Drivers/STM32H7xx_HAL_Driver/Src/stm32h7xx_hal_fdcan.o
                0x080021c2                HAL_FDCAN_TT_GlobalTimeCallback
 .text.HAL_FDCAN_IRQHandler
                0x080021c4      0x2bc ./Drivers/STM32H7xx_HAL_Driver/Src/stm32h7xx_hal_fdcan.o
                0x080021c4                HAL_FDCAN_IRQHandler
 .text.HAL_GPIO_Init
                0x08002480      0x1c4 ./Drivers/STM32H7xx_HAL_Driver/Src/stm32h7xx_hal_gpio.o
                0x08002480                HAL_GPIO_Init
 .text.HAL_GPIO_ReadPin
                0x08002644        0xc ./Drivers/STM32H7xx_HAL_Driver/Src/stm32h7xx_hal_gpio.o
                0x08002644                HAL_GPIO_ReadPin
 .text.HAL_GPIO_WritePin
                0x08002650        0xa ./Drivers/STM32H7xx_HAL_Driver/Src/stm32h7xx_hal_gpio.o
                0x08002650                HAL_GPIO_WritePin
 .text.HAL_GPIO_TogglePin
                0x0800265a        0xe ./Drivers/STM32H7xx_HAL_Driver/Src/stm32h7xx_hal_gpio.o
                0x0800265a                HAL_GPIO_TogglePin
 .text.HAL_PWREx_ConfigSupply
                0x08002668       0x48 ./Drivers/STM32H7xx_HAL_Driver/Src/stm32h7xx_hal_pwr_ex.o
                0x08002668                HAL_PWREx_ConfigSupply
 .text.HAL_RCC_OscConfig
                0x080026b0      0x520 ./Drivers/STM32H7xx_HAL_Driver/Src/stm32h7xx_hal_rcc.o
                0x080026b0                HAL_RCC_OscConfig
 .text.HAL_RCC_GetSysClockFreq
                0x08002bd0      0x144 ./Drivers/STM32H7xx_HAL_Driver/Src/stm32h7xx_hal_rcc.o
                0x08002bd0                HAL_RCC_GetSysClockFreq
 .text.HAL_RCC_ClockConfig
                0x08002d14      0x24c ./Drivers/STM32H7xx_HAL_Driver/Src/stm32h7xx_hal_rcc.o
                0x08002d14                HAL_RCC_ClockConfig
 .text.HAL_RCC_GetHCLKFreq
                0x08002f60       0x44 ./Drivers/STM32H7xx_HAL_Driver/Src/stm32h7xx_hal_rcc.o
                0x08002f60                HAL_RCC_GetHCLKFreq
 .text.HAL_RCC_GetPCLK1Freq
                0x08002fa4       0x24 ./Drivers/STM32H7xx_HAL_Driver/Src/stm32h7xx_hal_rcc.o
                0x08002fa4                HAL_RCC_GetPCLK1Freq
 .text.HAL_RCC_GetPCLK2Freq
                0x08002fc8       0x24 ./Drivers/STM32H7xx_HAL_Driver/Src/stm32h7xx_hal_rcc.o
                0x08002fc8                HAL_RCC_GetPCLK2Freq
 .text.RCCEx_PLL2_Config
                0x08002fec       0xec ./Drivers/STM32H7xx_HAL_Driver/Src/stm32h7xx_hal_rcc_ex.o
 .text.RCCEx_PLL3_Config
                0x080030d8       0xec ./Drivers/STM32H7xx_HAL_Driver/Src/stm32h7xx_hal_rcc_ex.o
 .text.HAL_RCCEx_PeriphCLKConfig
                0x080031c4      0x8fc ./Drivers/STM32H7xx_HAL_Driver/Src/stm32h7xx_hal_rcc_ex.o
                0x080031c4                HAL_RCCEx_PeriphCLKConfig
 .text.HAL_RCCEx_GetD3PCLK1Freq
                0x08003ac0       0x24 ./Drivers/STM32H7xx_HAL_Driver/Src/stm32h7xx_hal_rcc_ex.o
                0x08003ac0                HAL_RCCEx_GetD3PCLK1Freq
 .text.HAL_RCCEx_GetPLL2ClockFreq
                0x08003ae4      0x154 ./Drivers/STM32H7xx_HAL_Driver/Src/stm32h7xx_hal_rcc_ex.o
                0x08003ae4                HAL_RCCEx_GetPLL2ClockFreq
 .text.HAL_RCCEx_GetPLL3ClockFreq
                0x08003c38      0x154 ./Drivers/STM32H7xx_HAL_Driver/Src/stm32h7xx_hal_rcc_ex.o
                0x08003c38                HAL_RCCEx_GetPLL3ClockFreq
 .text.HAL_SPI_Init
                0x08003d8c      0x114 ./Drivers/STM32H7xx_HAL_Driver/Src/stm32h7xx_hal_spi.o
                0x08003d8c                HAL_SPI_Init
 .text.HAL_TIM_Base_Start_IT
                0x08003ea0       0x40 ./Drivers/STM32H7xx_HAL_Driver/Src/stm32h7xx_hal_tim.o
                0x08003ea0                HAL_TIM_Base_Start_IT
 .text.HAL_TIM_OC_DelayElapsedCallback
                0x08003ee0        0x2 ./Drivers/STM32H7xx_HAL_Driver/Src/stm32h7xx_hal_tim.o
                0x08003ee0                HAL_TIM_OC_DelayElapsedCallback
 .text.HAL_TIM_IC_CaptureCallback
                0x08003ee2        0x2 ./Drivers/STM32H7xx_HAL_Driver/Src/stm32h7xx_hal_tim.o
                0x08003ee2                HAL_TIM_IC_CaptureCallback
 .text.HAL_TIM_PWM_PulseFinishedCallback
                0x08003ee4        0x2 ./Drivers/STM32H7xx_HAL_Driver/Src/stm32h7xx_hal_tim.o
                0x08003ee4                HAL_TIM_PWM_PulseFinishedCallback
 .text.HAL_TIM_TriggerCallback
                0x08003ee6        0x2 ./Drivers/STM32H7xx_HAL_Driver/Src/stm32h7xx_hal_tim.o
                0x08003ee6                HAL_TIM_TriggerCallback
 .text.HAL_TIM_IRQHandler
                0x08003ee8      0x160 ./Drivers/STM32H7xx_HAL_Driver/Src/stm32h7xx_hal_tim.o
                0x08003ee8                HAL_TIM_IRQHandler
 .text.TIM_Base_SetConfig
                0x08004048       0xa0 ./Drivers/STM32H7xx_HAL_Driver/Src/stm32h7xx_hal_tim.o
                0x08004048                TIM_Base_SetConfig
 .text.HAL_TIM_Base_Init
                0x080040e8       0x60 ./Drivers/STM32H7xx_HAL_Driver/Src/stm32h7xx_hal_tim.o
                0x080040e8                HAL_TIM_Base_Init
 .text.TIM_ETR_SetConfig
                0x08004148       0x14 ./Drivers/STM32H7xx_HAL_Driver/Src/stm32h7xx_hal_tim.o
                0x08004148                TIM_ETR_SetConfig
 .text.HAL_TIM_ConfigClockSource
                0x0800415c      0x15c ./Drivers/STM32H7xx_HAL_Driver/Src/stm32h7xx_hal_tim.o
                0x0800415c                HAL_TIM_ConfigClockSource
 .text.HAL_TIMEx_MasterConfigSynchronization
                0x080042b8       0x8c ./Drivers/STM32H7xx_HAL_Driver/Src/stm32h7xx_hal_tim_ex.o
                0x080042b8                HAL_TIMEx_MasterConfigSynchronization
 .text.HAL_TIMEx_CommutCallback
                0x08004344        0x2 ./Drivers/STM32H7xx_HAL_Driver/Src/stm32h7xx_hal_tim_ex.o
                0x08004344                HAL_TIMEx_CommutCallback
 .text.HAL_TIMEx_BreakCallback
                0x08004346        0x2 ./Drivers/STM32H7xx_HAL_Driver/Src/stm32h7xx_hal_tim_ex.o
                0x08004346                HAL_TIMEx_BreakCallback
 .text.HAL_TIMEx_Break2Callback
                0x08004348        0x2 ./Drivers/STM32H7xx_HAL_Driver/Src/stm32h7xx_hal_tim_ex.o
                0x08004348                HAL_TIMEx_Break2Callback
 .text.UART_EndRxTransfer
                0x0800434a       0x22 ./Drivers/STM32H7xx_HAL_Driver/Src/stm32h7xx_hal_uart.o
 .text.HAL_UART_Receive_IT
                0x0800436c       0xf0 ./Drivers/STM32H7xx_HAL_Driver/Src/stm32h7xx_hal_uart.o
                0x0800436c                HAL_UART_Receive_IT
 .text.HAL_UART_TxCpltCallback
                0x0800445c        0x2 ./Drivers/STM32H7xx_HAL_Driver/Src/stm32h7xx_hal_uart.o
                0x0800445c                HAL_UART_TxCpltCallback
 .text.UART_RxISR_8BIT
                0x0800445e       0x5c ./Drivers/STM32H7xx_HAL_Driver/Src/stm32h7xx_hal_uart.o
 .text.UART_RxISR_16BIT
                0x080044ba       0x58 ./Drivers/STM32H7xx_HAL_Driver/Src/stm32h7xx_hal_uart.o
 *fill*         0x08004512        0x2 
 .text.UART_RxISR_8BIT_FIFOEN
                0x08004514       0xa4 ./Drivers/STM32H7xx_HAL_Driver/Src/stm32h7xx_hal_uart.o
 .text.UART_RxISR_16BIT_FIFOEN
                0x080045b8       0xa0 ./Drivers/STM32H7xx_HAL_Driver/Src/stm32h7xx_hal_uart.o
 .text.HAL_UART_ErrorCallback
                0x08004658        0x2 ./Drivers/STM32H7xx_HAL_Driver/Src/stm32h7xx_hal_uart.o
                0x08004658                HAL_UART_ErrorCallback
 *fill*         0x0800465a        0x2 
 .text.HAL_UART_IRQHandler
                0x0800465c      0x1b4 ./Drivers/STM32H7xx_HAL_Driver/Src/stm32h7xx_hal_uart.o
                0x0800465c                HAL_UART_IRQHandler
 .text.UART_DMAAbortOnError
                0x08004810       0x14 ./Drivers/STM32H7xx_HAL_Driver/Src/stm32h7xx_hal_uart.o
 .text.UART_SetConfig
                0x08004824      0x310 ./Drivers/STM32H7xx_HAL_Driver/Src/stm32h7xx_hal_uart.o
                0x08004824                UART_SetConfig
 .text.UART_AdvFeatureConfig
                0x08004b34       0xaa ./Drivers/STM32H7xx_HAL_Driver/Src/stm32h7xx_hal_uart.o
                0x08004b34                UART_AdvFeatureConfig
 .text.UART_WaitOnFlagUntilTimeout
                0x08004bde       0x96 ./Drivers/STM32H7xx_HAL_Driver/Src/stm32h7xx_hal_uart.o
                0x08004bde                UART_WaitOnFlagUntilTimeout
 .text.HAL_UART_Transmit
                0x08004c74       0xb8 ./Drivers/STM32H7xx_HAL_Driver/Src/stm32h7xx_hal_uart.o
                0x08004c74                HAL_UART_Transmit
 .text.UART_CheckIdleState
                0x08004d2c       0x66 ./Drivers/STM32H7xx_HAL_Driver/Src/stm32h7xx_hal_uart.o
                0x08004d2c                UART_CheckIdleState
 .text.HAL_UART_Init
                0x08004d92       0x60 ./Drivers/STM32H7xx_HAL_Driver/Src/stm32h7xx_hal_uart.o
                0x08004d92                HAL_UART_Init
 *fill*         0x08004df2        0x2 
 .text.UARTEx_SetNbDataToProcess
                0x08004df4       0x6c ./Drivers/STM32H7xx_HAL_Driver/Src/stm32h7xx_hal_uart_ex.o
 .text.HAL_RS485Ex_Init
                0x08004e60       0x7a ./Drivers/STM32H7xx_HAL_Driver/Src/stm32h7xx_hal_uart_ex.o
                0x08004e60                HAL_RS485Ex_Init
 .text.HAL_UARTEx_WakeupCallback
                0x08004eda        0x2 ./Drivers/STM32H7xx_HAL_Driver/Src/stm32h7xx_hal_uart_ex.o
                0x08004eda                HAL_UARTEx_WakeupCallback
 .text.HAL_UARTEx_RxFifoFullCallback
                0x08004edc        0x2 ./Drivers/STM32H7xx_HAL_Driver/Src/stm32h7xx_hal_uart_ex.o
                0x08004edc                HAL_UARTEx_RxFifoFullCallback
 .text.HAL_UARTEx_TxFifoEmptyCallback
                0x08004ede        0x2 ./Drivers/STM32H7xx_HAL_Driver/Src/stm32h7xx_hal_uart_ex.o
                0x08004ede                HAL_UARTEx_TxFifoEmptyCallback
 .text.HAL_UARTEx_DisableFifoMode
                0x08004ee0       0x36 ./Drivers/STM32H7xx_HAL_Driver/Src/stm32h7xx_hal_uart_ex.o
                0x08004ee0                HAL_UARTEx_DisableFifoMode
 .text.HAL_UARTEx_SetTxFifoThreshold
                0x08004f16       0x40 ./Drivers/STM32H7xx_HAL_Driver/Src/stm32h7xx_hal_uart_ex.o
                0x08004f16                HAL_UARTEx_SetTxFifoThreshold
 .text.HAL_UARTEx_SetRxFifoThreshold
                0x08004f56       0x40 ./Drivers/STM32H7xx_HAL_Driver/Src/stm32h7xx_hal_uart_ex.o
                0x08004f56                HAL_UARTEx_SetRxFifoThreshold
 .text.memset   0x08004f96       0x10 E:/CUBIDE/STM32CubeIDE_1.19.0/STM32CubeIDE/plugins/com.st.stm32cube.ide.mcu.externaltools.gnu-tools-for-stm32.13.3.rel1.win32_1.0.0.202411081344/tools/bin/../lib/gcc/arm-none-eabi/13.3.1/../../../../arm-none-eabi/lib/thumb/v7e-m+dp/hard\libc_nano.a(libc_a-memset.o)
                0x08004f96                memset
 *fill*         0x08004fa6        0x2 
 .text.__libc_init_array
                0x08004fa8       0x48 E:/CUBIDE/STM32CubeIDE_1.19.0/STM32CubeIDE/plugins/com.st.stm32cube.ide.mcu.externaltools.gnu-tools-for-stm32.13.3.rel1.win32_1.0.0.202411081344/tools/bin/../lib/gcc/arm-none-eabi/13.3.1/../../../../arm-none-eabi/lib/thumb/v7e-m+dp/hard\libc_nano.a(libc_a-init.o)
                0x08004fa8                __libc_init_array
 .text.memcpy   0x08004ff0       0x1c E:/CUBIDE/STM32CubeIDE_1.19.0/STM32CubeIDE/plugins/com.st.stm32cube.ide.mcu.externaltools.gnu-tools-for-stm32.13.3.rel1.win32_1.0.0.202411081344/tools/bin/../lib/gcc/arm-none-eabi/13.3.1/../../../../arm-none-eabi/lib/thumb/v7e-m+dp/hard\libc_nano.a(libc_a-memcpy-stub.o)
                0x08004ff0                memcpy
 *(.glue_7)
 .glue_7        0x0800500c        0x0 linker stubs
 *(.glue_7t)
 .glue_7t       0x0800500c        0x0 linker stubs
 *(.eh_frame)
 .eh_frame      0x0800500c        0x0 E:/CUBIDE/STM32CubeIDE_1.19.0/STM32CubeIDE/plugins/com.st.stm32cube.ide.mcu.externaltools.gnu-tools-for-stm32.13.3.rel1.win32_1.0.0.202411081344/tools/bin/../lib/gcc/arm-none-eabi/13.3.1/thumb/v7e-m+dp/hard/crtbegin.o
 *(.init)
 .init          0x0800500c        0x4 E:/CUBIDE/STM32CubeIDE_1.19.0/STM32CubeIDE/plugins/com.st.stm32cube.ide.mcu.externaltools.gnu-tools-for-stm32.13.3.rel1.win32_1.0.0.202411081344/tools/bin/../lib/gcc/arm-none-eabi/13.3.1/thumb/v7e-m+dp/hard/crti.o
                0x0800500c                _init
 .init          0x08005010        0x8 E:/CUBIDE/STM32CubeIDE_1.19.0/STM32CubeIDE/plugins/com.st.stm32cube.ide.mcu.externaltools.gnu-tools-for-stm32.13.3.rel1.win32_1.0.0.202411081344/tools/bin/../lib/gcc/arm-none-eabi/13.3.1/thumb/v7e-m+dp/hard/crtn.o
 *(.fini)
 .fini          0x08005018        0x4 E:/CUBIDE/STM32CubeIDE_1.19.0/STM32CubeIDE/plugins/com.st.stm32cube.ide.mcu.externaltools.gnu-tools-for-stm32.13.3.rel1.win32_1.0.0.202411081344/tools/bin/../lib/gcc/arm-none-eabi/13.3.1/thumb/v7e-m+dp/hard/crti.o
                0x08005018                _fini
 .fini          0x0800501c        0x8 E:/CUBIDE/STM32CubeIDE_1.19.0/STM32CubeIDE/plugins/com.st.stm32cube.ide.mcu.externaltools.gnu-tools-for-stm32.13.3.rel1.win32_1.0.0.202411081344/tools/bin/../lib/gcc/arm-none-eabi/13.3.1/thumb/v7e-m+dp/hard/crtn.o
                0x08005024                        . = ALIGN (0x4)
                0x08005024                        _etext = .

.vfp11_veneer   0x08005024        0x0
 .vfp11_veneer  0x08005024        0x0 linker stubs

.v4_bx          0x08005024        0x0
 .v4_bx         0x08005024        0x0 linker stubs

.iplt           0x08005024        0x0
 .iplt          0x08005024        0x0 E:/CUBIDE/STM32CubeIDE_1.19.0/STM32CubeIDE/plugins/com.st.stm32cube.ide.mcu.externaltools.gnu-tools-for-stm32.13.3.rel1.win32_1.0.0.202411081344/tools/bin/../lib/gcc/arm-none-eabi/13.3.1/thumb/v7e-m+dp/hard/crtbegin.o

.rodata         0x08005024       0x98
                0x08005024                        . = ALIGN (0x4)
 *(.rodata)
 .rodata        0x08005024       0x4c ./Drivers/STM32H7xx_HAL_Driver/Src/stm32h7xx_hal_fdcan.o
 .rodata        0x08005070        0x8 ./Drivers/STM32H7xx_HAL_Driver/Src/stm32h7xx_hal_uart_ex.o
 *(.rodata*)
 .rodata.D1CorePrescTable
                0x08005078       0x10 ./Core/Src/system_stm32h7xx.o
                0x08005078                D1CorePrescTable
 .rodata.DLCtoBytes
                0x08005088       0x10 ./Drivers/STM32H7xx_HAL_Driver/Src/stm32h7xx_hal_fdcan.o
 .rodata.UARTPrescTable
                0x08005098       0x18 ./Drivers/STM32H7xx_HAL_Driver/Src/stm32h7xx_hal_uart.o
                0x08005098                UARTPrescTable
 .rodata.UARTEx_SetNbDataToProcess.str1.1
                0x080050b0        0x9 ./Drivers/STM32H7xx_HAL_Driver/Src/stm32h7xx_hal_uart_ex.o
                0x080050bc                        . = ALIGN (0x4)
 *fill*         0x080050b9        0x3 

.ARM.extab      0x080050bc        0x0
                0x080050bc                        . = ALIGN (0x4)
 *(.ARM.extab* .gnu.linkonce.armextab.*)
                0x080050bc                        . = ALIGN (0x4)

.ARM            0x080050bc        0x8
                0x080050bc                        . = ALIGN (0x4)
                0x080050bc                        __exidx_start = .
 *(.ARM.exidx*)
 .ARM.exidx     0x080050bc        0x8 E:/CUBIDE/STM32CubeIDE_1.19.0/STM32CubeIDE/plugins/com.st.stm32cube.ide.mcu.externaltools.gnu-tools-for-stm32.13.3.rel1.win32_1.0.0.202411081344/tools/bin/../lib/gcc/arm-none-eabi/13.3.1/thumb/v7e-m+dp/hard\libgcc.a(_udivmoddi4.o)
                0x080050c4                        __exidx_end = .
                0x080050c4                        . = ALIGN (0x4)

.rel.dyn        0x080050c4        0x0
 .rel.iplt      0x080050c4        0x0 E:/CUBIDE/STM32CubeIDE_1.19.0/STM32CubeIDE/plugins/com.st.stm32cube.ide.mcu.externaltools.gnu-tools-for-stm32.13.3.rel1.win32_1.0.0.202411081344/tools/bin/../lib/gcc/arm-none-eabi/13.3.1/thumb/v7e-m+dp/hard/crtbegin.o

.preinit_array  0x080050c4        0x0
                0x080050c4                        . = ALIGN (0x4)
                0x080050c4                        PROVIDE (__preinit_array_start = .)
 *(.preinit_array*)
                0x080050c4                        PROVIDE (__preinit_array_end = .)
                0x080050c4                        . = ALIGN (0x4)

.init_array     0x080050c4        0x4
                0x080050c4                        . = ALIGN (0x4)
                0x080050c4                        PROVIDE (__init_array_start = .)
 *(SORT_BY_NAME(.init_array.*))
 *(.init_array*)
 .init_array    0x080050c4        0x4 E:/CUBIDE/STM32CubeIDE_1.19.0/STM32CubeIDE/plugins/com.st.stm32cube.ide.mcu.externaltools.gnu-tools-for-stm32.13.3.rel1.win32_1.0.0.202411081344/tools/bin/../lib/gcc/arm-none-eabi/13.3.1/thumb/v7e-m+dp/hard/crtbegin.o
                0x080050c8                        PROVIDE (__init_array_end = .)
                0x080050c8                        . = ALIGN (0x4)

.fini_array     0x080050c8        0x4
                0x080050c8                        . = ALIGN (0x4)
                [!provide]                        PROVIDE (__fini_array_start = .)
 *(SORT_BY_NAME(.fini_array.*))
 *(.fini_array*)
 .fini_array    0x080050c8        0x4 E:/CUBIDE/STM32CubeIDE_1.19.0/STM32CubeIDE/plugins/com.st.stm32cube.ide.mcu.externaltools.gnu-tools-for-stm32.13.3.rel1.win32_1.0.0.202411081344/tools/bin/../lib/gcc/arm-none-eabi/13.3.1/thumb/v7e-m+dp/hard/crtbegin.o
                [!provide]                        PROVIDE (__fini_array_end = .)
                0x080050cc                        . = ALIGN (0x4)
                0x080050cc                        _sidata = LOADADDR (.data)

.data           0x24000000       0x18 load address 0x080050cc
                0x24000000                        . = ALIGN (0x4)
                0x24000000                        _sdata = .
 *(.data)
 *(.data*)
 .data.special_buf
                0x24000000        0x2 ./Core/Src/main.o
                0x24000000                special_buf
 .data.end_buf  0x24000002        0x2 ./Core/Src/main.o
                0x24000002                end_buf
 .data.head_buf
                0x24000004        0x2 ./Core/Src/main.o
                0x24000004                head_buf
 .data.state    0x24000006        0x1 ./Core/Src/main.o
                0x24000006                state
 *fill*         0x24000007        0x1 
 .data.SystemD2Clock
                0x24000008        0x4 ./Core/Src/system_stm32h7xx.o
                0x24000008                SystemD2Clock
 .data.SystemCoreClock
                0x2400000c        0x4 ./Core/Src/system_stm32h7xx.o
                0x2400000c                SystemCoreClock
 .data.uwTickFreq
                0x24000010        0x1 ./Drivers/STM32H7xx_HAL_Driver/Src/stm32h7xx_hal.o
                0x24000010                uwTickFreq
 *fill*         0x24000011        0x3 
 .data.uwTickPrio
                0x24000014        0x4 ./Drivers/STM32H7xx_HAL_Driver/Src/stm32h7xx_hal.o
                0x24000014                uwTickPrio
                0x24000018                        . = ALIGN (0x4)
                0x24000018                        _edata = .

.igot.plt       0x24000018        0x0 load address 0x080050e4
 .igot.plt      0x24000018        0x0 E:/CUBIDE/STM32CubeIDE_1.19.0/STM32CubeIDE/plugins/com.st.stm32cube.ide.mcu.externaltools.gnu-tools-for-stm32.13.3.rel1.win32_1.0.0.202411081344/tools/bin/../lib/gcc/arm-none-eabi/13.3.1/thumb/v7e-m+dp/hard/crtbegin.o
                0x24000018                        . = ALIGN (0x4)

.bss            0x24000018      0x544 load address 0x080050e4
                0x24000018                        _sbss = .
                0x24000018                        __bss_start__ = _sbss
 *(.bss)
 .bss           0x24000018       0x1c E:/CUBIDE/STM32CubeIDE_1.19.0/STM32CubeIDE/plugins/com.st.stm32cube.ide.mcu.externaltools.gnu-tools-for-stm32.13.3.rel1.win32_1.0.0.202411081344/tools/bin/../lib/gcc/arm-none-eabi/13.3.1/thumb/v7e-m+dp/hard/crtbegin.o
 *(.bss*)
 .bss.press.0   0x24000034        0x1 ./Core/Src/main.o
 *fill*         0x24000035        0x3 
 .bss.tim3cnt_redLed
                0x24000038        0x4 ./Core/Src/main.o
                0x24000038                tim3cnt_redLed
 .bss.tim3cnt_greenLed
                0x2400003c        0x4 ./Core/Src/main.o
                0x2400003c                tim3cnt_greenLed
 .bss.tim3cnt   0x24000040        0x4 ./Core/Src/main.o
                0x24000040                tim3cnt
 .bss.flag80    0x24000044        0x1 ./Core/Src/main.o
                0x24000044                flag80
 .bss.redLed_twinkle
                0x24000045        0x1 ./Core/Src/main.o
                0x24000045                redLed_twinkle
 .bss.greenLed_twinkle
                0x24000046        0x1 ./Core/Src/main.o
                0x24000046                greenLed_twinkle
 .bss.control_buf
                0x24000047        0x1 ./Core/Src/main.o
                0x24000047                control_buf
 .bss.long_click_flag
                0x24000048        0x1 ./Core/Src/main.o
                0x24000048                long_click_flag
 .bss.double_click_flag
                0x24000049        0x1 ./Core/Src/main.o
                0x24000049                double_click_flag
 .bss.single_click_flag
                0x2400004a        0x1 ./Core/Src/main.o
                0x2400004a                single_click_flag
 *fill*         0x2400004b        0x1 
 .bss.skey      0x2400004c        0xc ./Core/Src/main.o
                0x2400004c                skey
 .bss.RxData2   0x24000058        0x8 ./Core/Src/main.o
                0x24000058                RxData2
 .bss.RxHeader2
                0x24000060       0x28 ./Core/Src/main.o
                0x24000060                RxHeader2
 .bss.TxHeader2
                0x24000088       0x24 ./Core/Src/main.o
                0x24000088                TxHeader2
 .bss.rx2Cnt    0x240000ac        0x1 ./Core/Src/main.o
                0x240000ac                rx2Cnt
 .bss.U2RxBuff  0x240000ad       0x14 ./Core/Src/main.o
                0x240000ad                U2RxBuff
 .bss.U2RX      0x240000c1        0x1 ./Core/Src/main.o
                0x240000c1                U2RX
 *fill*         0x240000c2        0x2 
 .bss.huart2    0x240000c4       0x8c ./Core/Src/main.o
                0x240000c4                huart2
 .bss.huart1    0x24000150       0x8c ./Core/Src/main.o
                0x24000150                huart1
 .bss.huart5    0x240001dc       0x8c ./Core/Src/main.o
                0x240001dc                huart5
 .bss.huart4    0x24000268       0x8c ./Core/Src/main.o
                0x24000268                huart4
 .bss.htim4     0x240002f4       0x4c ./Core/Src/main.o
                0x240002f4                htim4
 .bss.htim3     0x24000340       0x4c ./Core/Src/main.o
                0x24000340                htim3
 .bss.hspi4     0x2400038c       0x88 ./Core/Src/main.o
                0x2400038c                hspi4
 .bss.hfdcan2   0x24000414       0xa0 ./Core/Src/main.o
                0x24000414                hfdcan2
 .bss.hfdcan1   0x240004b4       0xa0 ./Core/Src/main.o
                0x240004b4                hfdcan1
 .bss.HAL_RCC_FDCAN_CLK_ENABLED
                0x24000554        0x4 ./Core/Src/stm32h7xx_hal_msp.o
 .bss.uwTick    0x24000558        0x4 ./Drivers/STM32H7xx_HAL_Driver/Src/stm32h7xx_hal.o
                0x24000558                uwTick
 *(COMMON)
                0x2400055c                        . = ALIGN (0x4)
                0x2400055c                        _ebss = .
                0x2400055c                        __bss_end__ = _ebss

._user_heap_stack
                0x2400055c      0x604 load address 0x080050e4
                0x24000560                        . = ALIGN (0x8)
 *fill*         0x2400055c        0x4 
                [!provide]                        PROVIDE (end = .)
                0x24000560                        PROVIDE (_end = .)
                0x24000760                        . = (. + _Min_Heap_Size)
 *fill*         0x24000560      0x200 
                0x24000b60                        . = (. + _Min_Stack_Size)
 *fill*         0x24000760      0x400 
                0x24000b60                        . = ALIGN (0x8)

/DISCARD/
 libc.a(*)
 libm.a(*)
 libgcc.a(*)

.ARM.attributes
                0x00000000       0x2e
 *(.ARM.attributes)
 .ARM.attributes
                0x00000000       0x20 E:/CUBIDE/STM32CubeIDE_1.19.0/STM32CubeIDE/plugins/com.st.stm32cube.ide.mcu.externaltools.gnu-tools-for-stm32.13.3.rel1.win32_1.0.0.202411081344/tools/bin/../lib/gcc/arm-none-eabi/13.3.1/thumb/v7e-m+dp/hard/crti.o
 .ARM.attributes
                0x00000020       0x32 E:/CUBIDE/STM32CubeIDE_1.19.0/STM32CubeIDE/plugins/com.st.stm32cube.ide.mcu.externaltools.gnu-tools-for-stm32.13.3.rel1.win32_1.0.0.202411081344/tools/bin/../lib/gcc/arm-none-eabi/13.3.1/thumb/v7e-m+dp/hard/crtbegin.o
 .ARM.attributes
                0x00000052       0x32 ./Core/Src/main.o
 .ARM.attributes
                0x00000084       0x32 ./Core/Src/stm32h7xx_hal_msp.o
 .ARM.attributes
                0x000000b6       0x32 ./Core/Src/stm32h7xx_it.o
 .ARM.attributes
                0x000000e8       0x32 ./Core/Src/system_stm32h7xx.o
 .ARM.attributes
                0x0000011a       0x21 ./Core/Startup/startup_stm32h743vihx.o
 .ARM.attributes
                0x0000013b       0x32 ./Drivers/STM32H7xx_HAL_Driver/Src/stm32h7xx_hal.o
 .ARM.attributes
                0x0000016d       0x32 ./Drivers/STM32H7xx_HAL_Driver/Src/stm32h7xx_hal_cortex.o
 .ARM.attributes
                0x0000019f       0x32 ./Drivers/STM32H7xx_HAL_Driver/Src/stm32h7xx_hal_dma.o
 .ARM.attributes
                0x000001d1       0x32 ./Drivers/STM32H7xx_HAL_Driver/Src/stm32h7xx_hal_fdcan.o
 .ARM.attributes
                0x00000203       0x32 ./Drivers/STM32H7xx_HAL_Driver/Src/stm32h7xx_hal_gpio.o
 .ARM.attributes
                0x00000235       0x32 ./Drivers/STM32H7xx_HAL_Driver/Src/stm32h7xx_hal_pwr_ex.o
 .ARM.attributes
                0x00000267       0x32 ./Drivers/STM32H7xx_HAL_Driver/Src/stm32h7xx_hal_rcc.o
 .ARM.attributes
                0x00000299       0x32 ./Drivers/STM32H7xx_HAL_Driver/Src/stm32h7xx_hal_rcc_ex.o
 .ARM.attributes
                0x000002cb       0x32 ./Drivers/STM32H7xx_HAL_Driver/Src/stm32h7xx_hal_spi.o
 .ARM.attributes
                0x000002fd       0x32 ./Drivers/STM32H7xx_HAL_Driver/Src/stm32h7xx_hal_tim.o
 .ARM.attributes
                0x0000032f       0x32 ./Drivers/STM32H7xx_HAL_Driver/Src/stm32h7xx_hal_tim_ex.o
 .ARM.attributes
                0x00000361       0x32 ./Drivers/STM32H7xx_HAL_Driver/Src/stm32h7xx_hal_uart.o
 .ARM.attributes
                0x00000393       0x32 ./Drivers/STM32H7xx_HAL_Driver/Src/stm32h7xx_hal_uart_ex.o
 .ARM.attributes
                0x000003c5       0x32 E:/CUBIDE/STM32CubeIDE_1.19.0/STM32CubeIDE/plugins/com.st.stm32cube.ide.mcu.externaltools.gnu-tools-for-stm32.13.3.rel1.win32_1.0.0.202411081344/tools/bin/../lib/gcc/arm-none-eabi/13.3.1/../../../../arm-none-eabi/lib/thumb/v7e-m+dp/hard\libc_nano.a(libc_a-memset.o)
 .ARM.attributes
                0x000003f7       0x32 E:/CUBIDE/STM32CubeIDE_1.19.0/STM32CubeIDE/plugins/com.st.stm32cube.ide.mcu.externaltools.gnu-tools-for-stm32.13.3.rel1.win32_1.0.0.202411081344/tools/bin/../lib/gcc/arm-none-eabi/13.3.1/../../../../arm-none-eabi/lib/thumb/v7e-m+dp/hard\libc_nano.a(libc_a-init.o)
 .ARM.attributes
                0x00000429       0x32 E:/CUBIDE/STM32CubeIDE_1.19.0/STM32CubeIDE/plugins/com.st.stm32cube.ide.mcu.externaltools.gnu-tools-for-stm32.13.3.rel1.win32_1.0.0.202411081344/tools/bin/../lib/gcc/arm-none-eabi/13.3.1/../../../../arm-none-eabi/lib/thumb/v7e-m+dp/hard\libc_nano.a(libc_a-memcpy-stub.o)
 .ARM.attributes
                0x0000045b       0x20 E:/CUBIDE/STM32CubeIDE_1.19.0/STM32CubeIDE/plugins/com.st.stm32cube.ide.mcu.externaltools.gnu-tools-for-stm32.13.3.rel1.win32_1.0.0.202411081344/tools/bin/../lib/gcc/arm-none-eabi/13.3.1/thumb/v7e-m+dp/hard\libgcc.a(_aeabi_uldivmod.o)
 .ARM.attributes
                0x0000047b       0x32 E:/CUBIDE/STM32CubeIDE_1.19.0/STM32CubeIDE/plugins/com.st.stm32cube.ide.mcu.externaltools.gnu-tools-for-stm32.13.3.rel1.win32_1.0.0.202411081344/tools/bin/../lib/gcc/arm-none-eabi/13.3.1/thumb/v7e-m+dp/hard\libgcc.a(_udivmoddi4.o)
 .ARM.attributes
                0x000004ad       0x20 E:/CUBIDE/STM32CubeIDE_1.19.0/STM32CubeIDE/plugins/com.st.stm32cube.ide.mcu.externaltools.gnu-tools-for-stm32.13.3.rel1.win32_1.0.0.202411081344/tools/bin/../lib/gcc/arm-none-eabi/13.3.1/thumb/v7e-m+dp/hard\libgcc.a(_dvmd_tls.o)
 .ARM.attributes
                0x000004cd       0x20 E:/CUBIDE/STM32CubeIDE_1.19.0/STM32CubeIDE/plugins/com.st.stm32cube.ide.mcu.externaltools.gnu-tools-for-stm32.13.3.rel1.win32_1.0.0.202411081344/tools/bin/../lib/gcc/arm-none-eabi/13.3.1/thumb/v7e-m+dp/hard/crtn.o
OUTPUT(ada_main3.0.elf elf32-littlearm)
LOAD linker stubs
LOAD E:/CUBIDE/STM32CubeIDE_1.19.0/STM32CubeIDE/plugins/com.st.stm32cube.ide.mcu.externaltools.gnu-tools-for-stm32.13.3.rel1.win32_1.0.0.202411081344/tools/bin/../lib/gcc/arm-none-eabi/13.3.1/../../../../arm-none-eabi/lib/thumb/v7e-m+dp/hard\libc.a
LOAD E:/CUBIDE/STM32CubeIDE_1.19.0/STM32CubeIDE/plugins/com.st.stm32cube.ide.mcu.externaltools.gnu-tools-for-stm32.13.3.rel1.win32_1.0.0.202411081344/tools/bin/../lib/gcc/arm-none-eabi/13.3.1/../../../../arm-none-eabi/lib/thumb/v7e-m+dp/hard\libm.a
LOAD E:/CUBIDE/STM32CubeIDE_1.19.0/STM32CubeIDE/plugins/com.st.stm32cube.ide.mcu.externaltools.gnu-tools-for-stm32.13.3.rel1.win32_1.0.0.202411081344/tools/bin/../lib/gcc/arm-none-eabi/13.3.1/thumb/v7e-m+dp/hard\libgcc.a

.comment        0x00000000       0x43
 .comment       0x00000000       0x43 ./Core/Src/main.o
                                 0x44 (size before relaxing)
 .comment       0x00000043       0x44 ./Core/Src/stm32h7xx_hal_msp.o
 .comment       0x00000043       0x44 ./Core/Src/stm32h7xx_it.o
 .comment       0x00000043       0x44 ./Core/Src/system_stm32h7xx.o
 .comment       0x00000043       0x44 ./Drivers/STM32H7xx_HAL_Driver/Src/stm32h7xx_hal.o
 .comment       0x00000043       0x44 ./Drivers/STM32H7xx_HAL_Driver/Src/stm32h7xx_hal_cortex.o
 .comment       0x00000043       0x44 ./Drivers/STM32H7xx_HAL_Driver/Src/stm32h7xx_hal_dma.o
 .comment       0x00000043       0x44 ./Drivers/STM32H7xx_HAL_Driver/Src/stm32h7xx_hal_fdcan.o
 .comment       0x00000043       0x44 ./Drivers/STM32H7xx_HAL_Driver/Src/stm32h7xx_hal_gpio.o
 .comment       0x00000043       0x44 ./Drivers/STM32H7xx_HAL_Driver/Src/stm32h7xx_hal_pwr_ex.o
 .comment       0x00000043       0x44 ./Drivers/STM32H7xx_HAL_Driver/Src/stm32h7xx_hal_rcc.o
 .comment       0x00000043       0x44 ./Drivers/STM32H7xx_HAL_Driver/Src/stm32h7xx_hal_rcc_ex.o
 .comment       0x00000043       0x44 ./Drivers/STM32H7xx_HAL_Driver/Src/stm32h7xx_hal_spi.o
 .comment       0x00000043       0x44 ./Drivers/STM32H7xx_HAL_Driver/Src/stm32h7xx_hal_tim.o
 .comment       0x00000043       0x44 ./Drivers/STM32H7xx_HAL_Driver/Src/stm32h7xx_hal_tim_ex.o
 .comment       0x00000043       0x44 ./Drivers/STM32H7xx_HAL_Driver/Src/stm32h7xx_hal_uart.o
 .comment       0x00000043       0x44 ./Drivers/STM32H7xx_HAL_Driver/Src/stm32h7xx_hal_uart_ex.o

.debug_frame    0x00000000       0xd4
 .debug_frame   0x00000000       0x20 E:/CUBIDE/STM32CubeIDE_1.19.0/STM32CubeIDE/plugins/com.st.stm32cube.ide.mcu.externaltools.gnu-tools-for-stm32.13.3.rel1.win32_1.0.0.202411081344/tools/bin/../lib/gcc/arm-none-eabi/13.3.1/../../../../arm-none-eabi/lib/thumb/v7e-m+dp/hard\libc_nano.a(libc_a-memset.o)
 .debug_frame   0x00000020       0x2c E:/CUBIDE/STM32CubeIDE_1.19.0/STM32CubeIDE/plugins/com.st.stm32cube.ide.mcu.externaltools.gnu-tools-for-stm32.13.3.rel1.win32_1.0.0.202411081344/tools/bin/../lib/gcc/arm-none-eabi/13.3.1/../../../../arm-none-eabi/lib/thumb/v7e-m+dp/hard\libc_nano.a(libc_a-init.o)
 .debug_frame   0x0000004c       0x28 E:/CUBIDE/STM32CubeIDE_1.19.0/STM32CubeIDE/plugins/com.st.stm32cube.ide.mcu.externaltools.gnu-tools-for-stm32.13.3.rel1.win32_1.0.0.202411081344/tools/bin/../lib/gcc/arm-none-eabi/13.3.1/../../../../arm-none-eabi/lib/thumb/v7e-m+dp/hard\libc_nano.a(libc_a-memcpy-stub.o)
 .debug_frame   0x00000074       0x2c E:/CUBIDE/STM32CubeIDE_1.19.0/STM32CubeIDE/plugins/com.st.stm32cube.ide.mcu.externaltools.gnu-tools-for-stm32.13.3.rel1.win32_1.0.0.202411081344/tools/bin/../lib/gcc/arm-none-eabi/13.3.1/thumb/v7e-m+dp/hard\libgcc.a(_aeabi_uldivmod.o)
 .debug_frame   0x000000a0       0x34 E:/CUBIDE/STM32CubeIDE_1.19.0/STM32CubeIDE/plugins/com.st.stm32cube.ide.mcu.externaltools.gnu-tools-for-stm32.13.3.rel1.win32_1.0.0.202411081344/tools/bin/../lib/gcc/arm-none-eabi/13.3.1/thumb/v7e-m+dp/hard\libgcc.a(_udivmoddi4.o)
