../Core/Src/main.c:98:6:CAN1_Config	48	static
../Core/Src/main.c:136:9:canCRC_ATM	32	static
../Core/Src/main.c:152:9:CAN1_Send_Msg	64	static
../Core/Src/main.c:184:6:motorStop	24	static
../Core/Src/main.c:192:6:motorGoHome	16	static
../Core/Src/main.c:199:6:motorGoPosition	24	static
../Core/Src/main.c:214:6:motorReadPosition	16	static
../Core/Src/main.c:222:6:canDataReceived	24	static
../Core/Src/main.c:253:6:read_all	16	static
../Core/Src/main.c:272:6:run_action	16	static
../Core/Src/main.c:360:6:Motor_Init	16	static
../Core/Src/main.c:398:5:main	8	static
../Core/Src/main.c:475:6:SystemClock_Config	88	static
../Core/Src/main.c:524:6:Error_Handler	4	static,ignoring_inline_asm
