Component: ARM Compiler 5.05 update 1 (build 106) Tool: armlink [4d0efa]

==============================================================================

Section Cross References

    startup_stm32f405xx.o(RESET) refers to startup_stm32f405xx.o(STACK) for __initial_sp
    startup_stm32f405xx.o(RESET) refers to startup_stm32f405xx.o(.text) for Reset_Handler
    startup_stm32f405xx.o(RESET) refers to stm32f4xx_it.o(i.NMI_Handler) for NMI_Handler
    startup_stm32f405xx.o(RESET) refers to stm32f4xx_it.o(i.HardFault_Handler) for HardFault_Handler
    startup_stm32f405xx.o(RESET) refers to stm32f4xx_it.o(i.MemManage_Handler) for MemManage_Handler
    startup_stm32f405xx.o(RESET) refers to stm32f4xx_it.o(i.BusFault_Handler) for BusFault_Handler
    startup_stm32f405xx.o(RESET) refers to stm32f4xx_it.o(i.UsageFault_Handler) for UsageFault_Handler
    startup_stm32f405xx.o(RESET) refers to stm32f4xx_it.o(i.SVC_Handler) for SVC_Handler
    startup_stm32f405xx.o(RESET) refers to stm32f4xx_it.o(i.DebugMon_Handler) for DebugMon_Handler
    startup_stm32f405xx.o(RESET) refers to stm32f4xx_it.o(i.PendSV_Handler) for PendSV_Handler
    startup_stm32f405xx.o(RESET) refers to stm32f4xx_it.o(i.SysTick_Handler) for SysTick_Handler
    startup_stm32f405xx.o(RESET) refers to stm32f4xx_it.o(i.CAN1_RX0_IRQHandler) for CAN1_RX0_IRQHandler
    startup_stm32f405xx.o(RESET) refers to stm32f4xx_it.o(i.EXTI9_5_IRQHandler) for EXTI9_5_IRQHandler
    startup_stm32f405xx.o(RESET) refers to stm32f4xx_it.o(i.TIM2_IRQHandler) for TIM2_IRQHandler
    startup_stm32f405xx.o(RESET) refers to stm32f4xx_it.o(i.TIM3_IRQHandler) for TIM3_IRQHandler
    startup_stm32f405xx.o(RESET) refers to stm32f4xx_it.o(i.USART2_IRQHandler) for USART2_IRQHandler
    startup_stm32f405xx.o(RESET) refers to stm32f4xx_it.o(i.TIM6_DAC_IRQHandler) for TIM6_DAC_IRQHandler
    startup_stm32f405xx.o(.text) refers to system_stm32f4xx.o(i.SystemInit) for SystemInit
    startup_stm32f405xx.o(.text) refers to entry.o(.ARM.Collect$$$$00000000) for __main
    main.o(i.SystemClock_Config) refers to memseta.o(.text) for __aeabi_memclr4
    main.o(i.SystemClock_Config) refers to stm32f4xx_hal_rcc.o(i.HAL_RCC_OscConfig) for HAL_RCC_OscConfig
    main.o(i.SystemClock_Config) refers to stm32f4xx_hal_rcc.o(i.HAL_RCC_ClockConfig) for HAL_RCC_ClockConfig
    main.o(i.main) refers to stm32f4xx_hal.o(i.HAL_Init) for HAL_Init
    main.o(i.main) refers to cmd_queue.o(i.queue_reset) for queue_reset
    main.o(i.main) refers to main.o(i.SystemClock_Config) for SystemClock_Config
    main.o(i.main) refers to gpio.o(i.MX_GPIO_Init) for MX_GPIO_Init
    main.o(i.main) refers to tim.o(i.MX_TIM3_Init) for MX_TIM3_Init
    main.o(i.main) refers to tim.o(i.MX_TIM6_Init) for MX_TIM6_Init
    main.o(i.main) refers to can.o(i.MX_CAN1_Init) for MX_CAN1_Init
    main.o(i.main) refers to usart.o(i.MX_USART2_UART_Init) for MX_USART2_UART_Init
    main.o(i.main) refers to tim.o(i.MX_TIM2_Init) for MX_TIM2_Init
    main.o(i.main) refers to can.o(i.CAN1_Config) for CAN1_Config
    main.o(i.main) refers to stm32f4xx_hal_uart.o(i.HAL_UART_Receive_IT) for HAL_UART_Receive_IT
    main.o(i.main) refers to stm32f4xx_hal_tim.o(i.HAL_TIM_Base_Start_IT) for HAL_TIM_Base_Start_IT
    main.o(i.main) refers to motor.o(i.Motor_Init) for Motor_Init
    main.o(i.main) refers to stm32f4xx_hal.o(i.HAL_Delay) for HAL_Delay
    main.o(i.main) refers to hmi_driver.o(i.SetButtonValue) for SetButtonValue
    main.o(i.main) refers to hmi_driver.o(i.MySetIcon) for MySetIcon
    main.o(i.main) refers to motor.o(i.motor_AllGoHome) for motor_AllGoHome
    main.o(i.main) refers to stm32f4xx_hal_gpio.o(i.HAL_GPIO_WritePin) for HAL_GPIO_WritePin
    main.o(i.main) refers to stm32f4xx_hal_gpio.o(i.HAL_GPIO_TogglePin) for HAL_GPIO_TogglePin
    main.o(i.main) refers to screen.o(i.MyGetTextValue) for MyGetTextValue
    main.o(i.main) refers to motor.o(i.Sys_Run) for Sys_Run
    main.o(i.main) refers to screen.o(.bss) for cmd_buffer
    main.o(i.main) refers to usart.o(.bss) for huart2
    main.o(i.main) refers to tim.o(.bss) for htim2
    main.o(i.main) refers to motor.o(.bss) for motor_statuses
    main.o(i.main) refers to main.o(.data) for .data
    main.o(i.main) refers to motor.o(.data) for updateFlag
    gpio.o(i.MX_GPIO_Init) refers to memseta.o(.text) for __aeabi_memclr4
    gpio.o(i.MX_GPIO_Init) refers to stm32f4xx_hal_gpio.o(i.HAL_GPIO_WritePin) for HAL_GPIO_WritePin
    gpio.o(i.MX_GPIO_Init) refers to stm32f4xx_hal_gpio.o(i.HAL_GPIO_Init) for HAL_GPIO_Init
    gpio.o(i.MX_GPIO_Init) refers to stm32f4xx_hal_cortex.o(i.HAL_NVIC_SetPriority) for HAL_NVIC_SetPriority
    gpio.o(i.MX_GPIO_Init) refers to stm32f4xx_hal_cortex.o(i.HAL_NVIC_EnableIRQ) for HAL_NVIC_EnableIRQ
    can.o(i.CAN1_Config) refers to stm32f4xx_hal_can.o(i.HAL_CAN_ConfigFilter) for HAL_CAN_ConfigFilter
    can.o(i.CAN1_Config) refers to stm32f4xx_hal_can.o(i.HAL_CAN_Start) for HAL_CAN_Start
[...]
    Removing stm32f4xx_hal_uart.o(i.UART_DMATxAbortCallback), (44 bytes).
    Removing stm32f4xx_hal_uart.o(i.UART_DMATxHalfCplt), (10 bytes).
    Removing stm32f4xx_hal_uart.o(i.UART_DMATxOnlyAbortCallback), (20 bytes).
    Removing stm32f4xx_hal_uart.o(i.UART_EndTxTransfer), (28 bytes).
    Removing stm32f4xx_hal_uart.o(i.UART_Start_Receive_DMA), (160 bytes).
    Removing system_stm32f4xx.o(.rev16_text), (4 bytes).
    Removing system_stm32f4xx.o(.revsh_text), (4 bytes).
    Removing system_stm32f4xx.o(.rrx_text), (6 bytes).
    Removing system_stm32f4xx.o(i.SystemCoreClockUpdate), (120 bytes).
    Removing motor.o(.rev16_text), (4 bytes).
    Removing motor.o(.revsh_text), (4 bytes).
    Removing motor.o(.rrx_text), (6 bytes).
    Removing motor.o(i.motorReadPosition), (20 bytes).
    Removing motor.o(i.motor_read), (68 bytes).
    Removing motor.o(.data), (1 bytes).
    Removing screen.o(.rev16_text), (4 bytes).
    Removing screen.o(.revsh_text), (4 bytes).
    Removing screen.o(.rrx_text), (6 bytes).
    Removing cmd_queue.o(.rev16_text), (4 bytes).
    Removing cmd_queue.o(.revsh_text), (4 bytes).
    Removing cmd_queue.o(.rrx_text), (6 bytes).
    Removing hmi_driver.o(.rev16_text), (4 bytes).
    Removing hmi_driver.o(.revsh_text), (4 bytes).
    Removing hmi_driver.o(.rrx_text), (6 bytes).
    Removing hmi_driver.o(i.AnimationPause), (76 bytes).
    Removing hmi_driver.o(i.AnimationPlayFrame), (84 bytes).
    Removing hmi_driver.o(i.AnimationPlayNext), (76 bytes).
    Removing hmi_driver.o(i.AnimationPlayPrev), (76 bytes).
    Removing hmi_driver.o(i.AnimationStart), (76 bytes).
    Removing hmi_driver.o(i.AnimationStop), (76 bytes).
    Removing hmi_driver.o(i.BatchBegin), (38 bytes).
    Removing hmi_driver.o(i.BatchEnd), (30 bytes).
    Removing hmi_driver.o(i.BatchSetButtonValue), (40 bytes).
    Removing hmi_driver.o(i.BatchSetEnable), (34 bytes).
    Removing hmi_driver.o(i.BatchSetFrame), (46 bytes).
    Removing hmi_driver.o(i.BatchSetMeterValue), (62 bytes).
    Removing hmi_driver.o(i.BatchSetProgressValue), (62 bytes).
    Removing hmi_driver.o(i.BatchSetSliderValue), (62 bytes).
    Removing hmi_driver.o(i.BatchSetText), (54 bytes).
    Removing hmi_driver.o(i.BatchSetVisible), (34 bytes).
    Removing hmi_driver.o(i.CalibrateTouchPane), (42 bytes).
    Removing hmi_driver.o(i.ClearLayer), (50 bytes).
    Removing hmi_driver.o(i.ColorPicker), (78 bytes).
    Removing hmi_driver.o(i.CopyLayer), (58 bytes).
    Removing hmi_driver.o(i.DelayMS), (22 bytes).
    Removing hmi_driver.o(i.DisArea_Image), (94 bytes).
    Removing hmi_driver.o(i.DisCursor), (96 bytes).
    Removing hmi_driver.o(i.DisCut_Image), (162 bytes).
    Removing hmi_driver.o(i.DisFlashImage), (102 bytes).
    Removing hmi_driver.o(i.DisFull_Image), (64 bytes).
    Removing hmi_driver.o(i.DisText), (96 bytes).
    Removing hmi_driver.o(i.DisplyLayer), (50 bytes).
    Removing hmi_driver.o(i.FlashBeginSaveControl), (84 bytes).
    Removing hmi_driver.o(i.FlashEndSaveControl), (30 bytes).
    Removing hmi_driver.o(i.FlashRestoreControl), (108 bytes).
    Removing hmi_driver.o(i.FlashSaveControl), (34 bytes).
    Removing hmi_driver.o(i.GUI_Arc), (120 bytes).
    Removing hmi_driver.o(i.GUI_AreaInycolor), (100 bytes).
    Removing hmi_driver.o(i.GUI_BcolorConDots), (60 bytes).
    Removing hmi_driver.o(i.GUI_BcolorConOffsetDots), (84 bytes).
    Removing hmi_driver.o(i.GUI_Circle), (84 bytes).
    Removing hmi_driver.o(i.GUI_CircleFill), (84 bytes).
    Removing hmi_driver.o(i.GUI_CleanScreen), (42 bytes).
    Removing hmi_driver.o(i.GUI_ConDots), (68 bytes).
    Removing hmi_driver.o(i.GUI_ConSpaceDots), (84 bytes).
    Removing hmi_driver.o(i.GUI_DispRTC), (110 bytes).
    Removing hmi_driver.o(i.GUI_Dot), (70 bytes).
    Removing hmi_driver.o(i.GUI_Ellipse), (100 bytes).
    Removing hmi_driver.o(i.GUI_EllipseFill), (100 bytes).
    Removing hmi_driver.o(i.GUI_FcolorConDots), (60 bytes).
    Removing hmi_driver.o(i.GUI_FcolorConOffsetDots), (84 bytes).
    Removing hmi_driver.o(i.GUI_Line), (100 bytes).
    Removing hmi_driver.o(i.GUI_Rectangle), (100 bytes).
    Removing hmi_driver.o(i.GUI_RectangleFill), (100 bytes).
    Removing hmi_driver.o(i.GetScreen), (48 bytes).
    Removing hmi_driver.o(i.GetStringLen), (16 bytes).
    Removing hmi_driver.o(i.GraphChannelAdd), (100 bytes).
    Removing hmi_driver.o(i.GraphChannelDataAdd), (110 bytes).
    Removing hmi_driver.o(i.GraphChannelDataClear), (84 bytes).
    Removing hmi_driver.o(i.GraphChannelDel), (84 bytes).
    Removing hmi_driver.o(i.GraphSetViewport), (144 bytes).
    Removing hmi_driver.o(i.HistoryGraph_EnableSampling), (84 bytes).
    Removing hmi_driver.o(i.HistoryGraph_SetTimeFullScreen), (82 bytes).
    Removing hmi_driver.o(i.HistoryGraph_SetTimeLength), (96 bytes).
    Removing hmi_driver.o(i.HistoryGraph_SetTimeZoom), (132 bytes).
    Removing hmi_driver.o(i.HistoryGraph_SetValueFloat), (128 bytes).
    Removing hmi_driver.o(i.HistoryGraph_SetValueInt16), (90 bytes).
    Removing hmi_driver.o(i.HistoryGraph_SetValueInt32), (138 bytes).
    Removing hmi_driver.o(i.HistoryGraph_SetValueInt8), (90 bytes).
    Removing hmi_driver.o(i.HistoryGraph_ShowChannel), (94 bytes).
    Removing hmi_driver.o(i.LockDeviceConfig), (66 bytes).
    Removing hmi_driver.o(i.MyClearTextVal), (76 bytes).
    Removing hmi_driver.o(i.PauseTimer), (76 bytes).
    Removing hmi_driver.o(i.PlayMusic), (56 bytes).
    Removing hmi_driver.o(i.ReadRTC), (42 bytes).
    Removing hmi_driver.o(i.ReadUserFlash), (86 bytes).
    Removing hmi_driver.o(i.Record_Add), (84 bytes).
    Removing hmi_driver.o(i.Record_Clear), (76 bytes).
    Removing hmi_driver.o(i.Record_GetCount), (76 bytes).
    Removing hmi_driver.o(i.Record_ResetEvent), (116 bytes).
    Removing hmi_driver.o(i.Record_SetEvent), (116 bytes).
    Removing hmi_driver.o(i.Record_SetOffset), (90 bytes).
    Removing hmi_driver.o(i.SeTimer), (106 bytes).
    Removing hmi_driver.o(i.SendNU16), (40 bytes).
    Removing hmi_driver.o(i.SendNU8), (26 bytes).
    Removing hmi_driver.o(i.SendStrings), (22 bytes).
    Removing hmi_driver.o(i.SetBackLight), (50 bytes).
    Removing hmi_driver.o(i.SetBcolor), (56 bytes).
    Removing hmi_driver.o(i.SetBuzzer), (50 bytes).
    Removing hmi_driver.o(i.SetCommBps), (50 bytes).
    Removing hmi_driver.o(i.SetControlBackColor), (90 bytes).
    Removing hmi_driver.o(i.SetControlEnable), (84 bytes).
    Removing hmi_driver.o(i.SetControlFocus), (84 bytes).
    Removing hmi_driver.o(i.SetControlForeColor), (90 bytes).
    Removing hmi_driver.o(i.SetControlVisiable), (84 bytes).
    Removing hmi_driver.o(i.SetFcolor), (56 bytes).
    Removing hmi_driver.o(i.SetFilterColor), (70 bytes).
    Removing hmi_driver.o(i.SetFont_Region), (78 bytes).
    Removing hmi_driver.o(i.SetHandShake), (42 bytes).
    Removing hmi_driver.o(i.SetLanguage), (64 bytes).
    Removing hmi_driver.o(i.SetMeterValue), (106 bytes).
    Removing hmi_driver.o(i.SetPowerSaving), (76 bytes).
    Removing hmi_driver.o(i.SetProgressValue), (106 bytes).
    Removing hmi_driver.o(i.SetScreenUpdateEnable), (50 bytes).
    Removing hmi_driver.o(i.SetSelectorValue), (84 bytes).
    Removing hmi_driver.o(i.SetSliderValue), (106 bytes).
    Removing hmi_driver.o(i.SetTextFloat), (136 bytes).
    Removing hmi_driver.o(i.SetTextSpace), (58 bytes).
    Removing hmi_driver.o(i.SetTextValue), (84 bytes).
    Removing hmi_driver.o(i.SetTouchPaneOption), (76 bytes).
    Removing hmi_driver.o(i.Set_picMeterValue), (90 bytes).
    Removing hmi_driver.o(i.ShowKeyboard), (104 bytes).
    Removing hmi_driver.o(i.ShowPopupMenu), (100 bytes).
    Removing hmi_driver.o(i.StartTimer), (76 bytes).
    Removing hmi_driver.o(i.StopTimer), (76 bytes).
    Removing hmi_driver.o(i.TestTouchPane), (42 bytes).
    Removing hmi_driver.o(i.UnlockDeviceConfig), (66 bytes).
    Removing hmi_driver.o(i.WriteLayer), (50 bytes).
    Removing hmi_driver.o(i.WriteUserFlash), (84 bytes).

548 unused section(s) (total 39465 bytes) removed from the image.

==============================================================================

Image Symbol Table

    Local Symbols

    Symbol Name                              Value     Ov Type        Size  Object(Section)

    ../Core/Src/can.c                        0x00000000   Number         0  can.o ABSOLUTE
    ../Core/Src/gpio.c                       0x00000000   Number         0  gpio.o ABSOLUTE
    ../Core/Src/main.c                       0x00000000   Number         0  main.o ABSOLUTE
    ../Core/Src/stm32f4xx_hal_msp.c          0x00000000   Number         0  stm32f4xx_hal_msp.o ABSOLUTE
    ../Core/Src/stm32f4xx_it.c               0x00000000   Number         0  stm32f4xx_it.o ABSOLUTE
    ../Core/Src/system_stm32f4xx.c           0x00000000   Number         0  system_stm32f4xx.o ABSOLUTE
    ../Core/Src/tim.c                        0x00000000   Number         0  tim.o ABSOLUTE
    ../Core/Src/usart.c                      0x00000000   Number         0  usart.o ABSOLUTE
    ../Drivers/STM32F4xx_HAL_Driver/Src/stm32f4xx_hal.c 0x00000000   Number         0  stm32f4xx_hal.o ABSOLUTE
    ../Drivers/STM32F4xx_HAL_Driver/Src/stm32f4xx_hal_can.c 0x00000000   Number         0  stm32f4xx_hal_can.o ABSOLUTE
    ../Drivers/STM32F4xx_HAL_Driver/Src/stm32f4xx_hal_cortex.c 0x00000000   Number         0  stm32f4xx_hal_cortex.o ABSOLUTE
    ../Drivers/STM32F4xx_HAL_Driver/Src/stm32f4xx_hal_dma.c 0x00000000   Number         0  stm32f4xx_hal_dma.o ABSOLUTE
    ../Drivers/STM32F4xx_HAL_Driver/Src/stm32f4xx_hal_dma_ex.c 0x00000000   Number         0  stm32f4xx_hal_dma_ex.o ABSOLUTE
    ../Drivers/STM32F4xx_HAL_Driver/Src/stm32f4xx_hal_exti.c 0x00000000   Number         0  stm32f4xx_hal_exti.o ABSOLUTE
    ../Drivers/STM32F4xx_HAL_Driver/Src/stm32f4xx_hal_flash.c 0x00000000   Number         0  stm32f4xx_hal_flash.o ABSOLUTE
    ../Drivers/STM32F4xx_HAL_Driver/Src/stm32f4xx_hal_flash_ex.c 0x00000000   Number         0  stm32f4xx_hal_flash_ex.o ABSOLUTE
    ../Drivers/STM32F4xx_HAL_Driver/Src/stm32f4xx_hal_flash_ramfunc.c 0x00000000   Number         0  stm32f4xx_hal_flash_ramfunc.o ABSOLUTE
    ../Drivers/STM32F4xx_HAL_Driver/Src/stm32f4xx_hal_gpio.c 0x00000000   Number         0  stm32f4xx_hal_gpio.o ABSOLUTE
    ../Drivers/STM32F4xx_HAL_Driver/Src/stm32f4xx_hal_pwr.c 0x00000000   Number         0  stm32f4xx_hal_pwr.o ABSOLUTE
    ../Drivers/STM32F4xx_HAL_Driver/Src/stm32f4xx_hal_pwr_ex.c 0x00000000   Number         0  stm32f4xx_hal_pwr_ex.o ABSOLUTE
    ../Drivers/STM32F4xx_HAL_Driver/Src/stm32f4xx_hal_rcc.c 0x00000000   Number         0  stm32f4xx_hal_rcc.o ABSOLUTE
    ../Drivers/STM32F4xx_HAL_Driver/Src/stm32f4xx_hal_rcc_ex.c 0x00000000   Number         0  stm32f4xx_hal_rcc_ex.o ABSOLUTE
    ../Drivers/STM32F4xx_HAL_Driver/Src/stm32f4xx_hal_tim.c 0x00000000   Number         0  stm32f4xx_hal_tim.o ABSOLUTE
    ../Drivers/STM32F4xx_HAL_Driver/Src/stm32f4xx_hal_tim_ex.c 0x00000000   Number         0  stm32f4xx_hal_tim_ex.o ABSOLUTE
    ../Drivers/STM32F4xx_HAL_Driver/Src/stm32f4xx_hal_uart.c 0x00000000   Number         0  stm32f4xx_hal_uart.o ABSOLUTE
    ../clib/microlib/ctype/ctype.c           0x00000000   Number         0  isspace_c.o ABSOLUTE
    ../clib/microlib/ctype/ctype.c           0x00000000   Number         0  ctype_c.o ABSOLUTE
    ../clib/microlib/division.c              0x00000000   Number         0  uldiv.o ABSOLUTE
    ../clib/microlib/init/entry.s            0x00000000   Number         0  entry.o ABSOLUTE
    ../clib/microlib/init/entry.s            0x00000000   Number         0  entry11a.o ABSOLUTE
    ../clib/microlib/init/entry.s            0x00000000   Number         0  entry8b.o ABSOLUTE
    ../clib/microlib/init/entry.s            0x00000000   Number         0  entry10b.o ABSOLUTE
    ../clib/microlib/init/entry.s            0x00000000   Number         0  entry10a.o ABSOLUTE
    ../clib/microlib/init/entry.s            0x00000000   Number         0  entry9b.o ABSOLUTE
    ../clib/microlib/init/entry.s            0x00000000   Number         0  entry8a.o ABSOLUTE
    ../clib/microlib/init/entry.s            0x00000000   Number         0  entry7b.o ABSOLUTE
    ../clib/microlib/init/entry.s            0x00000000   Number         0  entry2.o ABSOLUTE
    ../clib/microlib/init/entry.s            0x00000000   Number         0  entry7a.o ABSOLUTE
    ../clib/microlib/init/entry.s            0x00000000   Number         0  entry9a.o ABSOLUTE
    ../clib/microlib/init/entry.s            0x00000000   Number         0  entry5.o ABSOLUTE
    ../clib/microlib/init/entry.s            0x00000000   Number         0  entry11b.o ABSOLUTE
    ../clib/microlib/longlong.c              0x00000000   Number         0  llshl.o ABSOLUTE
    ../clib/microlib/longlong.c              0x00000000   Number         0  llushr.o ABSOLUTE
    ../clib/microlib/string/memset.c         0x00000000   Number         0  memseta.o ABSOLUTE
    ../clib/scanf.c                          0x00000000   Number         0  __0sscanf.o ABSOLUTE
    ../clib/scanf.c                          0x00000000   Number         0  _scanf_int.o ABSOLUTE
    ../clib/scanf.c                          0x00000000   Number         0  _scanf.o ABSOLUTE
    ../clib/scanf.c                          0x00000000   Number         0  _sgetc.o ABSOLUTE
    ../clib/scanf.c                          0x00000000   Number         0  scanf_char.o ABSOLUTE
    ../clib/scanf.c                          0x00000000   Number         0  _chval.o ABSOLUTE
    ..\Core\Src\can.c                        0x00000000   Number         0  can.o ABSOLUTE
    ..\Core\Src\gpio.c                       0x00000000   Number         0  gpio.o ABSOLUTE
    ..\Core\Src\main.c                       0x00000000   Number         0  main.o ABSOLUTE
    ..\Core\Src\stm32f4xx_hal_msp.c          0x00000000   Number         0  stm32f4xx_hal_msp.o ABSOLUTE
    ..\Core\Src\stm32f4xx_it.c               0x00000000   Number         0  stm32f4xx_it.o ABSOLUTE
    ..\Core\Src\system_stm32f4xx.c           0x00000000   Number         0  system_stm32f4xx.o ABSOLUTE
    ..\Core\Src\tim.c                        0x00000000   Number         0  tim.o ABSOLUTE
    ..\Core\Src\usart.c                      0x00000000   Number         0  usart.o ABSOLUTE
    ..\Drivers\STM32F4xx_HAL_Driver\Src\stm32f4xx_hal.c 0x00000000   Number         0  stm32f4xx_hal.o ABSOLUTE
    ..\Drivers\STM32F4xx_HAL_Driver\Src\stm32f4xx_hal_can.c 0x00000000   Number         0  stm32f4xx_hal_can.o ABSOLUTE
    ..\Drivers\STM32F4xx_HAL_Driver\Src\stm32f4xx_hal_cortex.c 0x00000000   Number         0  stm32f4xx_hal_cortex.o ABSOLUTE
    ..\Drivers\STM32F4xx_HAL_Driver\Src\stm32f4xx_hal_dma.c 0x00000000   Number         0  stm32f4xx_hal_dma.o ABSOLUTE
    ..\Drivers\STM32F4xx_HAL_Driver\Src\stm32f4xx_hal_dma_ex.c 0x00000000   Number         0  stm32f4xx_hal_dma_ex.o ABSOLUTE
    ..\Drivers\STM32F4xx_HAL_Driver\Src\stm32f4xx_hal_exti.c 0x00000000   Number         0  stm32f4xx_hal_exti.o ABSOLUTE
    ..\Drivers\STM32F4xx_HAL_Driver\Src\stm32f4xx_hal_flash.c 0x00000000   Number         0  stm32f4xx_hal_flash.o ABSOLUTE
    ..\Drivers\STM32F4xx_HAL_Driver\Src\stm32f4xx_hal_flash_ex.c 0x00000000   Number         0  stm32f4xx_hal_flash_ex.o ABSOLUTE
    ..\Drivers\STM32F4xx_HAL_Driver\Src\stm32f4xx_hal_flash_ramfunc.c 0x00000000   Number         0  stm32f4xx_hal_flash_ramfunc.o ABSOLUTE
    ..\Drivers\STM32F4xx_HAL_Driver\Src\stm32f4xx_hal_gpio.c 0x00000000   Number         0  stm32f4xx_hal_gpio.o ABSOLUTE
    ..\Drivers\STM32F4xx_HAL_Driver\Src\stm32f4xx_hal_pwr.c 0x00000000   Number         0  stm32f4xx_hal_pwr.o ABSOLUTE
    ..\Drivers\STM32F4xx_HAL_Driver\Src\stm32f4xx_hal_pwr_ex.c 0x00000000   Number         0  stm32f4xx_hal_pwr_ex.o ABSOLUTE
    ..\Drivers\STM32F4xx_HAL_Driver\Src\stm32f4xx_hal_rcc.c 0x00000000   Number         0  stm32f4xx_hal_rcc.o ABSOLUTE
    ..\Drivers\STM32F4xx_HAL_Driver\Src\stm32f4xx_hal_rcc_ex.c 0x00000000   Number         0  stm32f4xx_hal_rcc_ex.o ABSOLUTE
    ..\Drivers\STM32F4xx_HAL_Driver\Src\stm32f4xx_hal_tim.c 0x00000000   Number         0  stm32f4xx_hal_tim.o ABSOLUTE
    ..\Drivers\STM32F4xx_HAL_Driver\Src\stm32f4xx_hal_tim_ex.c 0x00000000   Number         0  stm32f4xx_hal_tim_ex.o ABSOLUTE
    ..\Drivers\STM32F4xx_HAL_Driver\Src\stm32f4xx_hal_uart.c 0x00000000   Number         0  stm32f4xx_hal_uart.o ABSOLUTE
    ..\User\Screen.c                         0x00000000   Number         0  screen.o ABSOLUTE
    ..\User\cmd_queue.c                      0x00000000   Number         0  cmd_queue.o ABSOLUTE
    ..\User\hmi_driver.c                     0x00000000   Number         0  hmi_driver.o ABSOLUTE
    ..\User\motor.c                          0x00000000   Number         0  motor.o ABSOLUTE
    ..\\User\\Screen.c                       0x00000000   Number         0  screen.o ABSOLUTE
    ..\\User\\cmd_queue.c                    0x00000000   Number         0  cmd_queue.o ABSOLUTE
    ..\\User\\hmi_driver.c                   0x00000000   Number         0  hmi_driver.o ABSOLUTE
    ..\\User\\motor.c                        0x00000000   Number         0  motor.o ABSOLUTE
    dc.s                                     0x00000000   Number         0  dc.o ABSOLUTE
    handlers.s                               0x00000000   Number         0  handlers.o ABSOLUTE
    init.s                                   0x00000000   Number         0  init.o ABSOLUTE
    startup_stm32f405xx.s                    0x00000000   Number         0  startup_stm32f405xx.o ABSOLUTE
    RESET                                    0x08000000   Section      392  startup_stm32f405xx.o(RESET)
    .ARM.Collect$$$$00000000                 0x08000188   Section        0  entry.o(.ARM.Collect$$$$00000000)
    .ARM.Collect$$$$00000001                 0x08000188   Section        4  entry2.o(.ARM.Collect$$$$00000001)
    .ARM.Collect$$$$00000004                 0x0800018c   Section        4  entry5.o(.ARM.Collect$$$$00000004)
    .ARM.Collect$$$$00000008                 0x08000190   Section        0  entry7b.o(.ARM.Collect$$$$00000008)
    .ARM.Collect$$$$0000000A                 0x08000190   Section        0  entry8b.o(.ARM.Collect$$$$0000000A)
    .ARM.Collect$$$$0000000B                 0x08000190   Section        8  entry9a.o(.ARM.Collect$$$$0000000B)
    .ARM.Collect$$$$0000000D                 0x08000198   Section        0  entry10a.o(.ARM.Collect$$$$0000000D)
    .ARM.Collect$$$$0000000F                 0x08000198   Section        0  entry11a.o(.ARM.Collect$$$$0000000F)
    .ARM.Collect$$$$00002712                 0x08000198   Section        4  entry2.o(.ARM.Collect$$$$00002712)
    __lit__00000000                          0x08000198   Data           4  entry2.o(.ARM.Collect$$$$00002712)
    .text                                    0x0800019c   Section       36  startup_stm32f405xx.o(.text)
    $v0                                      0x0800019c   Number         0  startup_stm32f405xx.o(.text)
    .text                                    0x080001c0   Section        0  uldiv.o(.text)
    .text                                    0x08000222   Section        0  memseta.o(.text)
    .text                                    0x08000248   Section        0  __0sscanf.o(.text)
    .text                                    0x08000280   Section        0  _scanf_int.o(.text)
    .text                                    0x080003cc   Section        0  llshl.o(.text)
    .text                                    0x080003ea   Section        0  llushr.o(.text)
    .text                                    0x0800040a   Section        0  _chval.o(.text)
    .text                                    0x08000428   Section        0  scanf_char.o(.text)
    _scanf_char_input                        0x08000429   Thumb Code    12  scanf_char.o(.text)
    .text                                    0x08000450   Section        0  _sgetc.o(.text)
    .text                                    0x08000490   Section       36  init.o(.text)
    .text                                    0x080004b4   Section        0  isspace_c.o(.text)
    .text                                    0x080004c0   Section        0  _scanf.o(.text)
    .text                                    0x080007ec   Section        0  ctype_c.o(.text)
    i.BusFault_Handler                       0x08000814   Section        0  stm32f4xx_it.o(i.BusFault_Handler)
    i.CAN1_Config                            0x08000818   Section        0  can.o(i.CAN1_Config)
    i.CAN1_RX0_IRQHandler                    0x08000854   Section        0  stm32f4xx_it.o(i.CAN1_RX0_IRQHandler)
    i.CAN1_Send_Msg                          0x08000860   Section        0  can.o(i.CAN1_Send_Msg)
    i.DebugMon_Handler                       0x080008bc   Section        0  stm32f4xx_it.o(i.DebugMon_Handler)
    i.EXTI9_5_IRQHandler                     0x080008be   Section        0  stm32f4xx_it.o(i.EXTI9_5_IRQHandler)
    i.Error_Handler                          0x080008c4   Section        0  main.o(i.Error_Handler)
    i.GetControlValue                        0x080008c8   Section        0  hmi_driver.o(i.GetControlValue)
    i.GetMaterial                            0x08000914   Section        0  motor.o(i.GetMaterial)
    i.HAL_CAN_ActivateNotification           0x08000ab0   Section        0  stm32f4xx_hal_can.o(i.HAL_CAN_ActivateNotification)
    i.HAL_CAN_AddTxMessage                   0x08000ad4   Section        0  stm32f4xx_hal_can.o(i.HAL_CAN_AddTxMessage)
    i.HAL_CAN_ConfigFilter                   0x08000b90   Section        0  stm32f4xx_hal_can.o(i.HAL_CAN_ConfigFilter)
    i.HAL_CAN_ErrorCallback                  0x08000c9c   Section        0  stm32f4xx_hal_can.o(i.HAL_CAN_ErrorCallback)
    i.HAL_CAN_GetRxMessage                   0x08000c9e   Section        0  stm32f4xx_hal_can.o(i.HAL_CAN_GetRxMessage)
    i.HAL_CAN_GetTxMailboxesFreeLevel        0x08000d92   Section        0  stm32f4xx_hal_can.o(i.HAL_CAN_GetTxMailboxesFreeLevel)
    i.HAL_CAN_IRQHandler                     0x08000dbe   Section        0  stm32f4xx_hal_can.o(i.HAL_CAN_IRQHandler)
    i.HAL_CAN_Init                           0x08000fba   Section        0  stm32f4xx_hal_can.o(i.HAL_CAN_Init)
    i.HAL_CAN_MspInit                        0x080010d4   Section        0  can.o(i.HAL_CAN_MspInit)
    i.HAL_CAN_RxFifo0FullCallback            0x08001150   Section        0  stm32f4xx_hal_can.o(i.HAL_CAN_RxFifo0FullCallback)
    i.HAL_CAN_RxFifo0MsgPendingCallback      0x08001152   Section        0  can.o(i.HAL_CAN_RxFifo0MsgPendingCallback)
    i.HAL_CAN_RxFifo1FullCallback            0x08001176   Section        0  stm32f4xx_hal_can.o(i.HAL_CAN_RxFifo1FullCallback)
    i.HAL_CAN_RxFifo1MsgPendingCallback      0x08001178   Section        0  stm32f4xx_hal_can.o(i.HAL_CAN_RxFifo1MsgPendingCallback)
    i.HAL_CAN_SleepCallback                  0x0800117a   Section        0  stm32f4xx_hal_can.o(i.HAL_CAN_SleepCallback)
    i.HAL_CAN_Start                          0x0800117c   Section        0  stm32f4xx_hal_can.o(i.HAL_CAN_Start)
    i.HAL_CAN_TxMailbox0AbortCallback        0x080011d4   Section        0  stm32f4xx_hal_can.o(i.HAL_CAN_TxMailbox0AbortCallback)
    i.HAL_CAN_TxMailbox0CompleteCallback     0x080011d6   Section        0  stm32f4xx_hal_can.o(i.HAL_CAN_TxMailbox0CompleteCallback)
    i.HAL_CAN_TxMailbox1AbortCallback        0x080011d8   Section        0  stm32f4xx_hal_can.o(i.HAL_CAN_TxMailbox1AbortCallback)
    i.HAL_CAN_TxMailbox1CompleteCallback     0x080011da   Section        0  stm32f4xx_hal_can.o(i.HAL_CAN_TxMailbox1CompleteCallback)
    i.HAL_CAN_TxMailbox2AbortCallback        0x080011dc   Section        0  stm32f4xx_hal_can.o(i.HAL_CAN_TxMailbox2AbortCallback)
    i.HAL_CAN_TxMailbox2CompleteCallback     0x080011de   Section        0  stm32f4xx_hal_can.o(i.HAL_CAN_TxMailbox2CompleteCallback)
    i.HAL_CAN_WakeUpFromRxMsgCallback        0x080011e0   Section        0  stm32f4xx_hal_can.o(i.HAL_CAN_WakeUpFromRxMsgCallback)
    i.HAL_DMA_Abort                          0x080011e2   Section        0  stm32f4xx_hal_dma.o(i.HAL_DMA_Abort)
    i.HAL_DMA_Abort_IT                       0x08001274   Section        0  stm32f4xx_hal_dma.o(i.HAL_DMA_Abort_IT)
    i.HAL_Delay                              0x08001298   Section        0  stm32f4xx_hal.o(i.HAL_Delay)
    i.HAL_GPIO_EXTI_Callback                 0x080012bc   Section        0  stm32f4xx_it.o(i.HAL_GPIO_EXTI_Callback)
    i.HAL_GPIO_EXTI_IRQHandler               0x08001318   Section        0  stm32f4xx_hal_gpio.o(i.HAL_GPIO_EXTI_IRQHandler)
    i.HAL_GPIO_Init                          0x08001330   Section        0  stm32f4xx_hal_gpio.o(i.HAL_GPIO_Init)
    i.HAL_GPIO_ReadPin                       0x08001520   Section        0  stm32f4xx_hal_gpio.o(i.HAL_GPIO_ReadPin)
    i.HAL_GPIO_TogglePin                     0x0800152a   Section        0  stm32f4xx_hal_gpio.o(i.HAL_GPIO_TogglePin)
    i.HAL_GPIO_WritePin                      0x0800153a   Section        0  stm32f4xx_hal_gpio.o(i.HAL_GPIO_WritePin)
    i.HAL_GetTick                            0x08001544   Section        0  stm32f4xx_hal.o(i.HAL_GetTick)
    i.HAL_IncTick                            0x08001550   Section        0  stm32f4xx_hal.o(i.HAL_IncTick)
    i.HAL_Init                               0x08001560   Section        0  stm32f4xx_hal.o(i.HAL_Init)
    i.HAL_InitTick                           0x08001594   Section        0  stm32f4xx_hal.o(i.HAL_InitTick)
    i.HAL_MspInit                            0x080015d4   Section        0  stm32f4xx_hal_msp.o(i.HAL_MspInit)
    i.HAL_NVIC_EnableIRQ                     0x08001604   Section        0  stm32f4xx_hal_cortex.o(i.HAL_NVIC_EnableIRQ)
    i.HAL_NVIC_SetPriority                   0x08001620   Section        0  stm32f4xx_hal_cortex.o(i.HAL_NVIC_SetPriority)
    i.HAL_NVIC_SetPriorityGrouping           0x08001660   Section        0  stm32f4xx_hal_cortex.o(i.HAL_NVIC_SetPriorityGrouping)
    i.HAL_RCC_ClockConfig                    0x08001684   Section        0  stm32f4xx_hal_rcc.o(i.HAL_RCC_ClockConfig)
    i.HAL_RCC_GetPCLK1Freq                   0x080017b8   Section        0  stm32f4xx_hal_rcc.o(i.HAL_RCC_GetPCLK1Freq)
    i.HAL_RCC_GetPCLK2Freq                   0x080017d8   Section        0  stm32f4xx_hal_rcc.o(i.HAL_RCC_GetPCLK2Freq)
    i.HAL_RCC_GetSysClockFreq                0x080017f8   Section        0  stm32f4xx_hal_rcc.o(i.HAL_RCC_GetSysClockFreq)
    i.HAL_RCC_OscConfig                      0x08001858   Section        0  stm32f4xx_hal_rcc.o(i.HAL_RCC_OscConfig)
    i.HAL_SYSTICK_Config                     0x08001bc4   Section        0  stm32f4xx_hal_cortex.o(i.HAL_SYSTICK_Config)
    i.HAL_TIMEx_BreakCallback                0x08001bec   Section        0  stm32f4xx_hal_tim_ex.o(i.HAL_TIMEx_BreakCallback)
    i.HAL_TIMEx_CommutCallback               0x08001bee   Section        0  stm32f4xx_hal_tim_ex.o(i.HAL_TIMEx_CommutCallback)
    i.HAL_TIMEx_MasterConfigSynchronization  0x08001bf0   Section        0  stm32f4xx_hal_tim_ex.o(i.HAL_TIMEx_MasterConfigSynchronization)
    i.HAL_TIM_Base_Init                      0x08001c80   Section        0  stm32f4xx_hal_tim.o(i.HAL_TIM_Base_Init)
    i.HAL_TIM_Base_MspInit                   0x08001cdc   Section        0  tim.o(i.HAL_TIM_Base_MspInit)
    i.HAL_TIM_Base_Start_IT                  0x08001d64   Section        0  stm32f4xx_hal_tim.o(i.HAL_TIM_Base_Start_IT)
    i.HAL_TIM_ConfigClockSource              0x08001de4   Section        0  stm32f4xx_hal_tim.o(i.HAL_TIM_ConfigClockSource)
    i.HAL_TIM_IC_CaptureCallback             0x08001ec0   Section        0  stm32f4xx_hal_tim.o(i.HAL_TIM_IC_CaptureCallback)
    i.HAL_TIM_IRQHandler                     0x08001ec2   Section        0  stm32f4xx_hal_tim.o(i.HAL_TIM_IRQHandler)
    i.HAL_TIM_OC_DelayElapsedCallback        0x08001ff2   Section        0  stm32f4xx_hal_tim.o(i.HAL_TIM_OC_DelayElapsedCallback)
    i.HAL_TIM_PWM_PulseFinishedCallback      0x08001ff4   Section        0  stm32f4xx_hal_tim.o(i.HAL_TIM_PWM_PulseFinishedCallback)
    i.HAL_TIM_PeriodElapsedCallback          0x08001ff8   Section        0  stm32f4xx_it.o(i.HAL_TIM_PeriodElapsedCallback)
    i.HAL_TIM_TriggerCallback                0x08002030   Section        0  stm32f4xx_hal_tim.o(i.HAL_TIM_TriggerCallback)
    i.HAL_UARTEx_RxEventCallback             0x08002032   Section        0  stm32f4xx_hal_uart.o(i.HAL_UARTEx_RxEventCallback)
    i.HAL_UART_ErrorCallback                 0x08002034   Section        0  stm32f4xx_hal_uart.o(i.HAL_UART_ErrorCallback)
    i.HAL_UART_IRQHandler                    0x08002038   Section        0  stm32f4xx_hal_uart.o(i.HAL_UART_IRQHandler)
    i.HAL_UART_Init                          0x080022b8   Section        0  stm32f4xx_hal_uart.o(i.HAL_UART_Init)
    i.HAL_UART_MspInit                       0x0800231c   Section        0  usart.o(i.HAL_UART_MspInit)
    i.HAL_UART_Receive_IT                    0x08002394   Section        0  stm32f4xx_hal_uart.o(i.HAL_UART_Receive_IT)
    i.HAL_UART_RxCpltCallback                0x080023b0   Section        0  usart.o(i.HAL_UART_RxCpltCallback)
    i.HAL_UART_Transmit                      0x080023c4   Section        0  stm32f4xx_hal_uart.o(i.HAL_UART_Transmit)
    i.HAL_UART_TxCpltCallback                0x08002464   Section        0  stm32f4xx_hal_uart.o(i.HAL_UART_TxCpltCallback)
    i.HardFault_Handler                      0x08002466   Section        0  stm32f4xx_it.o(i.HardFault_Handler)
    i.IO_Read                                0x08002468   Section        0  motor.o(i.IO_Read)
    i.IO_Tran                                0x0800248c   Section        0  motor.o(i.IO_Tran)
    i.MX_CAN1_Init                           0x080024b4   Section        0  can.o(i.MX_CAN1_Init)
    i.MX_GPIO_Init                           0x080024f8   Section        0  gpio.o(i.MX_GPIO_Init)
    i.MX_TIM2_Init                           0x08002680   Section        0  tim.o(i.MX_TIM2_Init)
    i.MX_TIM3_Init                           0x080026e8   Section        0  tim.o(i.MX_TIM3_Init)
    i.MX_TIM6_Init                           0x0800274c   Section        0  tim.o(i.MX_TIM6_Init)
    i.MX_USART2_UART_Init                    0x08002790   Section        0  usart.o(i.MX_USART2_UART_Init)
    i.MemManage_Handler                      0x080027c8   Section        0  stm32f4xx_it.o(i.MemManage_Handler)
    i.Motor_Init                             0x080027cc   Section        0  motor.o(i.Motor_Init)
    i.MoveFifthMotor                         0x080027ec   Section        0  motor.o(i.MoveFifthMotor)
    i.MoveFirstGMotors                       0x080027f8   Section        0  motor.o(i.MoveFirstGMotors)
    i.MoveSecondGMotors                      0x08002840   Section        0  motor.o(i.MoveSecondGMotors)
    i.MyGetTextValue                         0x08002874   Section        0  screen.o(i.MyGetTextValue)
    i.MySetIcon                              0x080028ac   Section        0  hmi_driver.o(i.MySetIcon)
    i.NMI_Handler                            0x08002900   Section        0  stm32f4xx_it.o(i.NMI_Handler)
    i.NotifyButton                           0x08002904   Section        0  screen.o(i.NotifyButton)
    i.NotifyText                             0x08002abc   Section        0  screen.o(i.NotifyText)
    i.PendSV_Handler                         0x08002c2c   Section        0  stm32f4xx_it.o(i.PendSV_Handler)
    i.Position_Init                          0x08002c30   Section        0  motor.o(i.Position_Init)
    i.ProcessMessage                         0x08002c6c   Section        0  screen.o(i.ProcessMessage)
    i.PutDownMaterial                        0x08002ca4   Section        0  motor.o(i.PutDownMaterial)
    i.PutDown_posInit                        0x08002f40   Section        0  motor.o(i.PutDown_posInit)
    i.Run                                    0x08002f8c   Section        0  motor.o(i.Run)
    i.SVC_Handler                            0x08003020   Section        0  stm32f4xx_it.o(i.SVC_Handler)
    i.SendChar                               0x08003024   Section        0  usart.o(i.SendChar)
    i.SetButtonValue                         0x0800303c   Section        0  hmi_driver.o(i.SetButtonValue)
    i.SetScreen                              0x08003090   Section        0  hmi_driver.o(i.SetScreen)
    i.SetTextInt32                           0x080030ce   Section        0  hmi_driver.o(i.SetTextInt32)
    i.SysTick_Handler                        0x08003158   Section        0  stm32f4xx_it.o(i.SysTick_Handler)
    i.Sys_Run                                0x0800315c   Section        0  motor.o(i.Sys_Run)
    i.SystemClock_Config                     0x08003184   Section        0  main.o(i.SystemClock_Config)
    i.SystemInit                             0x08003218   Section        0  system_stm32f4xx.o(i.SystemInit)
    i.TIM2_IRQHandler                        0x08003228   Section        0  stm32f4xx_it.o(i.TIM2_IRQHandler)
    i.TIM3_IRQHandler                        0x08003234   Section        0  stm32f4xx_it.o(i.TIM3_IRQHandler)
    i.TIM6_DAC_IRQHandler                    0x08003240   Section        0  stm32f4xx_it.o(i.TIM6_DAC_IRQHandler)
    i.TIM_Base_SetConfig                     0x0800324c   Section        0  stm32f4xx_hal_tim.o(i.TIM_Base_SetConfig)
    i.TIM_ETR_SetConfig                      0x0800331c   Section        0  stm32f4xx_hal_tim.o(i.TIM_ETR_SetConfig)
    i.TIM_ITRx_SetConfig                     0x08003330   Section        0  stm32f4xx_hal_tim.o(i.TIM_ITRx_SetConfig)
    TIM_ITRx_SetConfig                       0x08003331   Thumb Code    16  stm32f4xx_hal_tim.o(i.TIM_ITRx_SetConfig)
    i.TIM_TI1_ConfigInputStage               0x08003340   Section        0  stm32f4xx_hal_tim.o(i.TIM_TI1_ConfigInputStage)
    TIM_TI1_ConfigInputStage                 0x08003341   Thumb Code    34  stm32f4xx_hal_tim.o(i.TIM_TI1_ConfigInputStage)
    i.TIM_TI2_ConfigInputStage               0x08003362   Section        0  stm32f4xx_hal_tim.o(i.TIM_TI2_ConfigInputStage)
    TIM_TI2_ConfigInputStage                 0x08003363   Thumb Code    36  stm32f4xx_hal_tim.o(i.TIM_TI2_ConfigInputStage)
    i.Tray_posInit                           0x08003388   Section        0  motor.o(i.Tray_posInit)
    i.UART_DMAAbortOnError                   0x080033c8   Section        0  stm32f4xx_hal_uart.o(i.UART_DMAAbortOnError)
    UART_DMAAbortOnError                     0x080033c9   Thumb Code    14  stm32f4xx_hal_uart.o(i.UART_DMAAbortOnError)
    i.UART_EndRxTransfer                     0x080033d6   Section        0  stm32f4xx_hal_uart.o(i.UART_EndRxTransfer)
    UART_EndRxTransfer                       0x080033d7   Thumb Code    78  stm32f4xx_hal_uart.o(i.UART_EndRxTransfer)
    i.UART_Receive_IT                        0x08003424   Section        0  stm32f4xx_hal_uart.o(i.UART_Receive_IT)
    UART_Receive_IT                          0x08003425   Thumb Code   194  stm32f4xx_hal_uart.o(i.UART_Receive_IT)
    i.UART_SetConfig                         0x080034e8   Section        0  stm32f4xx_hal_uart.o(i.UART_SetConfig)
    UART_SetConfig                           0x080034e9   Thumb Code   258  stm32f4xx_hal_uart.o(i.UART_SetConfig)
    i.UART_Start_Receive_IT                  0x080035f4   Section        0  stm32f4xx_hal_uart.o(i.UART_Start_Receive_IT)
    i.UART_WaitOnFlagUntilTimeout            0x0800362a   Section        0  stm32f4xx_hal_uart.o(i.UART_WaitOnFlagUntilTimeout)
    UART_WaitOnFlagUntilTimeout              0x0800362b   Thumb Code   114  stm32f4xx_hal_uart.o(i.UART_WaitOnFlagUntilTimeout)
    i.USART2_IRQHandler                      0x0800369c   Section        0  stm32f4xx_it.o(i.USART2_IRQHandler)
    i.UsageFault_Handler                     0x080036c0   Section        0  stm32f4xx_it.o(i.UsageFault_Handler)
    i.__NVIC_SetPriority                     0x080036c2   Section        0  stm32f4xx_hal_cortex.o(i.__NVIC_SetPriority)
    __NVIC_SetPriority                       0x080036c3   Thumb Code    32  stm32f4xx_hal_cortex.o(i.__NVIC_SetPriority)
    i.__scatterload_copy                     0x080036e2   Section       14  handlers.o(i.__scatterload_copy)
    i.__scatterload_null                     0x080036f0   Section        2  handlers.o(i.__scatterload_null)
    i.__scatterload_zeroinit                 0x080036f2   Section       14  handlers.o(i.__scatterload_zeroinit)
    i.canCRC_ATM                             0x08003700   Section        0  can.o(i.canCRC_ATM)
    i.canDataReceived                        0x08003718   Section        0  can.o(i.canDataReceived)
    i.main                                   0x08003764   Section        0  main.o(i.main)
    i.motorGoHome                            0x08003900   Section        0  motor.o(i.motorGoHome)
    i.motorGoPosition                        0x08003914   Section        0  motor.o(i.motorGoPosition)
    i.motor_AllGoHome                        0x08003940   Section        0  motor.o(i.motor_AllGoHome)
    i.motor_Stop                             0x08003a1c   Section        0  motor.o(i.motor_Stop)
    i.queue_find_cmd                         0x08003a30   Section        0  cmd_queue.o(i.queue_find_cmd)
    i.queue_push                             0x08003aa8   Section        0  cmd_queue.o(i.queue_push)
    i.queue_reset                            0x08003ac8   Section        0  cmd_queue.o(i.queue_reset)
    .constdata                               0x08003ae0   Section       16  system_stm32f4xx.o(.constdata)
    .constdata                               0x08003af0   Section        8  system_stm32f4xx.o(.constdata)
    .constdata                               0x08003af8   Section       64  ctype_c.o(.constdata)
    .data                                    0x20000000   Section        8  main.o(.data)
    .data                                    0x20000008   Section        1  main.o(.data)
    .data                                    0x20000009   Section        1  main.o(.data)
    .data                                    0x2000000a   Section        1  main.o(.data)
    .data                                    0x2000000b   Section        8  can.o(.data)
    .data                                    0x20000014   Section        8  stm32f4xx_it.o(.data)
    .data                                    0x2000001c   Section       12  stm32f4xx_hal.o(.data)
    .data                                    0x20000028   Section        4  system_stm32f4xx.o(.data)
    .data                                    0x2000002c   Section        9  motor.o(.data)
    .data                                    0x20000036   Section        2  motor.o(.data)
    .data                                    0x20000038   Section        2  motor.o(.data)
    .data                                    0x2000003a   Section        2  motor.o(.data)
    .data                                    0x2000003c   Section        8  cmd_queue.o(.data)
    cmd_pos                                  0x2000003c   Data           2  cmd_queue.o(.data)
    cmd_state                                0x20000040   Data           4  cmd_queue.o(.data)
    .bss                                     0x20000044   Section       40  can.o(.bss)
    .bss                                     0x2000006c   Section      216  tim.o(.bss)
    .bss                                     0x20000144   Section       72  usart.o(.bss)
    .bss                                     0x2000018c   Section      812  motor.o(.bss)
    .bss                                     0x200004b8   Section       64  screen.o(.bss)
    .bss                                     0x200004f8   Section      516  cmd_queue.o(.bss)
    que                                      0x200004f8   Data         516  cmd_queue.o(.bss)
    STACK                                    0x20000700   Section     1024  startup_stm32f405xx.o(STACK)

    Global Symbols

    Symbol Name                              Value     Ov Type        Size  Object(Section)

    BuildAttributes$$THM_ISAv4$E$P$D$K$B$S$7EM$VFPi3$EXTD16$VFPS$VFMA$PE$A:L22UL41UL21$X:L11$S22US41US21$IEEE1$IW$USESV6$~STKCKD$USESV7$~SHL$OSPACE$EBA8$MICROLIB$REQ8$PRES8$EABIv2 0x00000000   Number         0  anon$$obj.o ABSOLUTE
    __ARM_use_no_argv                        0x00000000   Number         0  main.o ABSOLUTE
    __cpp_initialize__aeabi_                  - Undefined Weak Reference
    __cxa_finalize                            - Undefined Weak Reference
    __decompress                              - Undefined Weak Reference
    _clock_init                               - Undefined Weak Reference
    _microlib_exit                            - Undefined Weak Reference
    _scanf_longlong                           - Undefined Weak Reference
    _scanf_real                               - Undefined Weak Reference
    _scanf_string                             - Undefined Weak Reference
    __Vectors_Size                           0x00000188   Number         0  startup_stm32f405xx.o ABSOLUTE
    __Vectors                                0x08000000   Data           4  startup_stm32f405xx.o(RESET)
    __Vectors_End                            0x08000188   Data           0  startup_stm32f405xx.o(RESET)
    __main                                   0x08000189   Thumb Code     0  entry.o(.ARM.Collect$$$$00000000)
    _main_stk                                0x08000189   Thumb Code     0  entry2.o(.ARM.Collect$$$$00000001)
    _main_scatterload                        0x0800018d   Thumb Code     0  entry5.o(.ARM.Collect$$$$00000004)
    __main_after_scatterload                 0x08000191   Thumb Code     0  entry5.o(.ARM.Collect$$$$00000004)
    _main_clock                              0x08000191   Thumb Code     0  entry7b.o(.ARM.Collect$$$$00000008)
    _main_cpp_init                           0x08000191   Thumb Code     0  entry8b.o(.ARM.Collect$$$$0000000A)
    _main_init                               0x08000191   Thumb Code     0  entry9a.o(.ARM.Collect$$$$0000000B)
    __rt_final_cpp                           0x08000199   Thumb Code     0  entry10a.o(.ARM.Collect$$$$0000000D)
    __rt_final_exit                          0x08000199   Thumb Code     0  entry11a.o(.ARM.Collect$$$$0000000F)
    Reset_Handler                            0x0800019d   Thumb Code     8  startup_stm32f405xx.o(.text)
    ADC_IRQHandler                           0x080001b7   Thumb Code     0  startup_stm32f405xx.o(.text)
    CAN1_RX1_IRQHandler                      0x080001b7   Thumb Code     0  startup_stm32f405xx.o(.text)
    CAN1_SCE_IRQHandler                      0x080001b7   Thumb Code     0  startup_stm32f405xx.o(.text)
    CAN1_TX_IRQHandler                       0x080001b7   Thumb Code     0  startup_stm32f405xx.o(.text)
    CAN2_RX0_IRQHandler                      0x080001b7   Thumb Code     0  startup_stm32f405xx.o(.text)
    CAN2_RX1_IRQHandler                      0x080001b7   Thumb Code     0  startup_stm32f405xx.o(.text)
    CAN2_SCE_IRQHandler                      0x080001b7   Thumb Code     0  startup_stm32f405xx.o(.text)
    CAN2_TX_IRQHandler                       0x080001b7   Thumb Code     0  startup_stm32f405xx.o(.text)
    DMA1_Stream0_IRQHandler                  0x080001b7   Thumb Code     0  startup_stm32f405xx.o(.text)
    DMA1_Stream1_IRQHandler                  0x080001b7   Thumb Code     0  startup_stm32f405xx.o(.text)
    DMA1_Stream2_IRQHandler                  0x080001b7   Thumb Code     0  startup_stm32f405xx.o(.text)
    DMA1_Stream3_IRQHandler                  0x080001b7   Thumb Code     0  startup_stm32f405xx.o(.text)
    DMA1_Stream4_IRQHandler                  0x080001b7   Thumb Code     0  startup_stm32f405xx.o(.text)
    DMA1_Stream5_IRQHandler                  0x080001b7   Thumb Code     0  startup_stm32f405xx.o(.text)
    DMA1_Stream6_IRQHandler                  0x080001b7   Thumb Code     0  startup_stm32f405xx.o(.text)
    DMA1_Stream7_IRQHandler                  0x080001b7   Thumb Code     0  startup_stm32f405xx.o(.text)
    DMA2_Stream0_IRQHandler                  0x080001b7   Thumb Code     0  startup_stm32f405xx.o(.text)
    DMA2_Stream1_IRQHandler                  0x080001b7   Thumb Code     0  startup_stm32f405xx.o(.text)
    DMA2_Stream2_IRQHandler                  0x080001b7   Thumb Code     0  startup_stm32f405xx.o(.text)
    DMA2_Stream3_IRQHandler                  0x080001b7   Thumb Code     0  startup_stm32f405xx.o(.text)
    DMA2_Stream4_IRQHandler                  0x080001b7   Thumb Code     0  startup_stm32f405xx.o(.text)
    DMA2_Stream5_IRQHandler                  0x080001b7   Thumb Code     0  startup_stm32f405xx.o(.text)
    DMA2_Stream6_IRQHandler                  0x080001b7   Thumb Code     0  startup_stm32f405xx.o(.text)
    DMA2_Stream7_IRQHandler                  0x080001b7   Thumb Code     0  startup_stm32f405xx.o(.text)
    EXTI0_IRQHandler                         0x080001b7   Thumb Code     0  startup_stm32f405xx.o(.text)
    EXTI15_10_IRQHandler                     0x080001b7   Thumb Code     0  startup_stm32f405xx.o(.text)
    EXTI1_IRQHandler                         0x080001b7   Thumb Code     0  startup_stm32f405xx.o(.text)
    EXTI2_IRQHandler                         0x080001b7   Thumb Code     0  startup_stm32f405xx.o(.text)
    EXTI3_IRQHandler                         0x080001b7   Thumb Code     0  startup_stm32f405xx.o(.text)
    EXTI4_IRQHandler                         0x080001b7   Thumb Code     0  startup_stm32f405xx.o(.text)
    FLASH_IRQHandler                         0x080001b7   Thumb Code     0  startup_stm32f405xx.o(.text)
    FMC_IRQHandler                           0x080001b7   Thumb Code     0  startup_stm32f405xx.o(.text)
    FPU_IRQHandler                           0x080001b7   Thumb Code     0  startup_stm32f405xx.o(.text)
    HASH_RNG_IRQHandler                      0x080001b7   Thumb Code     0  startup_stm32f405xx.o(.text)
    I2C1_ER_IRQHandler                       0x080001b7   Thumb Code     0  startup_stm32f405xx.o(.text)
    I2C1_EV_IRQHandler                       0x080001b7   Thumb Code     0  startup_stm32f405xx.o(.text)
    I2C2_ER_IRQHandler                       0x080001b7   Thumb Code     0  startup_stm32f405xx.o(.text)
    I2C2_EV_IRQHandler                       0x080001b7   Thumb Code     0  startup_stm32f405xx.o(.text)
    I2C3_ER_IRQHandler                       0x080001b7   Thumb Code     0  startup_stm32f405xx.o(.text)
    I2C3_EV_IRQHandler                       0x080001b7   Thumb Code     0  startup_stm32f405xx.o(.text)
    OTG_FS_IRQHandler                        0x080001b7   Thumb Code     0  startup_stm32f405xx.o(.text)
    OTG_FS_WKUP_IRQHandler                   0x080001b7   Thumb Code     0  startup_stm32f405xx.o(.text)
    OTG_HS_EP1_IN_IRQHandler                 0x080001b7   Thumb Code     0  startup_stm32f405xx.o(.text)
    OTG_HS_EP1_OUT_IRQHandler                0x080001b7   Thumb Code     0  startup_stm32f405xx.o(.text)
    OTG_HS_IRQHandler                        0x080001b7   Thumb Code     0  startup_stm32f405xx.o(.text)
    OTG_HS_WKUP_IRQHandler                   0x080001b7   Thumb Code     0  startup_stm32f405xx.o(.text)
    PVD_IRQHandler                           0x080001b7   Thumb Code     0  startup_stm32f405xx.o(.text)
    RCC_IRQHandler                           0x080001b7   Thumb Code     0  startup_stm32f405xx.o(.text)
    RTC_Alarm_IRQHandler                     0x080001b7   Thumb Code     0  startup_stm32f405xx.o(.text)
    RTC_WKUP_IRQHandler                      0x080001b7   Thumb Code     0  startup_stm32f405xx.o(.text)
    SDIO_IRQHandler                          0x080001b7   Thumb Code     0  startup_stm32f405xx.o(.text)
    SPI1_IRQHandler                          0x080001b7   Thumb Code     0  startup_stm32f405xx.o(.text)
    SPI2_IRQHandler                          0x080001b7   Thumb Code     0  startup_stm32f405xx.o(.text)
    SPI3_IRQHandler                          0x080001b7   Thumb Code     0  startup_stm32f405xx.o(.text)
    TAMP_STAMP_IRQHandler                    0x080001b7   Thumb Code     0  startup_stm32f405xx.o(.text)
    TIM1_BRK_TIM9_IRQHandler                 0x080001b7   Thumb Code     0  startup_stm32f405xx.o(.text)
    TIM1_CC_IRQHandler                       0x080001b7   Thumb Code     0  startup_stm32f405xx.o(.text)
    TIM1_TRG_COM_TIM11_IRQHandler            0x080001b7   Thumb Code     0  startup_stm32f405xx.o(.text)
    TIM1_UP_TIM10_IRQHandler                 0x080001b7   Thumb Code     0  startup_stm32f405xx.o(.text)
    TIM4_IRQHandler                          0x080001b7   Thumb Code     0  startup_stm32f405xx.o(.text)
    TIM5_IRQHandler                          0x080001b7   Thumb Code     0  startup_stm32f405xx.o(.text)
    TIM7_IRQHandler                          0x080001b7   Thumb Code     0  startup_stm32f405xx.o(.text)
    TIM8_BRK_TIM12_IRQHandler                0x080001b7   Thumb Code     0  startup_stm32f405xx.o(.text)
    TIM8_CC_IRQHandler                       0x080001b7   Thumb Code     0  startup_stm32f405xx.o(.text)
    TIM8_TRG_COM_TIM14_IRQHandler            0x080001b7   Thumb Code     0  startup_stm32f405xx.o(.text)
    TIM8_UP_TIM13_IRQHandler                 0x080001b7   Thumb Code     0  startup_stm32f405xx.o(.text)
    UART4_IRQHandler                         0x080001b7   Thumb Code     0  startup_stm32f405xx.o(.text)
    UART5_IRQHandler                         0x080001b7   Thumb Code     0  startup_stm32f405xx.o(.text)
    USART1_IRQHandler                        0x080001b7   Thumb Code     0  startup_stm32f405xx.o(.text)
    USART3_IRQHandler                        0x080001b7   Thumb Code     0  startup_stm32f405xx.o(.text)
    USART6_IRQHandler                        0x080001b7   Thumb Code     0  startup_stm32f405xx.o(.text)
    WWDG_IRQHandler                          0x080001b7   Thumb Code     0  startup_stm32f405xx.o(.text)
    __aeabi_uldivmod                         0x080001c1   Thumb Code    98  uldiv.o(.text)
    __aeabi_memset                           0x08000223   Thumb Code    14  memseta.o(.text)
    __aeabi_memset4                          0x08000223   Thumb Code     0  memseta.o(.text)
    __aeabi_memset8                          0x08000223   Thumb Code     0  memseta.o(.text)
    __aeabi_memclr                           0x08000231   Thumb Code     4  memseta.o(.text)
    __aeabi_memclr4                          0x08000231   Thumb Code     0  memseta.o(.text)
    __aeabi_memclr8                          0x08000231   Thumb Code     0  memseta.o(.text)
    _memset$wrapper                          0x08000235   Thumb Code    18  memseta.o(.text)
    __0sscanf                                0x08000249   Thumb Code    48  __0sscanf.o(.text)
    _scanf_int                               0x08000281   Thumb Code   332  _scanf_int.o(.text)
    __aeabi_llsl                             0x080003cd   Thumb Code    30  llshl.o(.text)
    _ll_shift_l                              0x080003cd   Thumb Code     0  llshl.o(.text)
    __aeabi_llsr                             0x080003eb   Thumb Code    32  llushr.o(.text)
    _ll_ushift_r                             0x080003eb   Thumb Code     0  llushr.o(.text)
    _chval                                   0x0800040b   Thumb Code    28  _chval.o(.text)
    __vfscanf_char                           0x08000435   Thumb Code    20  scanf_char.o(.text)
    _sgetc                                   0x08000451   Thumb Code    30  _sgetc.o(.text)
    _sbackspace                              0x0800046f   Thumb Code    34  _sgetc.o(.text)
    __scatterload                            0x08000491   Thumb Code    28  init.o(.text)
    __scatterload_rt2                        0x08000491   Thumb Code     0  init.o(.text)
    isspace                                  0x080004b5   Thumb Code    10  isspace_c.o(.text)
    __vfscanf                                0x080004c1   Thumb Code   808  _scanf.o(.text)
    __ctype_lookup                           0x080007ed   Thumb Code    34  ctype_c.o(.text)
    BusFault_Handler                         0x08000815   Thumb Code     2  stm32f4xx_it.o(i.BusFault_Handler)
    CAN1_Config                              0x08000819   Thumb Code    56  can.o(i.CAN1_Config)
    CAN1_RX0_IRQHandler                      0x08000855   Thumb Code     6  stm32f4xx_it.o(i.CAN1_RX0_IRQHandler)
    CAN1_Send_Msg                            0x08000861   Thumb Code    88  can.o(i.CAN1_Send_Msg)
    DebugMon_Handler                         0x080008bd   Thumb Code     2  stm32f4xx_it.o(i.DebugMon_Handler)
    EXTI9_5_IRQHandler                       0x080008bf   Thumb Code     6  stm32f4xx_it.o(i.EXTI9_5_IRQHandler)
    Error_Handler                            0x080008c5   Thumb Code     4  main.o(i.Error_Handler)
    GetControlValue                          0x080008c9   Thumb Code    76  hmi_driver.o(i.GetControlValue)
    GetMaterial                              0x08000915   Thumb Code   402  motor.o(i.GetMaterial)
    HAL_CAN_ActivateNotification             0x08000ab1   Thumb Code    36  stm32f4xx_hal_can.o(i.HAL_CAN_ActivateNotification)
    HAL_CAN_AddTxMessage                     0x08000ad5   Thumb Code   188  stm32f4xx_hal_can.o(i.HAL_CAN_AddTxMessage)
    HAL_CAN_ConfigFilter                     0x08000b91   Thumb Code   262  stm32f4xx_hal_can.o(i.HAL_CAN_ConfigFilter)
    HAL_CAN_ErrorCallback                    0x08000c9d   Thumb Code     2  stm32f4xx_hal_can.o(i.HAL_CAN_ErrorCallback)
    HAL_CAN_GetRxMessage                     0x08000c9f   Thumb Code   244  stm32f4xx_hal_can.o(i.HAL_CAN_GetRxMessage)
    HAL_CAN_GetTxMailboxesFreeLevel          0x08000d93   Thumb Code    44  stm32f4xx_hal_can.o(i.HAL_CAN_GetTxMailboxesFreeLevel)
    HAL_CAN_IRQHandler                       0x08000dbf   Thumb Code   508  stm32f4xx_hal_can.o(i.HAL_CAN_IRQHandler)
    HAL_CAN_Init                             0x08000fbb   Thumb Code   282  stm32f4xx_hal_can.o(i.HAL_CAN_Init)
    HAL_CAN_MspInit                          0x080010d5   Thumb Code   110  can.o(i.HAL_CAN_MspInit)
    HAL_CAN_RxFifo0FullCallback              0x08001151   Thumb Code     2  stm32f4xx_hal_can.o(i.HAL_CAN_RxFifo0FullCallback)
    HAL_CAN_RxFifo0MsgPendingCallback        0x08001153   Thumb Code    36  can.o(i.HAL_CAN_RxFifo0MsgPendingCallback)
    HAL_CAN_RxFifo1FullCallback              0x08001177   Thumb Code     2  stm32f4xx_hal_can.o(i.HAL_CAN_RxFifo1FullCallback)
    HAL_CAN_RxFifo1MsgPendingCallback        0x08001179   Thumb Code     2  stm32f4xx_hal_can.o(i.HAL_CAN_RxFifo1MsgPendingCallback)
    HAL_CAN_SleepCallback                    0x0800117b   Thumb Code     2  stm32f4xx_hal_can.o(i.HAL_CAN_SleepCallback)
    HAL_CAN_Start                            0x0800117d   Thumb Code    88  stm32f4xx_hal_can.o(i.HAL_CAN_Start)
    HAL_CAN_TxMailbox0AbortCallback          0x080011d5   Thumb Code     2  stm32f4xx_hal_can.o(i.HAL_CAN_TxMailbox0AbortCallback)
    HAL_CAN_TxMailbox0CompleteCallback       0x080011d7   Thumb Code     2  stm32f4xx_hal_can.o(i.HAL_CAN_TxMailbox0CompleteCallback)
    HAL_CAN_TxMailbox1AbortCallback          0x080011d9   Thumb Code     2  stm32f4xx_hal_can.o(i.HAL_CAN_TxMailbox1AbortCallback)
    HAL_CAN_TxMailbox1CompleteCallback       0x080011db   Thumb Code     2  stm32f4xx_hal_can.o(i.HAL_CAN_TxMailbox1CompleteCallback)
    HAL_CAN_TxMailbox2AbortCallback          0x080011dd   Thumb Code     2  stm32f4xx_hal_can.o(i.HAL_CAN_TxMailbox2AbortCallback)
    HAL_CAN_TxMailbox2CompleteCallback       0x080011df   Thumb Code     2  stm32f4xx_hal_can.o(i.HAL_CAN_TxMailbox2CompleteCallback)
    HAL_CAN_WakeUpFromRxMsgCallback          0x080011e1   Thumb Code     2  stm32f4xx_hal_can.o(i.HAL_CAN_WakeUpFromRxMsgCallback)
    HAL_DMA_Abort                            0x080011e3   Thumb Code   146  stm32f4xx_hal_dma.o(i.HAL_DMA_Abort)
    HAL_DMA_Abort_IT                         0x08001275   Thumb Code    36  stm32f4xx_hal_dma.o(i.HAL_DMA_Abort_IT)
    HAL_Delay                                0x08001299   Thumb Code    32  stm32f4xx_hal.o(i.HAL_Delay)
    HAL_GPIO_EXTI_Callback                   0x080012bd   Thumb Code    82  stm32f4xx_it.o(i.HAL_GPIO_EXTI_Callback)
    HAL_GPIO_EXTI_IRQHandler                 0x08001319   Thumb Code    18  stm32f4xx_hal_gpio.o(i.HAL_GPIO_EXTI_IRQHandler)
    HAL_GPIO_Init                            0x08001331   Thumb Code   450  stm32f4xx_hal_gpio.o(i.HAL_GPIO_Init)
    HAL_GPIO_ReadPin                         0x08001521   Thumb Code    10  stm32f4xx_hal_gpio.o(i.HAL_GPIO_ReadPin)
    HAL_GPIO_TogglePin                       0x0800152b   Thumb Code    16  stm32f4xx_hal_gpio.o(i.HAL_GPIO_TogglePin)
    HAL_GPIO_WritePin                        0x0800153b   Thumb Code    10  stm32f4xx_hal_gpio.o(i.HAL_GPIO_WritePin)
    HAL_GetTick                              0x08001545   Thumb Code     6  stm32f4xx_hal.o(i.HAL_GetTick)
    HAL_IncTick                              0x08001551   Thumb Code    12  stm32f4xx_hal.o(i.HAL_IncTick)
    HAL_Init                                 0x08001561   Thumb Code    48  stm32f4xx_hal.o(i.HAL_Init)
    HAL_InitTick                             0x08001595   Thumb Code    54  stm32f4xx_hal.o(i.HAL_InitTick)
    HAL_MspInit                              0x080015d5   Thumb Code    42  stm32f4xx_hal_msp.o(i.HAL_MspInit)
    HAL_NVIC_EnableIRQ                       0x08001605   Thumb Code    26  stm32f4xx_hal_cortex.o(i.HAL_NVIC_EnableIRQ)
    HAL_NVIC_SetPriority                     0x08001621   Thumb Code    60  stm32f4xx_hal_cortex.o(i.HAL_NVIC_SetPriority)
    HAL_NVIC_SetPriorityGrouping             0x08001661   Thumb Code    26  stm32f4xx_hal_cortex.o(i.HAL_NVIC_SetPriorityGrouping)
    HAL_RCC_ClockConfig                      0x08001685   Thumb Code   288  stm32f4xx_hal_rcc.o(i.HAL_RCC_ClockConfig)
    HAL_RCC_GetPCLK1Freq                     0x080017b9   Thumb Code    20  stm32f4xx_hal_rcc.o(i.HAL_RCC_GetPCLK1Freq)
    HAL_RCC_GetPCLK2Freq                     0x080017d9   Thumb Code    20  stm32f4xx_hal_rcc.o(i.HAL_RCC_GetPCLK2Freq)
    HAL_RCC_GetSysClockFreq                  0x080017f9   Thumb Code    88  stm32f4xx_hal_rcc.o(i.HAL_RCC_GetSysClockFreq)
    HAL_RCC_OscConfig                        0x08001859   Thumb Code   856  stm32f4xx_hal_rcc.o(i.HAL_RCC_OscConfig)
    HAL_SYSTICK_Config                       0x08001bc5   Thumb Code    40  stm32f4xx_hal_cortex.o(i.HAL_SYSTICK_Config)
    HAL_TIMEx_BreakCallback                  0x08001bed   Thumb Code     2  stm32f4xx_hal_tim_ex.o(i.HAL_TIMEx_BreakCallback)
    HAL_TIMEx_CommutCallback                 0x08001bef   Thumb Code     2  stm32f4xx_hal_tim_ex.o(i.HAL_TIMEx_CommutCallback)
    HAL_TIMEx_MasterConfigSynchronization    0x08001bf1   Thumb Code   116  stm32f4xx_hal_tim_ex.o(i.HAL_TIMEx_MasterConfigSynchronization)
    HAL_TIM_Base_Init                        0x08001c81   Thumb Code    90  stm32f4xx_hal_tim.o(i.HAL_TIM_Base_Init)
    HAL_TIM_Base_MspInit                     0x08001cdd   Thumb Code   122  tim.o(i.HAL_TIM_Base_MspInit)
    HAL_TIM_Base_Start_IT                    0x08001d65   Thumb Code   100  stm32f4xx_hal_tim.o(i.HAL_TIM_Base_Start_IT)
    HAL_TIM_ConfigClockSource                0x08001de5   Thumb Code   220  stm32f4xx_hal_tim.o(i.HAL_TIM_ConfigClockSource)
    HAL_TIM_IC_CaptureCallback               0x08001ec1   Thumb Code     2  stm32f4xx_hal_tim.o(i.HAL_TIM_IC_CaptureCallback)
    HAL_TIM_IRQHandler                       0x08001ec3   Thumb Code   304  stm32f4xx_hal_tim.o(i.HAL_TIM_IRQHandler)
    HAL_TIM_OC_DelayElapsedCallback          0x08001ff3   Thumb Code     2  stm32f4xx_hal_tim.o(i.HAL_TIM_OC_DelayElapsedCallback)
    HAL_TIM_PWM_PulseFinishedCallback        0x08001ff5   Thumb Code     2  stm32f4xx_hal_tim.o(i.HAL_TIM_PWM_PulseFinishedCallback)
    HAL_TIM_PeriodElapsedCallback            0x08001ff9   Thumb Code    44  stm32f4xx_it.o(i.HAL_TIM_PeriodElapsedCallback)
    HAL_TIM_TriggerCallback                  0x08002031   Thumb Code     2  stm32f4xx_hal_tim.o(i.HAL_TIM_TriggerCallback)
    HAL_UARTEx_RxEventCallback               0x08002033   Thumb Code     2  stm32f4xx_hal_uart.o(i.HAL_UARTEx_RxEventCallback)
    HAL_UART_ErrorCallback                   0x08002035   Thumb Code     2  stm32f4xx_hal_uart.o(i.HAL_UART_ErrorCallback)
    HAL_UART_IRQHandler                      0x08002039   Thumb Code   636  stm32f4xx_hal_uart.o(i.HAL_UART_IRQHandler)
    HAL_UART_Init                            0x080022b9   Thumb Code   100  stm32f4xx_hal_uart.o(i.HAL_UART_Init)
    HAL_UART_MspInit                         0x0800231d   Thumb Code   108  usart.o(i.HAL_UART_MspInit)
    HAL_UART_Receive_IT                      0x08002395   Thumb Code    28  stm32f4xx_hal_uart.o(i.HAL_UART_Receive_IT)
    HAL_UART_RxCpltCallback                  0x080023b1   Thumb Code    10  usart.o(i.HAL_UART_RxCpltCallback)
    HAL_UART_Transmit                        0x080023c5   Thumb Code   160  stm32f4xx_hal_uart.o(i.HAL_UART_Transmit)
    HAL_UART_TxCpltCallback                  0x08002465   Thumb Code     2  stm32f4xx_hal_uart.o(i.HAL_UART_TxCpltCallback)
    HardFault_Handler                        0x08002467   Thumb Code     2  stm32f4xx_it.o(i.HardFault_Handler)
    IO_Read                                  0x08002469   Thumb Code    26  motor.o(i.IO_Read)
    IO_Tran                                  0x0800248d   Thumb Code    34  motor.o(i.IO_Tran)
    MX_CAN1_Init                             0x080024b5   Thumb Code    60  can.o(i.MX_CAN1_Init)
    MX_GPIO_Init                             0x080024f9   Thumb Code   370  gpio.o(i.MX_GPIO_Init)
    MX_TIM2_Init                             0x08002681   Thumb Code   100  tim.o(i.MX_TIM2_Init)
    MX_TIM3_Init                             0x080026e9   Thumb Code    92  tim.o(i.MX_TIM3_Init)
    MX_TIM6_Init                             0x0800274d   Thumb Code    58  tim.o(i.MX_TIM6_Init)
    MX_USART2_UART_Init                      0x08002791   Thumb Code    48  usart.o(i.MX_USART2_UART_Init)
    MemManage_Handler                        0x080027c9   Thumb Code     2  stm32f4xx_it.o(i.MemManage_Handler)
    Motor_Init                               0x080027cd   Thumb Code    26  motor.o(i.Motor_Init)
    MoveFifthMotor                           0x080027ed   Thumb Code    12  motor.o(i.MoveFifthMotor)
    MoveFirstGMotors                         0x080027f9   Thumb Code    66  motor.o(i.MoveFirstGMotors)
    MoveSecondGMotors                        0x08002841   Thumb Code    46  motor.o(i.MoveSecondGMotors)
    MyGetTextValue                           0x08002875   Thumb Code    56  screen.o(i.MyGetTextValue)
    MySetIcon                                0x080028ad   Thumb Code    84  hmi_driver.o(i.MySetIcon)
    NMI_Handler                              0x08002901   Thumb Code     2  stm32f4xx_it.o(i.NMI_Handler)
    NotifyButton                             0x08002905   Thumb Code   390  screen.o(i.NotifyButton)
    NotifyText                               0x08002abd   Thumb Code   348  screen.o(i.NotifyText)
    PendSV_Handler                           0x08002c2d   Thumb Code     2  stm32f4xx_it.o(i.PendSV_Handler)
    Position_Init                            0x08002c31   Thumb Code    50  motor.o(i.Position_Init)
    ProcessMessage                           0x08002c6d   Thumb Code    56  screen.o(i.ProcessMessage)
    PutDownMaterial                          0x08002ca5   Thumb Code   660  motor.o(i.PutDownMaterial)
    PutDown_posInit                          0x08002f41   Thumb Code    66  motor.o(i.PutDown_posInit)
    Run                                      0x08002f8d   Thumb Code   144  motor.o(i.Run)
    SVC_Handler                              0x08003021   Thumb Code     2  stm32f4xx_it.o(i.SVC_Handler)
    SendChar                                 0x08003025   Thumb Code    18  usart.o(i.SendChar)
    SetButtonValue                           0x0800303d   Thumb Code    84  hmi_driver.o(i.SetButtonValue)
    SetScreen                                0x08003091   Thumb Code    62  hmi_driver.o(i.SetScreen)
    SetTextInt32                             0x080030cf   Thumb Code   138  hmi_driver.o(i.SetTextInt32)
    SysTick_Handler                          0x08003159   Thumb Code     4  stm32f4xx_it.o(i.SysTick_Handler)
    Sys_Run                                  0x0800315d   Thumb Code    40  motor.o(i.Sys_Run)
    SystemClock_Config                       0x08003185   Thumb Code   138  main.o(i.SystemClock_Config)
    SystemInit                               0x08003219   Thumb Code    12  system_stm32f4xx.o(i.SystemInit)
    TIM2_IRQHandler                          0x08003229   Thumb Code     6  stm32f4xx_it.o(i.TIM2_IRQHandler)
    TIM3_IRQHandler                          0x08003235   Thumb Code     6  stm32f4xx_it.o(i.TIM3_IRQHandler)
    TIM6_DAC_IRQHandler                      0x08003241   Thumb Code     6  stm32f4xx_it.o(i.TIM6_DAC_IRQHandler)
    TIM_Base_SetConfig                       0x0800324d   Thumb Code   164  stm32f4xx_hal_tim.o(i.TIM_Base_SetConfig)
    TIM_ETR_SetConfig                        0x0800331d   Thumb Code    20  stm32f4xx_hal_tim.o(i.TIM_ETR_SetConfig)
    Tray_posInit                             0x08003389   Thumb Code    54  motor.o(i.Tray_posInit)
    UART_Start_Receive_IT                    0x080035f5   Thumb Code    54  stm32f4xx_hal_uart.o(i.UART_Start_Receive_IT)
    USART2_IRQHandler                        0x0800369d   Thumb Code    32  stm32f4xx_it.o(i.USART2_IRQHandler)
    UsageFault_Handler                       0x080036c1   Thumb Code     2  stm32f4xx_it.o(i.UsageFault_Handler)
    __scatterload_copy                       0x080036e3   Thumb Code    14  handlers.o(i.__scatterload_copy)
    __scatterload_null                       0x080036f1   Thumb Code     2  handlers.o(i.__scatterload_null)
    __scatterload_zeroinit                   0x080036f3   Thumb Code    14  handlers.o(i.__scatterload_zeroinit)
    canCRC_ATM                               0x08003701   Thumb Code    24  can.o(i.canCRC_ATM)
    canDataReceived                          0x08003719   Thumb Code    72  can.o(i.canDataReceived)
    main                                     0x08003765   Thumb Code   376  main.o(i.main)
    motorGoHome                              0x08003901   Thumb Code    16  motor.o(i.motorGoHome)
    motorGoPosition                          0x08003915   Thumb Code    40  motor.o(i.motorGoPosition)
    motor_AllGoHome                          0x08003941   Thumb Code   202  motor.o(i.motor_AllGoHome)
    motor_Stop                               0x08003a1d   Thumb Code    20  motor.o(i.motor_Stop)
    queue_find_cmd                           0x08003a31   Thumb Code   112  cmd_queue.o(i.queue_find_cmd)
    queue_push                               0x08003aa9   Thumb Code    26  cmd_queue.o(i.queue_push)
    queue_reset                              0x08003ac9   Thumb Code    16  cmd_queue.o(i.queue_reset)
    AHBPrescTable                            0x08003ae0   Data          16  system_stm32f4xx.o(.constdata)
    APBPrescTable                            0x08003af0   Data           8  system_stm32f4xx.o(.constdata)
    __ctype_categories                       0x08003af8   Data          64  ctype_c.o(.constdata)
    Region$$Table$$Base                      0x08003b38   Number         0  anon$$obj.o(Region$$Table)
    Region$$Table$$Limit                     0x08003b58   Number         0  anon$$obj.o(Region$$Table)
    debug                                    0x20000000   Data           1  main.o(.data)
    state_dbg                                0x20000001   Data           1  main.o(.data)
    heigh_dbg                                0x20000004   Data           4  main.o(.data)
    firstFlag_dgb                            0x20000008   Data           1  main.o(.data)
    secondFlag_dgb                           0x20000009   Data           1  main.o(.data)
    goHomeFlag_dbg                           0x2000000a   Data           1  main.o(.data)
    txBuffer                                 0x2000000b   Data           8  can.o(.data)
    size                                     0x20000014   Data           2  stm32f4xx_it.o(.data)
    last_tick                                0x20000018   Data           4  stm32f4xx_it.o(.data)
    uwTickFreq                               0x2000001c   Data           1  stm32f4xx_hal.o(.data)
    uwTickPrio                               0x20000020   Data           4  stm32f4xx_hal.o(.data)
    uwTick                                   0x20000024   Data           4  stm32f4xx_hal.o(.data)
    SystemCoreClock                          0x20000028   Data           4  system_stm32f4xx.o(.data)
    tray_num                                 0x2000002c   Data           1  motor.o(.data)
    updateFlag                               0x2000002d   Data           1  motor.o(.data)
    sys_state                                0x2000002e   Data           1  motor.o(.data)
    stop_state                               0x2000002f   Data           1  motor.o(.data)
    inputs                                   0x20000030   Data           5  motor.o(.data)
    tray_offset                              0x20000036   Data           2  motor.o(.data)
    PutDown_offset                           0x20000038   Data           2  motor.o(.data)
    heigh                                    0x2000003a   Data           2  motor.o(.data)
    hcan1                                    0x20000044   Data          40  can.o(.bss)
    htim2                                    0x2000006c   Data          72  tim.o(.bss)
    htim3                                    0x200000b4   Data          72  tim.o(.bss)
    htim6                                    0x200000fc   Data          72  tim.o(.bss)
    huart2                                   0x20000144   Data          72  usart.o(.bss)
    motor_statuses                           0x2000018c   Data          10  motor.o(.bss)
    tray_position                            0x20000198   Data         400  motor.o(.bss)
    PutDown_position                         0x20000328   Data         400  motor.o(.bss)
    cmd_buffer                               0x200004b8   Data          64  screen.o(.bss)
    __initial_sp                             0x20000b00   Data           0  startup_stm32f405xx.o(STACK)



==============================================================================

Memory Map of the image

  Image Entry point : 0x08000189

  Load Region LR_IROM1 (Base: 0x08000000, Size: 0x00003b9c, Max: 0x00100000, ABSOLUTE)

    Execution Region ER_IROM1 (Base: 0x08000000, Size: 0x00003b58, Max: 0x00100000, ABSOLUTE)

    Base Addr    Size         Type   Attr      Idx    E Section Name        Object

    0x08000000   0x00000188   Data   RO            3    RESET               startup_stm32f405xx.o
    0x08000188   0x00000000   Code   RO         4295  * .ARM.Collect$$$$00000000  mc_w.l(entry.o)
    0x08000188   0x00000004   Code   RO         4306    .ARM.Collect$$$$00000001  mc_w.l(entry2.o)
    0x0800018c   0x00000004   Code   RO         4309    .ARM.Collect$$$$00000004  mc_w.l(entry5.o)
    0x08000190   0x00000000   Code   RO         4311    .ARM.Collect$$$$00000008  mc_w.l(entry7b.o)
    0x08000190   0x00000000   Code   RO         4313    .ARM.Collect$$$$0000000A  mc_w.l(entry8b.o)
    0x08000190   0x00000008   Code   RO         4314    .ARM.Collect$$$$0000000B  mc_w.l(entry9a.o)
    0x08000198   0x00000000   Code   RO         4316    .ARM.Collect$$$$0000000D  mc_w.l(entry10a.o)
    0x08000198   0x00000000   Code   RO         4318    .ARM.Collect$$$$0000000F  mc_w.l(entry11a.o)
    0x08000198   0x00000004   Code   RO         4307    .ARM.Collect$$$$00002712  mc_w.l(entry2.o)
    0x0800019c   0x00000024   Code   RO            4    .text               startup_stm32f405xx.o
    0x080001c0   0x00000062   Code   RO         4298    .text               mc_w.l(uldiv.o)
    0x08000222   0x00000024   Code   RO         4300    .text               mc_w.l(memseta.o)
    0x08000246   0x00000002   PAD
    0x08000248   0x00000038   Code   RO         4302    .text               mc_w.l(__0sscanf.o)
    0x08000280   0x0000014c   Code   RO         4304    .text               mc_w.l(_scanf_int.o)
    0x080003cc   0x0000001e   Code   RO         4320    .text               mc_w.l(llshl.o)
    0x080003ea   0x00000020   Code   RO         4322    .text               mc_w.l(llushr.o)
    0x0800040a   0x0000001c   Code   RO         4324    .text               mc_w.l(_chval.o)
    0x08000426   0x00000002   PAD
    0x08000428   0x00000028   Code   RO         4326    .text               mc_w.l(scanf_char.o)
    0x08000450   0x00000040   Code   RO         4328    .text               mc_w.l(_sgetc.o)
    0x08000490   0x00000024   Code   RO         4330    .text               mc_w.l(init.o)
    0x080004b4   0x0000000a   Code   RO         4332    .text               mc_w.l(isspace_c.o)
    0x080004be   0x00000002   PAD
    0x080004c0   0x0000032c   Code   RO         4334    .text               mc_w.l(_scanf.o)
    0x080007ec   0x00000028   Code   RO         4336    .text               mc_w.l(ctype_c.o)
    0x08000814   0x00000002   Code   RO          400    i.BusFault_Handler  stm32f4xx_it.o
    0x08000816   0x00000002   PAD
    0x08000818   0x0000003c   Code   RO          215    i.CAN1_Config       can.o
    0x08000854   0x0000000c   Code   RO          401    i.CAN1_RX0_IRQHandler  stm32f4xx_it.o
    0x08000860   0x0000005c   Code   RO          216    i.CAN1_Send_Msg     can.o
    0x080008bc   0x00000002   Code   RO          402    i.DebugMon_Handler  stm32f4xx_it.o
    0x080008be   0x00000006   Code   RO          403    i.EXTI9_5_IRQHandler  stm32f4xx_it.o
    0x080008c4   0x00000004   Code   RO           13    i.Error_Handler     main.o
    0x080008c8   0x0000004c   Code   RO         3613    i.GetControlValue   hmi_driver.o
    0x08000914   0x0000019c   Code   RO         3309    i.GetMaterial       motor.o
    0x08000ab0   0x00000024   Code   RO          552    i.HAL_CAN_ActivateNotification  stm32f4xx_hal_can.o
    0x08000ad4   0x000000bc   Code   RO          553    i.HAL_CAN_AddTxMessage  stm32f4xx_hal_can.o
    0x08000b90   0x0000010c   Code   RO          554    i.HAL_CAN_ConfigFilter  stm32f4xx_hal_can.o
    0x08000c9c   0x00000002   Code   RO          557    i.HAL_CAN_ErrorCallback  stm32f4xx_hal_can.o
    0x08000c9e   0x000000f4   Code   RO          560    i.HAL_CAN_GetRxMessage  stm32f4xx_hal_can.o
    0x08000d92   0x0000002c   Code   RO          562    i.HAL_CAN_GetTxMailboxesFreeLevel  stm32f4xx_hal_can.o
    0x08000dbe   0x000001fc   Code   RO          564    i.HAL_CAN_IRQHandler  stm32f4xx_hal_can.o
    0x08000fba   0x0000011a   Code   RO          565    i.HAL_CAN_Init      stm32f4xx_hal_can.o
    0x080010d4   0x0000007c   Code   RO          218    i.HAL_CAN_MspInit   can.o
    0x08001150   0x00000002   Code   RO          572    i.HAL_CAN_RxFifo0FullCallback  stm32f4xx_hal_can.o
    0x08001152   0x00000024   Code   RO          219    i.HAL_CAN_RxFifo0MsgPendingCallback  can.o
    0x08001176   0x00000002   Code   RO          574    i.HAL_CAN_RxFifo1FullCallback  stm32f4xx_hal_can.o
    0x08001178   0x00000002   Code   RO          575    i.HAL_CAN_RxFifo1MsgPendingCallback  stm32f4xx_hal_can.o
    0x0800117a   0x00000002   Code   RO          576    i.HAL_CAN_SleepCallback  stm32f4xx_hal_can.o
    0x0800117c   0x00000058   Code   RO          577    i.HAL_CAN_Start     stm32f4xx_hal_can.o
    0x080011d4   0x00000002   Code   RO          579    i.HAL_CAN_TxMailbox0AbortCallback  stm32f4xx_hal_can.o
    0x080011d6   0x00000002   Code   RO          580    i.HAL_CAN_TxMailbox0CompleteCallback  stm32f4xx_hal_can.o
    0x080011d8   0x00000002   Code   RO          581    i.HAL_CAN_TxMailbox1AbortCallback  stm32f4xx_hal_can.o
    0x080011da   0x00000002   Code   RO          582    i.HAL_CAN_TxMailbox1CompleteCallback  stm32f4xx_hal_can.o
    0x080011dc   0x00000002   Code   RO          583    i.HAL_CAN_TxMailbox2AbortCallback  stm32f4xx_hal_can.o
    0x080011de   0x00000002   Code   RO          584    i.HAL_CAN_TxMailbox2CompleteCallback  stm32f4xx_hal_can.o
    0x080011e0   0x00000002   Code   RO          586    i.HAL_CAN_WakeUpFromRxMsgCallback  stm32f4xx_hal_can.o
    0x080011e2   0x00000092   Code   RO         1247    i.HAL_DMA_Abort     stm32f4xx_hal_dma.o
    0x08001274   0x00000024   Code   RO         1248    i.HAL_DMA_Abort_IT  stm32f4xx_hal_dma.o
    0x08001298   0x00000024   Code   RO         1684    i.HAL_Delay         stm32f4xx_hal.o
    0x080012bc   0x0000005c   Code   RO          404    i.HAL_GPIO_EXTI_Callback  stm32f4xx_it.o
    0x08001318   0x00000018   Code   RO         1139    i.HAL_GPIO_EXTI_IRQHandler  stm32f4xx_hal_gpio.o
    0x08001330   0x000001f0   Code   RO         1140    i.HAL_GPIO_Init     stm32f4xx_hal_gpio.o
    0x08001520   0x0000000a   Code   RO         1142    i.HAL_GPIO_ReadPin  stm32f4xx_hal_gpio.o
    0x0800152a   0x00000010   Code   RO         1143    i.HAL_GPIO_TogglePin  stm32f4xx_hal_gpio.o
    0x0800153a   0x0000000a   Code   RO         1144    i.HAL_GPIO_WritePin  stm32f4xx_hal_gpio.o
    0x08001544   0x0000000c   Code   RO         1690    i.HAL_GetTick       stm32f4xx_hal.o
    0x08001550   0x00000010   Code   RO         1696    i.HAL_IncTick       stm32f4xx_hal.o
    0x08001560   0x00000034   Code   RO         1697    i.HAL_Init          stm32f4xx_hal.o
    0x08001594   0x00000040   Code   RO         1698    i.HAL_InitTick      stm32f4xx_hal.o
    0x080015d4   0x00000030   Code   RO          527    i.HAL_MspInit       stm32f4xx_hal_msp.o
    0x08001604   0x0000001a   Code   RO         1532    i.HAL_NVIC_EnableIRQ  stm32f4xx_hal_cortex.o
    0x0800161e   0x00000002   PAD
    0x08001620   0x00000040   Code   RO         1538    i.HAL_NVIC_SetPriority  stm32f4xx_hal_cortex.o
    0x08001660   0x00000024   Code   RO         1539    i.HAL_NVIC_SetPriorityGrouping  stm32f4xx_hal_cortex.o
    0x08001684   0x00000134   Code   RO          786    i.HAL_RCC_ClockConfig  stm32f4xx_hal_rcc.o
    0x080017b8   0x00000020   Code   RO          793    i.HAL_RCC_GetPCLK1Freq  stm32f4xx_hal_rcc.o
    0x080017d8   0x00000020   Code   RO          794    i.HAL_RCC_GetPCLK2Freq  stm32f4xx_hal_rcc.o
    0x080017f8   0x00000060   Code   RO          795    i.HAL_RCC_GetSysClockFreq  stm32f4xx_hal_rcc.o
    0x08001858   0x0000036c   Code   RO          798    i.HAL_RCC_OscConfig  stm32f4xx_hal_rcc.o
    0x08001bc4   0x00000028   Code   RO         1543    i.HAL_SYSTICK_Config  stm32f4xx_hal_cortex.o
    0x08001bec   0x00000002   Code   RO         2641    i.HAL_TIMEx_BreakCallback  stm32f4xx_hal_tim_ex.o
    0x08001bee   0x00000002   Code   RO         2642    i.HAL_TIMEx_CommutCallback  stm32f4xx_hal_tim_ex.o
    0x08001bf0   0x00000090   Code   RO         2660    i.HAL_TIMEx_MasterConfigSynchronization  stm32f4xx_hal_tim_ex.o
    0x08001c80   0x0000005a   Code   RO         1937    i.HAL_TIM_Base_Init  stm32f4xx_hal_tim.o
    0x08001cda   0x00000002   PAD
    0x08001cdc   0x00000088   Code   RO          289    i.HAL_TIM_Base_MspInit  tim.o
    0x08001d64   0x00000080   Code   RO         1942    i.HAL_TIM_Base_Start_IT  stm32f4xx_hal_tim.o
    0x08001de4   0x000000dc   Code   RO         1946    i.HAL_TIM_ConfigClockSource  stm32f4xx_hal_tim.o
    0x08001ec0   0x00000002   Code   RO         1971    i.HAL_TIM_IC_CaptureCallback  stm32f4xx_hal_tim.o
    0x08001ec2   0x00000130   Code   RO         1985    i.HAL_TIM_IRQHandler  stm32f4xx_hal_tim.o
    0x08001ff2   0x00000002   Code   RO         1988    i.HAL_TIM_OC_DelayElapsedCallback  stm32f4xx_hal_tim.o
    0x08001ff4   0x00000002   Code   RO         2015    i.HAL_TIM_PWM_PulseFinishedCallback  stm32f4xx_hal_tim.o
    0x08001ff6   0x00000002   PAD
    0x08001ff8   0x00000038   Code   RO          405    i.HAL_TIM_PeriodElapsedCallback  stm32f4xx_it.o
    0x08002030   0x00000002   Code   RO         2028    i.HAL_TIM_TriggerCallback  stm32f4xx_hal_tim.o
    0x08002032   0x00000002   Code   RO         2920    i.HAL_UARTEx_RxEventCallback  stm32f4xx_hal_uart.o
    0x08002034   0x00000002   Code   RO         2934    i.HAL_UART_ErrorCallback  stm32f4xx_hal_uart.o
    0x08002036   0x00000002   PAD
    0x08002038   0x00000280   Code   RO         2937    i.HAL_UART_IRQHandler  stm32f4xx_hal_uart.o
    0x080022b8   0x00000064   Code   RO         2938    i.HAL_UART_Init     stm32f4xx_hal_uart.o
    0x0800231c   0x00000078   Code   RO          343    i.HAL_UART_MspInit  usart.o
    0x08002394   0x0000001c   Code   RO         2943    i.HAL_UART_Receive_IT  stm32f4xx_hal_uart.o
    0x080023b0   0x00000014   Code   RO          344    i.HAL_UART_RxCpltCallback  usart.o
    0x080023c4   0x000000a0   Code   RO         2946    i.HAL_UART_Transmit  stm32f4xx_hal_uart.o
    0x08002464   0x00000002   Code   RO         2949    i.HAL_UART_TxCpltCallback  stm32f4xx_hal_uart.o
    0x08002466   0x00000002   Code   RO          406    i.HardFault_Handler  stm32f4xx_it.o
    0x08002468   0x00000024   Code   RO         3310    i.IO_Read           motor.o
    0x0800248c   0x00000028   Code   RO         3311    i.IO_Tran           motor.o
    0x080024b4   0x00000044   Code   RO          220    i.MX_CAN1_Init      can.o
    0x080024f8   0x00000188   Code   RO          191    i.MX_GPIO_Init      gpio.o
    0x08002680   0x00000068   Code   RO          290    i.MX_TIM2_Init      tim.o
    0x080026e8   0x00000064   Code   RO          291    i.MX_TIM3_Init      tim.o
    0x0800274c   0x00000044   Code   RO          292    i.MX_TIM6_Init      tim.o
    0x08002790   0x00000038   Code   RO          345    i.MX_USART2_UART_Init  usart.o
    0x080027c8   0x00000002   Code   RO          407    i.MemManage_Handler  stm32f4xx_it.o
    0x080027ca   0x00000002   PAD
    0x080027cc   0x00000020   Code   RO         3312    i.Motor_Init        motor.o
    0x080027ec   0x0000000c   Code   RO         3313    i.MoveFifthMotor    motor.o
    0x080027f8   0x00000048   Code   RO         3314    i.MoveFirstGMotors  motor.o
    0x08002840   0x00000034   Code   RO         3315    i.MoveSecondGMotors  motor.o
    0x08002874   0x00000038   Code   RO         3471    i.MyGetTextValue    screen.o
    0x080028ac   0x00000054   Code   RO         3632    i.MySetIcon         hmi_driver.o
    0x08002900   0x00000002   Code   RO          408    i.NMI_Handler       stm32f4xx_it.o
    0x08002902   0x00000002   PAD
    0x08002904   0x000001b8   Code   RO         3472    i.NotifyButton      screen.o
    0x08002abc   0x00000170   Code   RO         3473    i.NotifyText        screen.o
    0x08002c2c   0x00000002   Code   RO          409    i.PendSV_Handler    stm32f4xx_it.o
    0x08002c2e   0x00000002   PAD
    0x08002c30   0x0000003c   Code   RO         3316    i.Position_Init     motor.o
    0x08002c6c   0x00000038   Code   RO         3474    i.ProcessMessage    screen.o
    0x08002ca4   0x0000029c   Code   RO         3317    i.PutDownMaterial   motor.o
    0x08002f40   0x0000004c   Code   RO         3318    i.PutDown_posInit   motor.o
    0x08002f8c   0x00000094   Code   RO         3319    i.Run               motor.o
    0x08003020   0x00000002   Code   RO          410    i.SVC_Handler       stm32f4xx_it.o
    0x08003022   0x00000002   PAD
    0x08003024   0x00000018   Code   RO          346    i.SendChar          usart.o
    0x0800303c   0x00000054   Code   RO         3649    i.SetButtonValue    hmi_driver.o
    0x08003090   0x0000003e   Code   RO         3665    i.SetScreen         hmi_driver.o
    0x080030ce   0x0000008a   Code   RO         3670    i.SetTextInt32      hmi_driver.o
    0x08003158   0x00000004   Code   RO          411    i.SysTick_Handler   stm32f4xx_it.o
    0x0800315c   0x00000028   Code   RO         3320    i.Sys_Run           motor.o
    0x08003184   0x00000094   Code   RO           14    i.SystemClock_Config  main.o
    0x08003218   0x00000010   Code   RO         3272    i.SystemInit        system_stm32f4xx.o
    0x08003228   0x0000000c   Code   RO          412    i.TIM2_IRQHandler   stm32f4xx_it.o
    0x08003234   0x0000000c   Code   RO          413    i.TIM3_IRQHandler   stm32f4xx_it.o
    0x08003240   0x0000000c   Code   RO          414    i.TIM6_DAC_IRQHandler  stm32f4xx_it.o
    0x0800324c   0x000000d0   Code   RO         2030    i.TIM_Base_SetConfig  stm32f4xx_hal_tim.o
    0x0800331c   0x00000014   Code   RO         2041    i.TIM_ETR_SetConfig  stm32f4xx_hal_tim.o
    0x08003330   0x00000010   Code   RO         2042    i.TIM_ITRx_SetConfig  stm32f4xx_hal_tim.o
    0x08003340   0x00000022   Code   RO         2048    i.TIM_TI1_ConfigInputStage  stm32f4xx_hal_tim.o
    0x08003362   0x00000024   Code   RO         2050    i.TIM_TI2_ConfigInputStage  stm32f4xx_hal_tim.o
    0x08003386   0x00000002   PAD
    0x08003388   0x00000040   Code   RO         3321    i.Tray_posInit      motor.o
    0x080033c8   0x0000000e   Code   RO         2951    i.UART_DMAAbortOnError  stm32f4xx_hal_uart.o
    0x080033d6   0x0000004e   Code   RO         2961    i.UART_EndRxTransfer  stm32f4xx_hal_uart.o
    0x08003424   0x000000c2   Code   RO         2963    i.UART_Receive_IT   stm32f4xx_hal_uart.o
    0x080034e6   0x00000002   PAD
    0x080034e8   0x0000010c   Code   RO         2964    i.UART_SetConfig    stm32f4xx_hal_uart.o
    0x080035f4   0x00000036   Code   RO         2966    i.UART_Start_Receive_IT  stm32f4xx_hal_uart.o
    0x0800362a   0x00000072   Code   RO         2967    i.UART_WaitOnFlagUntilTimeout  stm32f4xx_hal_uart.o
    0x0800369c   0x00000024   Code   RO          415    i.USART2_IRQHandler  stm32f4xx_it.o
    0x080036c0   0x00000002   Code   RO          416    i.UsageFault_Handler  stm32f4xx_it.o
    0x080036c2   0x00000020   Code   RO         1545    i.__NVIC_SetPriority  stm32f4xx_hal_cortex.o
    0x080036e2   0x0000000e   Code   RO         4341    i.__scatterload_copy  mc_w.l(handlers.o)
    0x080036f0   0x00000002   Code   RO         4342    i.__scatterload_null  mc_w.l(handlers.o)
    0x080036f2   0x0000000e   Code   RO         4343    i.__scatterload_zeroinit  mc_w.l(handlers.o)
    0x08003700   0x00000018   Code   RO          221    i.canCRC_ATM        can.o
    0x08003718   0x0000004c   Code   RO          222    i.canDataReceived   can.o
    0x08003764   0x0000019c   Code   RO           15    i.main              main.o
    0x08003900   0x00000014   Code   RO         3322    i.motorGoHome       motor.o
    0x08003914   0x0000002c   Code   RO         3323    i.motorGoPosition   motor.o
    0x08003940   0x000000dc   Code   RO         3325    i.motor_AllGoHome   motor.o
    0x08003a1c   0x00000014   Code   RO         3326    i.motor_Stop        motor.o
    0x08003a30   0x00000078   Code   RO         3524    i.queue_find_cmd    cmd_queue.o
    0x08003aa8   0x00000020   Code   RO         3525    i.queue_push        cmd_queue.o
    0x08003ac8   0x00000018   Code   RO         3526    i.queue_reset       cmd_queue.o
    0x08003ae0   0x00000010   Data   RO         3273    .constdata          system_stm32f4xx.o
    0x08003af0   0x00000008   Data   RO         3274    .constdata          system_stm32f4xx.o
    0x08003af8   0x00000040   Data   RO         4337    .constdata          mc_w.l(ctype_c.o)
    0x08003b38   0x00000020   Data   RO         4339    Region$$Table       anon$$obj.o


    Execution Region RW_IRAM1 (Base: 0x20000000, Size: 0x00000b00, Max: 0x0001c000, ABSOLUTE)

    Base Addr    Size         Type   Attr      Idx    E Section Name        Object

    0x20000000   0x00000008   Data   RW           16    .data               main.o
    0x20000008   0x00000001   Data   RW           17    .data               main.o
    0x20000009   0x00000001   Data   RW           18    .data               main.o
    0x2000000a   0x00000001   Data   RW           19    .data               main.o
    0x2000000b   0x00000008   Data   RW          224    .data               can.o
    0x20000013   0x00000001   PAD
    0x20000014   0x00000008   Data   RW          417    .data               stm32f4xx_it.o
    0x2000001c   0x0000000c   Data   RW         1704    .data               stm32f4xx_hal.o
    0x20000028   0x00000004   Data   RW         3275    .data               system_stm32f4xx.o
    0x2000002c   0x00000009   Data   RW         3329    .data               motor.o
    0x20000035   0x00000001   PAD
    0x20000036   0x00000002   Data   RW         3330    .data               motor.o
    0x20000038   0x00000002   Data   RW         3331    .data               motor.o
    0x2000003a   0x00000002   Data   RW         3332    .data               motor.o
    0x2000003c   0x00000008   Data   RW         3528    .data               cmd_queue.o
    0x20000044   0x00000028   Zero   RW          223    .bss                can.o
    0x2000006c   0x000000d8   Zero   RW          293    .bss                tim.o
    0x20000144   0x00000048   Zero   RW          347    .bss                usart.o
    0x2000018c   0x0000032c   Zero   RW         3328    .bss                motor.o
    0x200004b8   0x00000040   Zero   RW         3475    .bss                screen.o
    0x200004f8   0x00000204   Zero   RW         3527    .bss                cmd_queue.o
    0x200006fc   0x00000004   PAD
    0x20000700   0x00000400   Zero   RW            1    STACK               startup_stm32f405xx.o


    Execution Region RW_IRAM2 (Base: 0x2001c000, Size: 0x00000000, Max: 0x00004000, ABSOLUTE)

    **** No section assigned to this execution region ****


==============================================================================

Image component sizes


      Code (inc. data)   RO Data    RW Data    ZI Data      Debug   Object Name

       480         34          0          8         40       4711   can.o
       176         22          0          8        516       2328   cmd_queue.o
       392         22          0          0          0       1075   gpio.o
       444          0          0          0          0       2926   hmi_driver.o
       564         46          0         11          0     655280   main.o
      2016        112          0         15        812      13063   motor.o
       920         70          0          0         64       3467   screen.o
        36          8        392          0       1024        816   startup_stm32f405xx.o
       180         28          0         12          0       9189   stm32f4xx_hal.o
      1682          6          0          0          0      13665   stm32f4xx_hal_can.o
       198         14          0          0          0      33351   stm32f4xx_hal_cortex.o
       182          0          0          0          0       1907   stm32f4xx_hal_dma.o
       556         52          0          0          0       3691   stm32f4xx_hal_gpio.o
        48          6          0          0          0        822   stm32f4xx_hal_msp.o
      1344         72          0          0          0       4924   stm32f4xx_hal_rcc.o
      1064         72          0          0          0       9473   stm32f4xx_hal_tim.o
       148         28          0          0          0       2353   stm32f4xx_hal_tim_ex.o
      1656         14          0          0          0      10056   stm32f4xx_hal_uart.o
       258         50          0          8          0       8623   stm32f4xx_it.o
        16          4         24          4          0       1067   system_stm32f4xx.o
       408         36          0          0        216       2892   tim.o
       220         36          0          0         72       2583   usart.o

    ----------------------------------------------------------------------
     13010        732        448         68       2748     788262   Object Totals
         0          0         32          0          0          0   (incl. Generated)
        22          0          0          2          4          0   (incl. Padding)

    ----------------------------------------------------------------------

      Code (inc. data)   RO Data    RW Data    ZI Data      Debug   Library Member Name

        56          8          0          0          0         84   __0sscanf.o
        28          0          0          0          0         68   _chval.o
       812          4          0          0          0        112   _scanf.o
       332          0          0          0          0         96   _scanf_int.o
        64          0          0          0          0         84   _sgetc.o
        40          6         64          0          0         68   ctype_c.o
         0          0          0          0          0          0   entry.o
         0          0          0          0          0          0   entry10a.o
         0          0          0          0          0          0   entry11a.o
         8          4          0          0          0          0   entry2.o
         4          0          0          0          0          0   entry5.o
         0          0          0          0          0          0   entry7b.o
         0          0          0          0          0          0   entry8b.o
         8          4          0          0          0          0   entry9a.o
        30          0          0          0          0          0   handlers.o
        36          8          0          0          0         68   init.o
        10          0          0          0          0         68   isspace_c.o
        30          0          0          0          0         68   llshl.o
        32          0          0          0          0         68   llushr.o
        36          0          0          0          0        108   memseta.o
        40          8          0          0          0         84   scanf_char.o
        98          0          0          0          0         92   uldiv.o

    ----------------------------------------------------------------------
      1670         42         64          0          0       1068   Library Totals
         6          0          0          0          0          0   (incl. Padding)

    ----------------------------------------------------------------------

      Code (inc. data)   RO Data    RW Data    ZI Data      Debug   Library Name

      1664         42         64          0          0       1068   mc_w.l

    ----------------------------------------------------------------------
      1670         42         64          0          0       1068   Library Totals

    ----------------------------------------------------------------------

==============================================================================


      Code (inc. data)   RO Data    RW Data    ZI Data      Debug   

     14680        774        512         68       2748     775966   Grand Totals
     14680        774        512         68       2748     775966   ELF Image Totals
     14680        774        512         68          0          0   ROM Totals

==============================================================================

    Total RO  Size (Code + RO Data)                15192 (  14.84kB)
    Total RW  Size (RW Data + ZI Data)              2816 (   2.75kB)
    Total ROM Size (Code + RO Data + RW Data)      15260 (  14.90kB)

==============================================================================

