../Core/Src/stm32h7xx_hal_msp.c:64:6:HAL_MspInit	8	static
../Core/Src/stm32h7xx_hal_msp.c:87:6:HAL_FDCAN_MspInit	48	static
../Core/Src/stm32h7xx_hal_msp.c:159:6:HAL_FDCAN_MspDeInit	8	static
../Core/Src/stm32h7xx_hal_msp.c:216:6:HAL_SPI_MspInit	40	static
../Core/Src/stm32h7xx_hal_msp.c:254:6:HAL_SPI_MspDeInit	0	static
../Core/Src/stm32h7xx_hal_msp.c:285:6:HAL_TIM_Base_MspInit	16	static
../Core/Src/stm32h7xx_hal_msp.c:324:6:HAL_TIM_Base_MspDeInit	0	static
../Core/Src/stm32h7xx_hal_msp.c:363:6:HAL_UART_MspInit	72	static
../Core/Src/stm32h7xx_hal_msp.c:483:6:HAL_UART_MspDeInit	8	static
