../User/motor.c:18:6:Motor_Init	16	static
../User/motor.c:29:6:motorGoHome	16	static
../User/motor.c:35:6:motor_AllGoHome	16	static
../User/motor.c:69:6:motorGoPosition	16	static
../User/motor.c:83:6:motorReadPosition	16	static
../User/motor.c:89:6:motor_read	8	static
../User/motor.c:98:6:Tray_posInit	32	static
../User/motor.c:110:6:PutDown_posInit	32	static
../User/motor.c:124:6:Position_Init	24	static
../User/motor.c:130:6:MoveFirstGMotors	16	static
../User/motor.c:144:6:MoveSecondGMotors	16	static
../User/motor.c:158:6:MoveFifthMotor	16	static
../User/motor.c:163:6:GetMaterial	24	static
../User/motor.c:233:6:PutDownMaterial	24	static
../User/motor.c:350:6:IO_Tran	8	static
../User/motor.c:357:9:IO_Read	8	static
../User/motor.c:369:6:Run	16	static
../User/motor.c:396:6:Sys_Run	24	static
