Component: Arm Compiler for Embedded 6.24 Tool: armlink [5f371500]

==============================================================================

Section Cross References

    startup_stm32g431xx.o(RESET) refers to startup_stm32g431xx.o(STACK) for __initial_sp
    startup_stm32g431xx.o(RESET) refers to startup_stm32g431xx.o(.text) for Reset_Handler
    startup_stm32g431xx.o(RESET) refers to stm32g4xx_it.o(.text.NMI_Handler) for NMI_Handler
    startup_stm32g431xx.o(RESET) refers to stm32g4xx_it.o(.text.HardFault_Handler) for HardFault_Handler
    startup_stm32g431xx.o(RESET) refers to stm32g4xx_it.o(.text.MemManage_Handler) for MemManage_Handler
    startup_stm32g431xx.o(RESET) refers to stm32g4xx_it.o(.text.BusFault_Handler) for BusFault_Handler
    startup_stm32g431xx.o(RESET) refers to stm32g4xx_it.o(.text.UsageFault_Handler) for UsageFault_Handler
    startup_stm32g431xx.o(RESET) refers to stm32g4xx_it.o(.text.SVC_Handler) for SVC_Handler
    startup_stm32g431xx.o(RESET) refers to stm32g4xx_it.o(.text.DebugMon_Handler) for DebugMon_Handler
    startup_stm32g431xx.o(RESET) refers to stm32g4xx_it.o(.text.PendSV_Handler) for PendSV_Handler
    startup_stm32g431xx.o(RESET) refers to stm32g4xx_it.o(.text.SysTick_Handler) for SysTick_Handler
    startup_stm32g431xx.o(RESET) refers to stm32g4xx_it.o(.text.DMA1_Channel1_IRQHandler) for DMA1_Channel1_IRQHandler
    startup_stm32g431xx.o(RESET) refers to stm32g4xx_it.o(.text.DMA1_Channel2_IRQHandler) for DMA1_Channel2_IRQHandler
    startup_stm32g431xx.o(RESET) refers to stm32g4xx_it.o(.text.DMA1_Channel3_IRQHandler) for DMA1_Channel3_IRQHandler
    startup_stm32g431xx.o(RESET) refers to stm32g4xx_it.o(.text.DMA1_Channel4_IRQHandler) for DMA1_Channel4_IRQHandler
    startup_stm32g431xx.o(RESET) refers to stm32g4xx_it.o(.text.DMA1_Channel5_IRQHandler) for DMA1_Channel5_IRQHandler
    startup_stm32g431xx.o(RESET) refers to stm32g4xx_it.o(.text.ADC1_2_IRQHandler) for ADC1_2_IRQHandler
    startup_stm32g431xx.o(RESET) refers to stm32g4xx_it.o(.text.TIM3_IRQHandler) for TIM3_IRQHandler
    startup_stm32g431xx.o(RESET) refers to stm32g4xx_it.o(.text.USART1_IRQHandler) for USART1_IRQHandler
    startup_stm32g431xx.o(.text) refers to system_stm32g4xx.o(.text.SystemInit) for SystemInit
    startup_stm32g431xx.o(.text) refers to entry.o(.ARM.Collect$$$$00000000) for __main
    main.o(.text.set_pwm_duty) refers to f2d.o(.text) for __aeabi_f2d
    main.o(.text.set_pwm_duty) refers to dcmplt.o(.text) for __aeabi_dcmplt
    main.o(.text.set_pwm_duty) refers to tim.o(.bss.htim1) for htim1
    main.o(.ARM.exidx.text.set_pwm_duty) refers to main.o(.text.set_pwm_duty) for [Anonymous Symbol]
    main.o(.text.main) refers to stm32g4xx_hal.o(.text.HAL_Init) for HAL_Init
    main.o(.text.main) refers to stm32g4xx_hal_pwr_ex.o(.text.HAL_PWREx_ControlVoltageScaling) for HAL_PWREx_ControlVoltageScaling
    main.o(.text.main) refers to stm32g4xx_hal_rcc.o(.text.HAL_RCC_OscConfig) for HAL_RCC_OscConfig
    main.o(.text.main) refers to stm32g4xx_hal_rcc.o(.text.HAL_RCC_ClockConfig) for HAL_RCC_ClockConfig
    main.o(.text.main) refers to gpio.o(.text.MX_GPIO_Init) for MX_GPIO_Init
    main.o(.text.main) refers to dma.o(.text.MX_DMA_Init) for MX_DMA_Init
    main.o(.text.main) refers to spi.o(.text.MX_SPI1_Init) for MX_SPI1_Init
    main.o(.text.main) refers to usart.o(.text.MX_USART1_UART_Init) for MX_USART1_UART_Init
    main.o(.text.main) refers to tim.o(.text.MX_TIM3_Init) for MX_TIM3_Init
    main.o(.text.main) refers to tim.o(.text.MX_TIM1_Init) for MX_TIM1_Init
    main.o(.text.main) refers to adc.o(.text.MX_ADC2_Init) for MX_ADC2_Init
    main.o(.text.main) refers to stm32g4xx_hal_gpio.o(.text.HAL_GPIO_WritePin) for HAL_GPIO_WritePin
    main.o(.text.main) refers to spi.o(.bss.hspi1) for hspi1
    main.o(.text.main) refers to spi.o(.bss..L_MergedGlobals) for KTH7823_tx_data
    main.o(.text.main) refers to stm32g4xx_hal_spi.o(.text.HAL_SPI_TransmitReceive_DMA) for HAL_SPI_TransmitReceive_DMA
    main.o(.text.main) refers to tim.o(.bss.htim3) for htim3
    main.o(.text.main) refers to stm32g4xx_hal_tim.o(.text.HAL_TIM_Base_Start_IT) for HAL_TIM_Base_Start_IT
    main.o(.text.main) refers to adc.o(.bss..L_MergedGlobals) for hadc2
    main.o(.text.main) refers to stm32g4xx_hal_adc_ex.o(.text.HAL_ADCEx_Calibration_Start) for HAL_ADCEx_Calibration_Start
    main.o(.text.main) refers to stm32g4xx_hal_adc_ex.o(.text.HAL_ADCEx_InjectedStart_IT) for HAL_ADCEx_InjectedStart_IT
    main.o(.text.main) refers to stm32g4xx_hal.o(.text.HAL_Delay) for HAL_Delay
    main.o(.text.main) refers to tim.o(.bss.htim1) for htim1
    main.o(.text.main) refers to stm32g4xx_hal_tim.o(.text.HAL_TIM_PWM_Start) for HAL_TIM_PWM_Start
    main.o(.text.main) refers to motor_runtime_param.o(.bss.encoder_angle) for encoder_angle
    main.o(.text.main) refers to motor_runtime_param.o(.bss.rotor_zero_angle) for rotor_zero_angle
[...]
    stm32g4xx_hal_gpio.c                     0x00000000   Number         0  stm32g4xx_hal_gpio.o ABSOLUTE
    stm32g4xx_hal_msp.c                      0x00000000   Number         0  stm32g4xx_hal_msp.o ABSOLUTE
    stm32g4xx_hal_pwr.c                      0x00000000   Number         0  stm32g4xx_hal_pwr.o ABSOLUTE
    stm32g4xx_hal_pwr_ex.c                   0x00000000   Number         0  stm32g4xx_hal_pwr_ex.o ABSOLUTE
    stm32g4xx_hal_rcc.c                      0x00000000   Number         0  stm32g4xx_hal_rcc.o ABSOLUTE
    stm32g4xx_hal_rcc_ex.c                   0x00000000   Number         0  stm32g4xx_hal_rcc_ex.o ABSOLUTE
    stm32g4xx_hal_spi.c                      0x00000000   Number         0  stm32g4xx_hal_spi.o ABSOLUTE
    stm32g4xx_hal_spi_ex.c                   0x00000000   Number         0  stm32g4xx_hal_spi_ex.o ABSOLUTE
    stm32g4xx_hal_tim.c                      0x00000000   Number         0  stm32g4xx_hal_tim.o ABSOLUTE
    stm32g4xx_hal_tim_ex.c                   0x00000000   Number         0  stm32g4xx_hal_tim_ex.o ABSOLUTE
    stm32g4xx_hal_uart.c                     0x00000000   Number         0  stm32g4xx_hal_uart.o ABSOLUTE
    stm32g4xx_hal_uart_ex.c                  0x00000000   Number         0  stm32g4xx_hal_uart_ex.o ABSOLUTE
    stm32g4xx_it.c                           0x00000000   Number         0  stm32g4xx_it.o ABSOLUTE
    stm32g4xx_ll_adc.c                       0x00000000   Number         0  stm32g4xx_ll_adc.o ABSOLUTE
    system_stm32g4xx.c                       0x00000000   Number         0  system_stm32g4xx.o ABSOLUTE
    tim.c                                    0x00000000   Number         0  tim.o ABSOLUTE
    usart.c                                  0x00000000   Number         0  usart.o ABSOLUTE
    RESET                                    0x08000000   Section      472  startup_stm32g431xx.o(RESET)
    .ARM.Collect$$$$00000000                 0x080001d8   Section        0  entry.o(.ARM.Collect$$$$00000000)
    .ARM.Collect$$$$00000001                 0x080001d8   Section        4  entry2.o(.ARM.Collect$$$$00000001)
    .ARM.Collect$$$$00000004                 0x080001dc   Section        4  entry5.o(.ARM.Collect$$$$00000004)
    .ARM.Collect$$$$00000008                 0x080001e0   Section        0  entry7b.o(.ARM.Collect$$$$00000008)
    .ARM.Collect$$$$0000000A                 0x080001e0   Section        0  entry8b.o(.ARM.Collect$$$$0000000A)
    .ARM.Collect$$$$0000000B                 0x080001e0   Section        8  entry9a.o(.ARM.Collect$$$$0000000B)
    __lit__00000000                          0x080001e8   Data           4  entry2.o(.ARM.Collect$$$$00002712)
    .ARM.Collect$$$$0000000D                 0x080001e8   Section        0  entry10a.o(.ARM.Collect$$$$0000000D)
    .ARM.Collect$$$$0000000F                 0x080001e8   Section        0  entry11a.o(.ARM.Collect$$$$0000000F)
    .ARM.Collect$$$$00002712                 0x080001e8   Section        4  entry2.o(.ARM.Collect$$$$00002712)
    $v0                                      0x080001ec   Number         0  startup_stm32g431xx.o(.text)
    .text                                    0x080001ec   Section       36  startup_stm32g431xx.o(.text)
    .text                                    0x08000210   Section        0  uldiv.o(.text)
    .text                                    0x08000272   Section        0  memseta.o(.text)
    .text                                    0x08000296   Section        0  dmul.o(.text)
    .text                                    0x0800037a   Section        0  ddiv.o(.text)
    .text                                    0x08000458   Section        0  dcmplt.o(.text)
    .text                                    0x0800048e   Section        0  dfltui.o(.text)
    .text                                    0x080004a8   Section        0  f2d.o(.text)
    .text                                    0x080004ce   Section        0  d2f.o(.text)
    .text                                    0x08000506   Section        0  llshl.o(.text)
    .text                                    0x08000524   Section        0  llushr.o(.text)
    .text                                    0x08000544   Section        0  iusefp.o(.text)
    .text                                    0x08000544   Section        0  fepilogue.o(.text)
    .text                                    0x080005b2   Section        0  depilogue.o(.text)
    .text                                    0x0800066c   Section       48  init.o(.text)
    [Anonymous Symbol]                       0x0800069c   Section        0  stm32g4xx_it.o(.text.ADC1_2_IRQHandler)
    [Anonymous Symbol]                       0x080006a8   Section        0  stm32g4xx_hal_adc.o(.text.ADC_DMAConvCplt)
    [Anonymous Symbol]                       0x0800070c   Section        0  stm32g4xx_hal_adc.o(.text.ADC_DMAError)
    [Anonymous Symbol]                       0x08000724   Section        0  stm32g4xx_hal_adc.o(.text.ADC_DMAHalfConvCplt)
    [Anonymous Symbol]                       0x0800072c   Section        0  stm32g4xx_hal_adc.o(.text.ADC_Disable)
    [Anonymous Symbol]                       0x080007a8   Section        0  stm32g4xx_hal_adc.o(.text.ADC_Enable)
    [Anonymous Symbol]                       0x080008a0   Section        0  stm32g4xx_it.o(.text.BusFault_Handler)
    [Anonymous Symbol]                       0x080008a4   Section        0  stm32g4xx_it.o(.text.DMA1_Channel1_IRQHandler)
    [Anonymous Symbol]                       0x080008b0   Section        0  stm32g4xx_it.o(.text.DMA1_Channel2_IRQHandler)
    [Anonymous Symbol]                       0x080008bc   Section        0  stm32g4xx_it.o(.text.DMA1_Channel3_IRQHandler)
    [Anonymous Symbol]                       0x080008c8   Section        0  stm32g4xx_it.o(.text.DMA1_Channel4_IRQHandler)
    [Anonymous Symbol]                       0x080008d4   Section        0  stm32g4xx_it.o(.text.DMA1_Channel5_IRQHandler)
    [Anonymous Symbol]                       0x080008e0   Section        0  stm32g4xx_it.o(.text.DebugMon_Handler)
    [Anonymous Symbol]                       0x080008e4   Section        0  main.o(.text.Error_Handler)
    [Anonymous Symbol]                       0x080008f0   Section        0  stm32g4xx_hal_adc_ex.o(.text.HAL_ADCEx_Calibration_Start)
    [Anonymous Symbol]                       0x080009c4   Section        0  stm32g4xx_hal_adc_ex.o(.text.HAL_ADCEx_EndOfSamplingCallback)
    [Anonymous Symbol]                       0x080009c8   Section        0  stm32g4xx_hal_adc_ex.o(.text.HAL_ADCEx_InjectedConfigChannel)
    [Anonymous Symbol]                       0x08000e88   Section        0  adc.o(.text.HAL_ADCEx_InjectedConvCpltCallback)
    [Anonymous Symbol]                       0x0800119c   Section        0  stm32g4xx_hal_adc_ex.o(.text.HAL_ADCEx_InjectedGetValue)
    [Anonymous Symbol]                       0x080011d0   Section        0  stm32g4xx_hal_adc_ex.o(.text.HAL_ADCEx_InjectedQueueOverflowCallback)
    [Anonymous Symbol]                       0x080011d4   Section        0  stm32g4xx_hal_adc_ex.o(.text.HAL_ADCEx_InjectedStart_IT)
    [Anonymous Symbol]                       0x080012e0   Section        0  stm32g4xx_hal_adc_ex.o(.text.HAL_ADCEx_LevelOutOfWindow2Callback)
    [Anonymous Symbol]                       0x080012e4   Section        0  stm32g4xx_hal_adc_ex.o(.text.HAL_ADCEx_LevelOutOfWindow3Callback)
    [Anonymous Symbol]                       0x080012e8   Section        0  stm32g4xx_hal_adc.o(.text.HAL_ADC_ConfigChannel)
    [Anonymous Symbol]                       0x08001684   Section        0  adc.o(.text.HAL_ADC_ConvCpltCallback)
    [Anonymous Symbol]                       0x08001688   Section        0  stm32g4xx_hal_adc.o(.text.HAL_ADC_ConvHalfCpltCallback)
    [Anonymous Symbol]                       0x0800168c   Section        0  stm32g4xx_hal_adc.o(.text.HAL_ADC_ErrorCallback)
    [Anonymous Symbol]                       0x08001690   Section        0  stm32g4xx_hal_adc.o(.text.HAL_ADC_IRQHandler)
    [Anonymous Symbol]                       0x08001914   Section        0  stm32g4xx_hal_adc.o(.text.HAL_ADC_Init)
    [Anonymous Symbol]                       0x08001b3c   Section        0  stm32g4xx_hal_adc.o(.text.HAL_ADC_LevelOutOfWindowCallback)
    [Anonymous Symbol]                       0x08001b40   Section        0  adc.o(.text.HAL_ADC_MspInit)
    [Anonymous Symbol]                       0x08001c48   Section        0  stm32g4xx_hal_adc.o(.text.HAL_ADC_Start_DMA)
    [Anonymous Symbol]                       0x08001d3c   Section        0  stm32g4xx_hal_dma.o(.text.HAL_DMA_Abort)
    [Anonymous Symbol]                       0x08001dac   Section        0  stm32g4xx_hal_dma.o(.text.HAL_DMA_Abort_IT)
    [Anonymous Symbol]                       0x08001e2c   Section        0  stm32g4xx_hal_dma.o(.text.HAL_DMA_IRQHandler)
    [Anonymous Symbol]                       0x08001ed8   Section        0  stm32g4xx_hal_dma.o(.text.HAL_DMA_Init)
    [Anonymous Symbol]                       0x08001ff0   Section        0  stm32g4xx_hal_dma.o(.text.HAL_DMA_Start_IT)
    [Anonymous Symbol]                       0x080020d8   Section        0  stm32g4xx_hal.o(.text.HAL_Delay)
    [Anonymous Symbol]                       0x08002100   Section        0  stm32g4xx_hal_gpio.o(.text.HAL_GPIO_Init)
    [Anonymous Symbol]                       0x080022b4   Section        0  stm32g4xx_hal_gpio.o(.text.HAL_GPIO_WritePin)
    [Anonymous Symbol]                       0x080022c0   Section        0  stm32g4xx_hal.o(.text.HAL_GetTick)
    [Anonymous Symbol]                       0x080022cc   Section        0  stm32g4xx_hal.o(.text.HAL_IncTick)
    [Anonymous Symbol]                       0x080022e8   Section        0  stm32g4xx_hal.o(.text.HAL_Init)
    [Anonymous Symbol]                       0x08002308   Section        0  stm32g4xx_hal.o(.text.HAL_InitTick)
    [Anonymous Symbol]                       0x08002358   Section        0  stm32g4xx_hal_msp.o(.text.HAL_MspInit)
    [Anonymous Symbol]                       0x0800238c   Section        0  stm32g4xx_hal_cortex.o(.text.HAL_NVIC_EnableIRQ)
    [Anonymous Symbol]                       0x080023b0   Section        0  stm32g4xx_hal_cortex.o(.text.HAL_NVIC_SetPriority)
    [Anonymous Symbol]                       0x08002408   Section        0  stm32g4xx_hal_cortex.o(.text.HAL_NVIC_SetPriorityGrouping)
    [Anonymous Symbol]                       0x08002428   Section        0  stm32g4xx_hal_pwr_ex.o(.text.HAL_PWREx_ControlVoltageScaling)
    [Anonymous Symbol]                       0x08002538   Section        0  stm32g4xx_hal_pwr_ex.o(.text.HAL_PWREx_DisableUCPDDeadBattery)
    [Anonymous Symbol]                       0x0800254c   Section        0  stm32g4xx_hal_rcc_ex.o(.text.HAL_RCCEx_PeriphCLKConfig)
    [Anonymous Symbol]                       0x080027b8   Section        0  stm32g4xx_hal_rcc.o(.text.HAL_RCC_ClockConfig)
    [Anonymous Symbol]                       0x08002a88   Section        0  stm32g4xx_hal_rcc.o(.text.HAL_RCC_GetPCLK1Freq)
    [Anonymous Symbol]                       0x08002ab4   Section        0  stm32g4xx_hal_rcc.o(.text.HAL_RCC_GetPCLK2Freq)
    [Anonymous Symbol]                       0x08002ae0   Section        0  stm32g4xx_hal_rcc.o(.text.HAL_RCC_GetSysClockFreq)
    [Anonymous Symbol]                       0x08002b44   Section        0  stm32g4xx_hal_rcc.o(.text.HAL_RCC_OscConfig)
    [Anonymous Symbol]                       0x08003014   Section        0  stm32g4xx_hal_spi.o(.text.HAL_SPI_ErrorCallback)
    [Anonymous Symbol]                       0x08003018   Section        0  stm32g4xx_hal_spi.o(.text.HAL_SPI_Init)
    [Anonymous Symbol]                       0x080030fc   Section        0  spi.o(.text.HAL_SPI_MspInit)
    [Anonymous Symbol]                       0x080031e4   Section        0  stm32g4xx_hal_spi.o(.text.HAL_SPI_RxCpltCallback)
    [Anonymous Symbol]                       0x080031e8   Section        0  stm32g4xx_hal_spi.o(.text.HAL_SPI_RxHalfCpltCallback)
    [Anonymous Symbol]                       0x080031ec   Section        0  stm32g4xx_hal_spi.o(.text.HAL_SPI_TransmitReceive_DMA)
    [Anonymous Symbol]                       0x080033b8   Section        0  spi.o(.text.HAL_SPI_TxRxCpltCallback)
    [Anonymous Symbol]                       0x080034b0   Section        0  stm32g4xx_hal_spi.o(.text.HAL_SPI_TxRxHalfCpltCallback)
    [Anonymous Symbol]                       0x080034b4   Section        0  stm32g4xx_hal_cortex.o(.text.HAL_SYSTICK_Config)
    [Anonymous Symbol]                       0x080034e0   Section        0  stm32g4xx_hal_tim_ex.o(.text.HAL_TIMEx_Break2Callback)
    [Anonymous Symbol]                       0x080034e4   Section        0  stm32g4xx_hal_tim_ex.o(.text.HAL_TIMEx_BreakCallback)
    [Anonymous Symbol]                       0x080034e8   Section        0  stm32g4xx_hal_tim_ex.o(.text.HAL_TIMEx_CommutCallback)
    [Anonymous Symbol]                       0x080034ec   Section        0  stm32g4xx_hal_tim_ex.o(.text.HAL_TIMEx_ConfigBreakDeadTime)
    [Anonymous Symbol]                       0x080035b4   Section        0  stm32g4xx_hal_tim_ex.o(.text.HAL_TIMEx_DirectionChangeCallback)
    [Anonymous Symbol]                       0x080035b8   Section        0  stm32g4xx_hal_tim_ex.o(.text.HAL_TIMEx_EncoderIndexCallback)
    [Anonymous Symbol]                       0x080035bc   Section        0  stm32g4xx_hal_tim_ex.o(.text.HAL_TIMEx_IndexErrorCallback)
    [Anonymous Symbol]                       0x080035c0   Section        0  stm32g4xx_hal_tim_ex.o(.text.HAL_TIMEx_MasterConfigSynchronization)
    [Anonymous Symbol]                       0x08003668   Section        0  stm32g4xx_hal_tim_ex.o(.text.HAL_TIMEx_TransitionErrorCallback)
    [Anonymous Symbol]                       0x0800366c   Section        0  stm32g4xx_hal_tim.o(.text.HAL_TIM_Base_Init)
    [Anonymous Symbol]                       0x080036d0   Section        0  tim.o(.text.HAL_TIM_Base_MspInit)
    [Anonymous Symbol]                       0x0800373c   Section        0  stm32g4xx_hal_tim.o(.text.HAL_TIM_Base_Start_IT)
    [Anonymous Symbol]                       0x080037d0   Section        0  stm32g4xx_hal_tim.o(.text.HAL_TIM_ConfigClockSource)
    [Anonymous Symbol]                       0x080039d4   Section        0  stm32g4xx_hal_tim.o(.text.HAL_TIM_IC_CaptureCallback)
    [Anonymous Symbol]                       0x080039d8   Section        0  stm32g4xx_hal_tim.o(.text.HAL_TIM_IRQHandler)
    [Anonymous Symbol]                       0x08003ba4   Section        0  stm32g4xx_hal_tim.o(.text.HAL_TIM_OC_DelayElapsedCallback)
    [Anonymous Symbol]                       0x08003ba8   Section        0  stm32g4xx_hal_tim.o(.text.HAL_TIM_PWM_ConfigChannel)
    [Anonymous Symbol]                       0x08003f70   Section        0  stm32g4xx_hal_tim.o(.text.HAL_TIM_PWM_Init)
    [Anonymous Symbol]                       0x08003fd4   Section        0  stm32g4xx_hal_tim.o(.text.HAL_TIM_PWM_MspInit)
    [Anonymous Symbol]                       0x08003fd8   Section        0  stm32g4xx_hal_tim.o(.text.HAL_TIM_PWM_PulseFinishedCallback)
    [Anonymous Symbol]                       0x08003fdc   Section        0  stm32g4xx_hal_tim.o(.text.HAL_TIM_PWM_Start)
    [Anonymous Symbol]                       0x08004148   Section        0  tim.o(.text.HAL_TIM_PeriodElapsedCallback)
    [Anonymous Symbol]                       0x080041e0   Section        0  stm32g4xx_hal_tim.o(.text.HAL_TIM_TriggerCallback)
    [Anonymous Symbol]                       0x080041e4   Section        0  stm32g4xx_hal_uart_ex.o(.text.HAL_UARTEx_DisableFifoMode)
    [Anonymous Symbol]                       0x0800421c   Section        0  stm32g4xx_hal_uart.o(.text.HAL_UARTEx_RxEventCallback)
    [Anonymous Symbol]                       0x08004220   Section        0  stm32g4xx_hal_uart_ex.o(.text.HAL_UARTEx_RxFifoFullCallback)
    [Anonymous Symbol]                       0x08004224   Section        0  stm32g4xx_hal_uart_ex.o(.text.HAL_UARTEx_SetRxFifoThreshold)
    [Anonymous Symbol]                       0x080042b0   Section        0  stm32g4xx_hal_uart_ex.o(.text.HAL_UARTEx_SetTxFifoThreshold)
    [Anonymous Symbol]                       0x0800433c   Section        0  stm32g4xx_hal_uart_ex.o(.text.HAL_UARTEx_TxFifoEmptyCallback)
    [Anonymous Symbol]                       0x08004340   Section        0  stm32g4xx_hal_uart_ex.o(.text.HAL_UARTEx_WakeupCallback)
    [Anonymous Symbol]                       0x08004344   Section        0  stm32g4xx_hal_uart.o(.text.HAL_UART_ErrorCallback)
    [Anonymous Symbol]                       0x08004348   Section        0  stm32g4xx_hal_uart.o(.text.HAL_UART_IRQHandler)
    [Anonymous Symbol]                       0x08004998   Section        0  stm32g4xx_hal_uart.o(.text.HAL_UART_Init)
    [Anonymous Symbol]                       0x080049fc   Section        0  usart.o(.text.HAL_UART_MspInit)
    [Anonymous Symbol]                       0x08004b14   Section        0  stm32g4xx_hal_uart.o(.text.HAL_UART_Transmit_DMA)
    [Anonymous Symbol]                       0x08004bfc   Section        0  stm32g4xx_hal_uart.o(.text.HAL_UART_TxCpltCallback)
    [Anonymous Symbol]                       0x08004c00   Section        0  stm32g4xx_hal_uart.o(.text.HAL_UART_TxHalfCpltCallback)
    [Anonymous Symbol]                       0x08004c04   Section        0  stm32g4xx_it.o(.text.HardFault_Handler)
    [Anonymous Symbol]                       0x08004c08   Section        0  filter.o(.text.LFP)
    [Anonymous Symbol]                       0x08004c20   Section        0  adc.o(.text.MX_ADC2_Init)
    [Anonymous Symbol]                       0x08004d18   Section        0  dma.o(.text.MX_DMA_Init)
    [Anonymous Symbol]                       0x08004da0   Section        0  gpio.o(.text.MX_GPIO_Init)
    [Anonymous Symbol]                       0x08004e70   Section        0  spi.o(.text.MX_SPI1_Init)
    [Anonymous Symbol]                       0x08004ec4   Section        0  tim.o(.text.MX_TIM1_Init)
    [Anonymous Symbol]                       0x08005050   Section        0  tim.o(.text.MX_TIM3_Init)
    [Anonymous Symbol]                       0x080050c8   Section        0  usart.o(.text.MX_USART1_UART_Init)
    [Anonymous Symbol]                       0x0800514c   Section        0  stm32g4xx_it.o(.text.MemManage_Handler)
    [Anonymous Symbol]                       0x08005150   Section        0  stm32g4xx_it.o(.text.NMI_Handler)
    [Anonymous Symbol]                       0x08005154   Section        0  stm32g4xx_it.o(.text.PendSV_Handler)
    SPI_DMAError                             0x08005159   Thumb Code    30  stm32g4xx_hal_spi.o(.text.SPI_DMAError)
    [Anonymous Symbol]                       0x08005158   Section        0  stm32g4xx_hal_spi.o(.text.SPI_DMAError)
    SPI_DMAHalfReceiveCplt                   0x08005179   Thumb Code     6  stm32g4xx_hal_spi.o(.text.SPI_DMAHalfReceiveCplt)
    [Anonymous Symbol]                       0x08005178   Section        0  stm32g4xx_hal_spi.o(.text.SPI_DMAHalfReceiveCplt)
    SPI_DMAHalfTransmitReceiveCplt           0x08005181   Thumb Code     6  stm32g4xx_hal_spi.o(.text.SPI_DMAHalfTransmitReceiveCplt)
    [Anonymous Symbol]                       0x08005180   Section        0  stm32g4xx_hal_spi.o(.text.SPI_DMAHalfTransmitReceiveCplt)
    SPI_DMAReceiveCplt                       0x08005189   Thumb Code   198  stm32g4xx_hal_spi.o(.text.SPI_DMAReceiveCplt)
    [Anonymous Symbol]                       0x08005188   Section        0  stm32g4xx_hal_spi.o(.text.SPI_DMAReceiveCplt)
    SPI_DMATransmitReceiveCplt               0x08005251   Thumb Code   138  stm32g4xx_hal_spi.o(.text.SPI_DMATransmitReceiveCplt)
    [Anonymous Symbol]                       0x08005250   Section        0  stm32g4xx_hal_spi.o(.text.SPI_DMATransmitReceiveCplt)
    SPI_WaitFifoStateUntilTimeout            0x080052dd   Thumb Code   382  stm32g4xx_hal_spi.o(.text.SPI_WaitFifoStateUntilTimeout)
    [Anonymous Symbol]                       0x080052dc   Section        0  stm32g4xx_hal_spi.o(.text.SPI_WaitFifoStateUntilTimeout)
    SPI_WaitFlagStateUntilTimeout            0x0800545d   Thumb Code   206  stm32g4xx_hal_spi.o(.text.SPI_WaitFlagStateUntilTimeout)
    [Anonymous Symbol]                       0x0800545c   Section        0  stm32g4xx_hal_spi.o(.text.SPI_WaitFlagStateUntilTimeout)
    [Anonymous Symbol]                       0x0800552c   Section        0  stm32g4xx_it.o(.text.SVC_Handler)
    [Anonymous Symbol]                       0x08005530   Section        0  stm32g4xx_it.o(.text.SysTick_Handler)
    [Anonymous Symbol]                       0x08005534   Section        0  system_stm32g4xx.o(.text.SystemInit)
    [Anonymous Symbol]                       0x08005548   Section        0  stm32g4xx_it.o(.text.TIM3_IRQHandler)
    [Anonymous Symbol]                       0x08005554   Section        0  stm32g4xx_hal_tim.o(.text.TIM_Base_SetConfig)
    [Anonymous Symbol]                       0x08005688   Section        0  stm32g4xx_hal_uart.o(.text.UART_AdvFeatureConfig)
    [Anonymous Symbol]                       0x08005770   Section        0  stm32g4xx_hal_uart.o(.text.UART_CheckIdleState)
    UART_DMAAbortOnError                     0x080058dd   Thumb Code    12  stm32g4xx_hal_uart.o(.text.UART_DMAAbortOnError)
    [Anonymous Symbol]                       0x080058dc   Section        0  stm32g4xx_hal_uart.o(.text.UART_DMAAbortOnError)
    UART_DMAError                            0x080058e9   Thumb Code   474  stm32g4xx_hal_uart.o(.text.UART_DMAError)
    [Anonymous Symbol]                       0x080058e8   Section        0  stm32g4xx_hal_uart.o(.text.UART_DMAError)
    UART_DMATransmitCplt                     0x08005ac5   Thumb Code   176  stm32g4xx_hal_uart.o(.text.UART_DMATransmitCplt)
    [Anonymous Symbol]                       0x08005ac4   Section        0  stm32g4xx_hal_uart.o(.text.UART_DMATransmitCplt)
    UART_DMATxHalfCplt                       0x08005b75   Thumb Code     6  stm32g4xx_hal_uart.o(.text.UART_DMATxHalfCplt)
    [Anonymous Symbol]                       0x08005b74   Section        0  stm32g4xx_hal_uart.o(.text.UART_DMATxHalfCplt)
    [Anonymous Symbol]                       0x08005b7c   Section        0  stm32g4xx_hal_uart.o(.text.UART_SetConfig)
    [Anonymous Symbol]                       0x08005e14   Section        0  stm32g4xx_hal_uart.o(.text.UART_WaitOnFlagUntilTimeout)
    [Anonymous Symbol]                       0x0800614c   Section        0  stm32g4xx_it.o(.text.USART1_IRQHandler)
    [Anonymous Symbol]                       0x08006158   Section        0  stm32g4xx_it.o(.text.UsageFault_Handler)
    [Anonymous Symbol]                       0x0800615c   Section        0  arm_cos_f32.o(.text.arm_cos_f32)
    [Anonymous Symbol]                       0x080061f4   Section        0  arm_pid_init_f32.o(.text.arm_pid_init_f32)
    [Anonymous Symbol]                       0x0800622c   Section        0  arm_sin_f32.o(.text.arm_sin_f32)
    [Anonymous Symbol]                       0x080062bc   Section        0  foc.o(.text.cycle_diff)
    [Anonymous Symbol]                       0x080062f0   Section        0  foc.o(.text.foc_forward)
    [Anonymous Symbol]                       0x08006510   Section        0  foc.o(.text.lib_position_control)
    [Anonymous Symbol]                       0x080065d0   Section        0  foc.o(.text.lib_position_speed_torque_control)
    [Anonymous Symbol]                       0x080067c4   Section        0  foc.o(.text.lib_speed_control)
    [Anonymous Symbol]                       0x08006848   Section        0  foc.o(.text.lib_torque_control)
    [Anonymous Symbol]                       0x08006924   Section        0  main.o(.text.main)
    [Anonymous Symbol]                       0x08006b3c   Section        0  foc.o(.text.set_motor_pid)
    [Anonymous Symbol]                       0x08006b98   Section        0  main.o(.text.set_pwm_duty)
    i.__scatterload_copy                     0x08006c9c   Section       14  handlers.o(i.__scatterload_copy)
    i.__scatterload_null                     0x08006caa   Section        2  handlers.o(i.__scatterload_null)
    i.__scatterload_zeroinit                 0x08006cac   Section       14  handlers.o(i.__scatterload_zeroinit)
    .L__const.svpwm.v                        0x08006cbc   Data          72  foc.o(.rodata..L__const.svpwm.v)
    .Lswitch.table.UART_SetConfig.4          0x08006d34   Data          16  stm32g4xx_hal_uart.o(.rodata.cst16)
    UARTEx_SetNbDataToProcess.numerator      0x08006d44   Data           8  stm32g4xx_hal_uart_ex.o(.rodata.cst8)
    [Anonymous Symbol]                       0x08006d44   Section        0  stm32g4xx_hal_uart_ex.o(.rodata.cst8)
    UARTEx_SetNbDataToProcess.denominator    0x08006d4c   Data           8  stm32g4xx_hal_uart_ex.o(.rodata.cst8)
    .L_MergedGlobals                         0x20000000   Data           8  stm32g4xx_hal.o(.data..L_MergedGlobals)
    [Anonymous Symbol]                       0x20000000   Section        0  stm32g4xx_hal.o(.data..L_MergedGlobals)
    .L_MergedGlobals                         0x20000018   Data         124  adc.o(.bss..L_MergedGlobals)
    HAL_ADCEx_InjectedConvCpltCallback.run_state 0x20000018   Data           1  adc.o(.bss..L_MergedGlobals)
    [Anonymous Symbol]                       0x20000018   Section        0  adc.o(.bss..L_MergedGlobals)
    HAL_ADCEx_InjectedConvCpltCallback.calculate_num 0x2000001c   Data           4  adc.o(.bss..L_MergedGlobals)
    HAL_ADCEx_InjectedConvCpltCallback.calculate_u 0x20000020   Data           4  adc.o(.bss..L_MergedGlobals)
    HAL_ADCEx_InjectedConvCpltCallback.calculate_v 0x20000024   Data           4  adc.o(.bss..L_MergedGlobals)
    .L_MergedGlobals                         0x20000094   Data         112  spi.o(.bss..L_MergedGlobals)
    [Anonymous Symbol]                       0x20000094   Section        0  spi.o(.bss..L_MergedGlobals)
    HAL_SPI_TxRxCpltCallback.once            0x20000098   Data           1  spi.o(.bss..L_MergedGlobals)
    HAL_SPI_TxRxCpltCallback.encode_angle_last 0x200000a0   Data           4  spi.o(.bss..L_MergedGlobals)
    .L_MergedGlobals                         0x20000104   Data           8  tim.o(.bss..L_MergedGlobals)
    HAL_TIM_PeriodElapsedCallback.once       0x20000104   Data           1  tim.o(.bss..L_MergedGlobals)
    [Anonymous Symbol]                       0x20000104   Section        0  tim.o(.bss..L_MergedGlobals)
    HAL_TIM_PeriodElapsedCallback.encoder_angle_last 0x20000108   Data           4  tim.o(.bss..L_MergedGlobals)
    .L_MergedGlobals                         0x2000010c   Data         108  foc.o(.bss..L_MergedGlobals)
    pid_position                             0x2000010c   Data          36  foc.o(.bss..L_MergedGlobals)
    [Anonymous Symbol]                       0x2000010c   Section        0  foc.o(.bss..L_MergedGlobals)
    pid_speed                                0x20000130   Data          36  foc.o(.bss..L_MergedGlobals)
    pid_torque_d                             0x20000154   Data          36  foc.o(.bss..L_MergedGlobals)
    pid_torque_q                             0x200004c4   Data          36  foc.o(.bss.pid_torque_q)
    [Anonymous Symbol]                       0x200004c4   Section        0  foc.o(.bss.pid_torque_q)
    STACK                                    0x200004f0   Section     1536  startup_stm32g431xx.o(STACK)

    Global Symbols

    Symbol Name                              Value     Ov Type        Size  Object(Section)

    BuildAttributes$$THM_ISAv4$E$P$D$K$B$S$7EM$VFPi3$EXTD16$VFPS$VFMA$PE$A:L22UL41UL21$X:L11$S22US41US21$IEEE1$IW$~IW$USESV6$~STKCKD$USESV7$~SHL$OTIME$ROPI$EBA8$MICROLIB$REQ8$PRES8$EABIv2 0x00000000   Number         0  anon$$obj.o ABSOLUTE
    __cpp_initialize__aeabi_                  - Undefined Weak Reference
    __cxa_finalize                            - Undefined Weak Reference
    __decompress                              - Undefined Weak Reference
    _clock_init                               - Undefined Weak Reference
    _microlib_exit                            - Undefined Weak Reference
    __Vectors_Size                           0x000001d8   Number         0  startup_stm32g431xx.o ABSOLUTE
    __Vectors                                0x08000000   Data           4  startup_stm32g431xx.o(RESET)
    __Vectors_End                            0x080001d8   Data           0  startup_stm32g431xx.o(RESET)
    __main                                   0x080001d9   Thumb Code     0  entry.o(.ARM.Collect$$$$00000000)
    _main_stk                                0x080001d9   Thumb Code     0  entry2.o(.ARM.Collect$$$$00000001)
    _main_scatterload                        0x080001dd   Thumb Code     0  entry5.o(.ARM.Collect$$$$00000004)
    __main_after_scatterload                 0x080001e1   Thumb Code     0  entry5.o(.ARM.Collect$$$$00000004)
    _main_clock                              0x080001e1   Thumb Code     0  entry7b.o(.ARM.Collect$$$$00000008)
    _main_cpp_init                           0x080001e1   Thumb Code     0  entry8b.o(.ARM.Collect$$$$0000000A)
    _main_init                               0x080001e1   Thumb Code     0  entry9a.o(.ARM.Collect$$$$0000000B)
    __rt_final_cpp                           0x080001e9   Thumb Code     0  entry10a.o(.ARM.Collect$$$$0000000D)
    __rt_final_exit                          0x080001e9   Thumb Code     0  entry11a.o(.ARM.Collect$$$$0000000F)
    Reset_Handler                            0x080001ed   Thumb Code     8  startup_stm32g431xx.o(.text)
    COMP1_2_3_IRQHandler                     0x08000207   Thumb Code     0  startup_stm32g431xx.o(.text)
    COMP4_IRQHandler                         0x08000207   Thumb Code     0  startup_stm32g431xx.o(.text)
    CORDIC_IRQHandler                        0x08000207   Thumb Code     0  startup_stm32g431xx.o(.text)
    CRS_IRQHandler                           0x08000207   Thumb Code     0  startup_stm32g431xx.o(.text)
    DMA1_Channel6_IRQHandler                 0x08000207   Thumb Code     0  startup_stm32g431xx.o(.text)
    DMA2_Channel1_IRQHandler                 0x08000207   Thumb Code     0  startup_stm32g431xx.o(.text)
    DMA2_Channel2_IRQHandler                 0x08000207   Thumb Code     0  startup_stm32g431xx.o(.text)
    DMA2_Channel3_IRQHandler                 0x08000207   Thumb Code     0  startup_stm32g431xx.o(.text)
    DMA2_Channel4_IRQHandler                 0x08000207   Thumb Code     0  startup_stm32g431xx.o(.text)
    DMA2_Channel5_IRQHandler                 0x08000207   Thumb Code     0  startup_stm32g431xx.o(.text)
    DMA2_Channel6_IRQHandler                 0x08000207   Thumb Code     0  startup_stm32g431xx.o(.text)
    DMAMUX_OVR_IRQHandler                    0x08000207   Thumb Code     0  startup_stm32g431xx.o(.text)
    EXTI0_IRQHandler                         0x08000207   Thumb Code     0  startup_stm32g431xx.o(.text)
    EXTI15_10_IRQHandler                     0x08000207   Thumb Code     0  startup_stm32g431xx.o(.text)
    EXTI1_IRQHandler                         0x08000207   Thumb Code     0  startup_stm32g431xx.o(.text)
    EXTI2_IRQHandler                         0x08000207   Thumb Code     0  startup_stm32g431xx.o(.text)
    EXTI3_IRQHandler                         0x08000207   Thumb Code     0  startup_stm32g431xx.o(.text)
    EXTI4_IRQHandler                         0x08000207   Thumb Code     0  startup_stm32g431xx.o(.text)
    EXTI9_5_IRQHandler                       0x08000207   Thumb Code     0  startup_stm32g431xx.o(.text)
    FDCAN1_IT0_IRQHandler                    0x08000207   Thumb Code     0  startup_stm32g431xx.o(.text)
    FDCAN1_IT1_IRQHandler                    0x08000207   Thumb Code     0  startup_stm32g431xx.o(.text)
    FLASH_IRQHandler                         0x08000207   Thumb Code     0  startup_stm32g431xx.o(.text)
    FMAC_IRQHandler                          0x08000207   Thumb Code     0  startup_stm32g431xx.o(.text)
    FPU_IRQHandler                           0x08000207   Thumb Code     0  startup_stm32g431xx.o(.text)
    I2C1_ER_IRQHandler                       0x08000207   Thumb Code     0  startup_stm32g431xx.o(.text)
    I2C1_EV_IRQHandler                       0x08000207   Thumb Code     0  startup_stm32g431xx.o(.text)
    I2C2_ER_IRQHandler                       0x08000207   Thumb Code     0  startup_stm32g431xx.o(.text)
    I2C2_EV_IRQHandler                       0x08000207   Thumb Code     0  startup_stm32g431xx.o(.text)
    I2C3_ER_IRQHandler                       0x08000207   Thumb Code     0  startup_stm32g431xx.o(.text)
    I2C3_EV_IRQHandler                       0x08000207   Thumb Code     0  startup_stm32g431xx.o(.text)
    LPTIM1_IRQHandler                        0x08000207   Thumb Code     0  startup_stm32g431xx.o(.text)
    LPUART1_IRQHandler                       0x08000207   Thumb Code     0  startup_stm32g431xx.o(.text)
    PVD_PVM_IRQHandler                       0x08000207   Thumb Code     0  startup_stm32g431xx.o(.text)
    RCC_IRQHandler                           0x08000207   Thumb Code     0  startup_stm32g431xx.o(.text)
    RNG_IRQHandler                           0x08000207   Thumb Code     0  startup_stm32g431xx.o(.text)
    RTC_Alarm_IRQHandler                     0x08000207   Thumb Code     0  startup_stm32g431xx.o(.text)
    RTC_TAMP_LSECSS_IRQHandler               0x08000207   Thumb Code     0  startup_stm32g431xx.o(.text)
    RTC_WKUP_IRQHandler                      0x08000207   Thumb Code     0  startup_stm32g431xx.o(.text)
    SAI1_IRQHandler                          0x08000207   Thumb Code     0  startup_stm32g431xx.o(.text)
    SPI1_IRQHandler                          0x08000207   Thumb Code     0  startup_stm32g431xx.o(.text)
    SPI2_IRQHandler                          0x08000207   Thumb Code     0  startup_stm32g431xx.o(.text)
    SPI3_IRQHandler                          0x08000207   Thumb Code     0  startup_stm32g431xx.o(.text)
    TIM1_BRK_TIM15_IRQHandler                0x08000207   Thumb Code     0  startup_stm32g431xx.o(.text)
    TIM1_CC_IRQHandler                       0x08000207   Thumb Code     0  startup_stm32g431xx.o(.text)
    TIM1_TRG_COM_TIM17_IRQHandler            0x08000207   Thumb Code     0  startup_stm32g431xx.o(.text)
    TIM1_UP_TIM16_IRQHandler                 0x08000207   Thumb Code     0  startup_stm32g431xx.o(.text)
    TIM2_IRQHandler                          0x08000207   Thumb Code     0  startup_stm32g431xx.o(.text)
    TIM4_IRQHandler                          0x08000207   Thumb Code     0  startup_stm32g431xx.o(.text)
    TIM6_DAC_IRQHandler                      0x08000207   Thumb Code     0  startup_stm32g431xx.o(.text)
    TIM7_IRQHandler                          0x08000207   Thumb Code     0  startup_stm32g431xx.o(.text)
    TIM8_BRK_IRQHandler                      0x08000207   Thumb Code     0  startup_stm32g431xx.o(.text)
    TIM8_CC_IRQHandler                       0x08000207   Thumb Code     0  startup_stm32g431xx.o(.text)
    TIM8_TRG_COM_IRQHandler                  0x08000207   Thumb Code     0  startup_stm32g431xx.o(.text)
    TIM8_UP_IRQHandler                       0x08000207   Thumb Code     0  startup_stm32g431xx.o(.text)
    UART4_IRQHandler                         0x08000207   Thumb Code     0  startup_stm32g431xx.o(.text)
    UCPD1_IRQHandler                         0x08000207   Thumb Code     0  startup_stm32g431xx.o(.text)
    USART2_IRQHandler                        0x08000207   Thumb Code     0  startup_stm32g431xx.o(.text)
    USART3_IRQHandler                        0x08000207   Thumb Code     0  startup_stm32g431xx.o(.text)
    USBWakeUp_IRQHandler                     0x08000207   Thumb Code     0  startup_stm32g431xx.o(.text)
    USB_HP_IRQHandler                        0x08000207   Thumb Code     0  startup_stm32g431xx.o(.text)
    USB_LP_IRQHandler                        0x08000207   Thumb Code     0  startup_stm32g431xx.o(.text)
    WWDG_IRQHandler                          0x08000207   Thumb Code     0  startup_stm32g431xx.o(.text)
    __aeabi_uldivmod                         0x08000211   Thumb Code    98  uldiv.o(.text)
    __aeabi_memset                           0x08000273   Thumb Code    14  memseta.o(.text)
    __aeabi_memset4                          0x08000273   Thumb Code     0  memseta.o(.text)
    __aeabi_memset8                          0x08000273   Thumb Code     0  memseta.o(.text)
    __aeabi_memclr                           0x08000281   Thumb Code     4  memseta.o(.text)
    __aeabi_memclr4                          0x08000281   Thumb Code     0  memseta.o(.text)
    __aeabi_memclr8                          0x08000281   Thumb Code     0  memseta.o(.text)
    _memset$wrapper                          0x08000285   Thumb Code    18  memseta.o(.text)
    __aeabi_dmul                             0x08000297   Thumb Code   228  dmul.o(.text)
    __aeabi_ddiv                             0x0800037b   Thumb Code   222  ddiv.o(.text)
    __aeabi_dcmplt                           0x08000459   Thumb Code    54  dcmplt.o(.text)
    __aeabi_ui2d                             0x0800048f   Thumb Code    26  dfltui.o(.text)
    __aeabi_f2d                              0x080004a9   Thumb Code    38  f2d.o(.text)
    __aeabi_d2f                              0x080004cf   Thumb Code    56  d2f.o(.text)
    __aeabi_llsl                             0x08000507   Thumb Code    30  llshl.o(.text)
    _ll_shift_l                              0x08000507   Thumb Code     0  llshl.o(.text)
    __aeabi_llsr                             0x08000525   Thumb Code    32  llushr.o(.text)
    _ll_ushift_r                             0x08000525   Thumb Code     0  llushr.o(.text)
    __I$use$fp                               0x08000545   Thumb Code     0  iusefp.o(.text)
    _float_round                             0x08000545   Thumb Code    18  fepilogue.o(.text)
    _float_epilogue                          0x08000557   Thumb Code    92  fepilogue.o(.text)
    _double_round                            0x080005b3   Thumb Code    30  depilogue.o(.text)
    _double_epilogue                         0x080005d1   Thumb Code   156  depilogue.o(.text)
    __scatterload                            0x0800066d   Thumb Code    38  init.o(.text)
    __scatterload_rt2                        0x0800066d   Thumb Code     0  init.o(.text)
    ADC1_2_IRQHandler                        0x0800069d   Thumb Code    12  stm32g4xx_it.o(.text.ADC1_2_IRQHandler)
    ADC_DMAConvCplt                          0x080006a9   Thumb Code    98  stm32g4xx_hal_adc.o(.text.ADC_DMAConvCplt)
    ADC_DMAError                             0x0800070d   Thumb Code    22  stm32g4xx_hal_adc.o(.text.ADC_DMAError)
    ADC_DMAHalfConvCplt                      0x08000725   Thumb Code     6  stm32g4xx_hal_adc.o(.text.ADC_DMAHalfConvCplt)
    ADC_Disable                              0x0800072d   Thumb Code   124  stm32g4xx_hal_adc.o(.text.ADC_Disable)
    ADC_Enable                               0x080007a9   Thumb Code   246  stm32g4xx_hal_adc.o(.text.ADC_Enable)
    BusFault_Handler                         0x080008a1   Thumb Code     2  stm32g4xx_it.o(.text.BusFault_Handler)
    DMA1_Channel1_IRQHandler                 0x080008a5   Thumb Code    12  stm32g4xx_it.o(.text.DMA1_Channel1_IRQHandler)
    DMA1_Channel2_IRQHandler                 0x080008b1   Thumb Code    12  stm32g4xx_it.o(.text.DMA1_Channel2_IRQHandler)
    DMA1_Channel3_IRQHandler                 0x080008bd   Thumb Code    12  stm32g4xx_it.o(.text.DMA1_Channel3_IRQHandler)
    DMA1_Channel4_IRQHandler                 0x080008c9   Thumb Code    12  stm32g4xx_it.o(.text.DMA1_Channel4_IRQHandler)
    DMA1_Channel5_IRQHandler                 0x080008d5   Thumb Code    12  stm32g4xx_it.o(.text.DMA1_Channel5_IRQHandler)
    DebugMon_Handler                         0x080008e1   Thumb Code     2  stm32g4xx_it.o(.text.DebugMon_Handler)
    Error_Handler                            0x080008e5   Thumb Code    10  main.o(.text.Error_Handler)
    HAL_ADCEx_Calibration_Start              0x080008f1   Thumb Code   212  stm32g4xx_hal_adc_ex.o(.text.HAL_ADCEx_Calibration_Start)
    HAL_ADCEx_EndOfSamplingCallback          0x080009c5   Thumb Code     2  stm32g4xx_hal_adc_ex.o(.text.HAL_ADCEx_EndOfSamplingCallback)
    HAL_ADCEx_InjectedConfigChannel          0x080009c9   Thumb Code  1214  stm32g4xx_hal_adc_ex.o(.text.HAL_ADCEx_InjectedConfigChannel)
    HAL_ADCEx_InjectedConvCpltCallback       0x08000e89   Thumb Code   744  adc.o(.text.HAL_ADCEx_InjectedConvCpltCallback)
    HAL_ADCEx_InjectedGetValue               0x0800119d   Thumb Code    50  stm32g4xx_hal_adc_ex.o(.text.HAL_ADCEx_InjectedGetValue)
    HAL_ADCEx_InjectedQueueOverflowCallback  0x080011d1   Thumb Code     2  stm32g4xx_hal_adc_ex.o(.text.HAL_ADCEx_InjectedQueueOverflowCallback)
    HAL_ADCEx_InjectedStart_IT               0x080011d5   Thumb Code   266  stm32g4xx_hal_adc_ex.o(.text.HAL_ADCEx_InjectedStart_IT)
    HAL_ADCEx_LevelOutOfWindow2Callback      0x080012e1   Thumb Code     2  stm32g4xx_hal_adc_ex.o(.text.HAL_ADCEx_LevelOutOfWindow2Callback)
    HAL_ADCEx_LevelOutOfWindow3Callback      0x080012e5   Thumb Code     2  stm32g4xx_hal_adc_ex.o(.text.HAL_ADCEx_LevelOutOfWindow3Callback)
    HAL_ADC_ConfigChannel                    0x080012e9   Thumb Code   922  stm32g4xx_hal_adc.o(.text.HAL_ADC_ConfigChannel)
    HAL_ADC_ConvCpltCallback                 0x08001685   Thumb Code     2  adc.o(.text.HAL_ADC_ConvCpltCallback)
    HAL_ADC_ConvHalfCpltCallback             0x08001689   Thumb Code     2  stm32g4xx_hal_adc.o(.text.HAL_ADC_ConvHalfCpltCallback)
    HAL_ADC_ErrorCallback                    0x0800168d   Thumb Code     2  stm32g4xx_hal_adc.o(.text.HAL_ADC_ErrorCallback)
    HAL_ADC_IRQHandler                       0x08001691   Thumb Code   642  stm32g4xx_hal_adc.o(.text.HAL_ADC_IRQHandler)
    HAL_ADC_Init                             0x08001915   Thumb Code   550  stm32g4xx_hal_adc.o(.text.HAL_ADC_Init)
    HAL_ADC_LevelOutOfWindowCallback         0x08001b3d   Thumb Code     2  stm32g4xx_hal_adc.o(.text.HAL_ADC_LevelOutOfWindowCallback)
    HAL_ADC_MspInit                          0x08001b41   Thumb Code   262  adc.o(.text.HAL_ADC_MspInit)
    HAL_ADC_Start_DMA                        0x08001c49   Thumb Code   244  stm32g4xx_hal_adc.o(.text.HAL_ADC_Start_DMA)
    HAL_DMA_Abort                            0x08001d3d   Thumb Code   112  stm32g4xx_hal_dma.o(.text.HAL_DMA_Abort)
    HAL_DMA_Abort_IT                         0x08001dad   Thumb Code   128  stm32g4xx_hal_dma.o(.text.HAL_DMA_Abort_IT)
    HAL_DMA_IRQHandler                       0x08001e2d   Thumb Code   170  stm32g4xx_hal_dma.o(.text.HAL_DMA_IRQHandler)
    HAL_DMA_Init                             0x08001ed9   Thumb Code   280  stm32g4xx_hal_dma.o(.text.HAL_DMA_Init)
    HAL_DMA_Start_IT                         0x08001ff1   Thumb Code   232  stm32g4xx_hal_dma.o(.text.HAL_DMA_Start_IT)
    HAL_Delay                                0x080020d9   Thumb Code    40  stm32g4xx_hal.o(.text.HAL_Delay)
    HAL_GPIO_Init                            0x08002101   Thumb Code   434  stm32g4xx_hal_gpio.o(.text.HAL_GPIO_Init)
    HAL_GPIO_WritePin                        0x080022b5   Thumb Code    12  stm32g4xx_hal_gpio.o(.text.HAL_GPIO_WritePin)
    HAL_GetTick                              0x080022c1   Thumb Code    12  stm32g4xx_hal.o(.text.HAL_GetTick)
    HAL_IncTick                              0x080022cd   Thumb Code    26  stm32g4xx_hal.o(.text.HAL_IncTick)
    HAL_Init                                 0x080022e9   Thumb Code    30  stm32g4xx_hal.o(.text.HAL_Init)
    HAL_InitTick                             0x08002309   Thumb Code    80  stm32g4xx_hal.o(.text.HAL_InitTick)
    HAL_MspInit                              0x08002359   Thumb Code    52  stm32g4xx_hal_msp.o(.text.HAL_MspInit)
    HAL_NVIC_EnableIRQ                       0x0800238d   Thumb Code    34  stm32g4xx_hal_cortex.o(.text.HAL_NVIC_EnableIRQ)
    HAL_NVIC_SetPriority                     0x080023b1   Thumb Code    86  stm32g4xx_hal_cortex.o(.text.HAL_NVIC_SetPriority)
    HAL_NVIC_SetPriorityGrouping             0x08002409   Thumb Code    32  stm32g4xx_hal_cortex.o(.text.HAL_NVIC_SetPriorityGrouping)
    HAL_PWREx_ControlVoltageScaling          0x08002429   Thumb Code   270  stm32g4xx_hal_pwr_ex.o(.text.HAL_PWREx_ControlVoltageScaling)
    HAL_PWREx_DisableUCPDDeadBattery         0x08002539   Thumb Code    18  stm32g4xx_hal_pwr_ex.o(.text.HAL_PWREx_DisableUCPDDeadBattery)
    HAL_RCCEx_PeriphCLKConfig                0x0800254d   Thumb Code   618  stm32g4xx_hal_rcc_ex.o(.text.HAL_RCCEx_PeriphCLKConfig)
    HAL_RCC_ClockConfig                      0x080027b9   Thumb Code   720  stm32g4xx_hal_rcc.o(.text.HAL_RCC_ClockConfig)
    HAL_RCC_GetPCLK1Freq                     0x08002a89   Thumb Code    42  stm32g4xx_hal_rcc.o(.text.HAL_RCC_GetPCLK1Freq)
    HAL_RCC_GetPCLK2Freq                     0x08002ab5   Thumb Code    42  stm32g4xx_hal_rcc.o(.text.HAL_RCC_GetPCLK2Freq)
    HAL_RCC_GetSysClockFreq                  0x08002ae1   Thumb Code    98  stm32g4xx_hal_rcc.o(.text.HAL_RCC_GetSysClockFreq)
    HAL_RCC_OscConfig                        0x08002b45   Thumb Code  1230  stm32g4xx_hal_rcc.o(.text.HAL_RCC_OscConfig)
    HAL_SPI_ErrorCallback                    0x08003015   Thumb Code     2  stm32g4xx_hal_spi.o(.text.HAL_SPI_ErrorCallback)
    HAL_SPI_Init                             0x08003019   Thumb Code   228  stm32g4xx_hal_spi.o(.text.HAL_SPI_Init)
    HAL_SPI_MspInit                          0x080030fd   Thumb Code   230  spi.o(.text.HAL_SPI_MspInit)
    HAL_SPI_RxCpltCallback                   0x080031e5   Thumb Code     2  stm32g4xx_hal_spi.o(.text.HAL_SPI_RxCpltCallback)
    HAL_SPI_RxHalfCpltCallback               0x080031e9   Thumb Code     2  stm32g4xx_hal_spi.o(.text.HAL_SPI_RxHalfCpltCallback)
    HAL_SPI_TransmitReceive_DMA              0x080031ed   Thumb Code   456  stm32g4xx_hal_spi.o(.text.HAL_SPI_TransmitReceive_DMA)
    HAL_SPI_TxRxCpltCallback                 0x080033b9   Thumb Code   224  spi.o(.text.HAL_SPI_TxRxCpltCallback)
    HAL_SPI_TxRxHalfCpltCallback             0x080034b1   Thumb Code     2  stm32g4xx_hal_spi.o(.text.HAL_SPI_TxRxHalfCpltCallback)
    HAL_SYSTICK_Config                       0x080034b5   Thumb Code    44  stm32g4xx_hal_cortex.o(.text.HAL_SYSTICK_Config)
    HAL_TIMEx_Break2Callback                 0x080034e1   Thumb Code     2  stm32g4xx_hal_tim_ex.o(.text.HAL_TIMEx_Break2Callback)
    HAL_TIMEx_BreakCallback                  0x080034e5   Thumb Code     2  stm32g4xx_hal_tim_ex.o(.text.HAL_TIMEx_BreakCallback)
    HAL_TIMEx_CommutCallback                 0x080034e9   Thumb Code     2  stm32g4xx_hal_tim_ex.o(.text.HAL_TIMEx_CommutCallback)
    HAL_TIMEx_ConfigBreakDeadTime            0x080034ed   Thumb Code   200  stm32g4xx_hal_tim_ex.o(.text.HAL_TIMEx_ConfigBreakDeadTime)
    HAL_TIMEx_DirectionChangeCallback        0x080035b5   Thumb Code     2  stm32g4xx_hal_tim_ex.o(.text.HAL_TIMEx_DirectionChangeCallback)
    HAL_TIMEx_EncoderIndexCallback           0x080035b9   Thumb Code     2  stm32g4xx_hal_tim_ex.o(.text.HAL_TIMEx_EncoderIndexCallback)
    HAL_TIMEx_IndexErrorCallback             0x080035bd   Thumb Code     2  stm32g4xx_hal_tim_ex.o(.text.HAL_TIMEx_IndexErrorCallback)
    HAL_TIMEx_MasterConfigSynchronization    0x080035c1   Thumb Code   166  stm32g4xx_hal_tim_ex.o(.text.HAL_TIMEx_MasterConfigSynchronization)
    HAL_TIMEx_TransitionErrorCallback        0x08003669   Thumb Code     2  stm32g4xx_hal_tim_ex.o(.text.HAL_TIMEx_TransitionErrorCallback)
    HAL_TIM_Base_Init                        0x0800366d   Thumb Code    98  stm32g4xx_hal_tim.o(.text.HAL_TIM_Base_Init)
    HAL_TIM_Base_MspInit                     0x080036d1   Thumb Code   108  tim.o(.text.HAL_TIM_Base_MspInit)
    HAL_TIM_Base_Start_IT                    0x0800373d   Thumb Code   146  stm32g4xx_hal_tim.o(.text.HAL_TIM_Base_Start_IT)
    HAL_TIM_ConfigClockSource                0x080037d1   Thumb Code   516  stm32g4xx_hal_tim.o(.text.HAL_TIM_ConfigClockSource)
    HAL_TIM_IC_CaptureCallback               0x080039d5   Thumb Code     2  stm32g4xx_hal_tim.o(.text.HAL_TIM_IC_CaptureCallback)
    HAL_TIM_IRQHandler                       0x080039d9   Thumb Code   460  stm32g4xx_hal_tim.o(.text.HAL_TIM_IRQHandler)
    HAL_TIM_OC_DelayElapsedCallback          0x08003ba5   Thumb Code     2  stm32g4xx_hal_tim.o(.text.HAL_TIM_OC_DelayElapsedCallback)
    HAL_TIM_PWM_ConfigChannel                0x08003ba9   Thumb Code   968  stm32g4xx_hal_tim.o(.text.HAL_TIM_PWM_ConfigChannel)
    HAL_TIM_PWM_Init                         0x08003f71   Thumb Code    98  stm32g4xx_hal_tim.o(.text.HAL_TIM_PWM_Init)
    HAL_TIM_PWM_MspInit                      0x08003fd5   Thumb Code     2  stm32g4xx_hal_tim.o(.text.HAL_TIM_PWM_MspInit)
    HAL_TIM_PWM_PulseFinishedCallback        0x08003fd9   Thumb Code     2  stm32g4xx_hal_tim.o(.text.HAL_TIM_PWM_PulseFinishedCallback)
    HAL_TIM_PWM_Start                        0x08003fdd   Thumb Code   362  stm32g4xx_hal_tim.o(.text.HAL_TIM_PWM_Start)
    HAL_TIM_PeriodElapsedCallback            0x08004149   Thumb Code   140  tim.o(.text.HAL_TIM_PeriodElapsedCallback)
    HAL_TIM_TriggerCallback                  0x080041e1   Thumb Code     2  stm32g4xx_hal_tim.o(.text.HAL_TIM_TriggerCallback)
    HAL_UARTEx_DisableFifoMode               0x080041e5   Thumb Code    54  stm32g4xx_hal_uart_ex.o(.text.HAL_UARTEx_DisableFifoMode)
    HAL_UARTEx_RxEventCallback               0x0800421d   Thumb Code     2  stm32g4xx_hal_uart.o(.text.HAL_UARTEx_RxEventCallback)
    HAL_UARTEx_RxFifoFullCallback            0x08004221   Thumb Code     2  stm32g4xx_hal_uart_ex.o(.text.HAL_UARTEx_RxFifoFullCallback)
    HAL_UARTEx_SetRxFifoThreshold            0x08004225   Thumb Code   140  stm32g4xx_hal_uart_ex.o(.text.HAL_UARTEx_SetRxFifoThreshold)
    HAL_UARTEx_SetTxFifoThreshold            0x080042b1   Thumb Code   140  stm32g4xx_hal_uart_ex.o(.text.HAL_UARTEx_SetTxFifoThreshold)
    HAL_UARTEx_TxFifoEmptyCallback           0x0800433d   Thumb Code     2  stm32g4xx_hal_uart_ex.o(.text.HAL_UARTEx_TxFifoEmptyCallback)
    HAL_UARTEx_WakeupCallback                0x08004341   Thumb Code     2  stm32g4xx_hal_uart_ex.o(.text.HAL_UARTEx_WakeupCallback)
    HAL_UART_ErrorCallback                   0x08004345   Thumb Code     2  stm32g4xx_hal_uart.o(.text.HAL_UART_ErrorCallback)
    HAL_UART_IRQHandler                      0x08004349   Thumb Code  1614  stm32g4xx_hal_uart.o(.text.HAL_UART_IRQHandler)
    HAL_UART_Init                            0x08004999   Thumb Code   100  stm32g4xx_hal_uart.o(.text.HAL_UART_Init)
    HAL_UART_MspInit                         0x080049fd   Thumb Code   278  usart.o(.text.HAL_UART_MspInit)
    HAL_UART_Transmit_DMA                    0x08004b15   Thumb Code   232  stm32g4xx_hal_uart.o(.text.HAL_UART_Transmit_DMA)
    HAL_UART_TxCpltCallback                  0x08004bfd   Thumb Code     2  stm32g4xx_hal_uart.o(.text.HAL_UART_TxCpltCallback)
    HAL_UART_TxHalfCpltCallback              0x08004c01   Thumb Code     2  stm32g4xx_hal_uart.o(.text.HAL_UART_TxHalfCpltCallback)
    HardFault_Handler                        0x08004c05   Thumb Code     2  stm32g4xx_it.o(.text.HardFault_Handler)
    LFP                                      0x08004c09   Thumb Code    22  filter.o(.text.LFP)
    MX_ADC2_Init                             0x08004c21   Thumb Code   248  adc.o(.text.MX_ADC2_Init)
    MX_DMA_Init                              0x08004d19   Thumb Code   134  dma.o(.text.MX_DMA_Init)
    MX_GPIO_Init                             0x08004da1   Thumb Code   208  gpio.o(.text.MX_GPIO_Init)
    MX_SPI1_Init                             0x08004e71   Thumb Code    82  spi.o(.text.MX_SPI1_Init)
    MX_TIM1_Init                             0x08004ec5   Thumb Code   394  tim.o(.text.MX_TIM1_Init)
    MX_TIM3_Init                             0x08005051   Thumb Code   120  tim.o(.text.MX_TIM3_Init)
    MX_USART1_UART_Init                      0x080050c9   Thumb Code   130  usart.o(.text.MX_USART1_UART_Init)
    MemManage_Handler                        0x0800514d   Thumb Code     2  stm32g4xx_it.o(.text.MemManage_Handler)
    NMI_Handler                              0x08005151   Thumb Code     2  stm32g4xx_it.o(.text.NMI_Handler)
    PendSV_Handler                           0x08005155   Thumb Code     2  stm32g4xx_it.o(.text.PendSV_Handler)
    SVC_Handler                              0x0800552d   Thumb Code     2  stm32g4xx_it.o(.text.SVC_Handler)
    SysTick_Handler                          0x08005531   Thumb Code     4  stm32g4xx_it.o(.text.SysTick_Handler)
    SystemInit                               0x08005535   Thumb Code    18  system_stm32g4xx.o(.text.SystemInit)
    TIM3_IRQHandler                          0x08005549   Thumb Code    12  stm32g4xx_it.o(.text.TIM3_IRQHandler)
    TIM_Base_SetConfig                       0x08005555   Thumb Code   308  stm32g4xx_hal_tim.o(.text.TIM_Base_SetConfig)
    UART_AdvFeatureConfig                    0x08005689   Thumb Code   230  stm32g4xx_hal_uart.o(.text.UART_AdvFeatureConfig)
    UART_CheckIdleState                      0x08005771   Thumb Code   362  stm32g4xx_hal_uart.o(.text.UART_CheckIdleState)
    UART_SetConfig                           0x08005b7d   Thumb Code   648  stm32g4xx_hal_uart.o(.text.UART_SetConfig)
    UART_WaitOnFlagUntilTimeout              0x08005e15   Thumb Code   822  stm32g4xx_hal_uart.o(.text.UART_WaitOnFlagUntilTimeout)
    USART1_IRQHandler                        0x0800614d   Thumb Code    12  stm32g4xx_it.o(.text.USART1_IRQHandler)
    UsageFault_Handler                       0x08006159   Thumb Code     2  stm32g4xx_it.o(.text.UsageFault_Handler)
    arm_cos_f32                              0x0800615d   Thumb Code   152  arm_cos_f32.o(.text.arm_cos_f32)
    arm_pid_init_f32                         0x080061f5   Thumb Code    56  arm_pid_init_f32.o(.text.arm_pid_init_f32)
    arm_sin_f32                              0x0800622d   Thumb Code   144  arm_sin_f32.o(.text.arm_sin_f32)
    cycle_diff                               0x080062bd   Thumb Code    48  foc.o(.text.cycle_diff)
    foc_forward                              0x080062f1   Thumb Code   488  foc.o(.text.foc_forward)
    lib_position_control                     0x08006511   Thumb Code   172  foc.o(.text.lib_position_control)
    lib_position_speed_torque_control        0x080065d1   Thumb Code   484  foc.o(.text.lib_position_speed_torque_control)
    lib_speed_control                        0x080067c5   Thumb Code   128  foc.o(.text.lib_speed_control)
    lib_torque_control                       0x08006849   Thumb Code   220  foc.o(.text.lib_torque_control)
    main                                     0x08006925   Thumb Code   512  main.o(.text.main)
    set_motor_pid                            0x08006b3d   Thumb Code    92  foc.o(.text.set_motor_pid)
    set_pwm_duty                             0x08006b99   Thumb Code   248  main.o(.text.set_pwm_duty)
    __scatterload_copy                       0x08006c9d   Thumb Code    14  handlers.o(i.__scatterload_copy)
    __scatterload_null                       0x08006cab   Thumb Code     2  handlers.o(i.__scatterload_null)
    __scatterload_zeroinit                   0x08006cad   Thumb Code    14  handlers.o(i.__scatterload_zeroinit)
    AHBPrescTable                            0x08006d04   Data          16  system_stm32g4xx.o(.rodata.AHBPrescTable)
    APBPrescTable                            0x08006d14   Data           8  system_stm32g4xx.o(.rodata.APBPrescTable)
    UARTPrescTable                           0x08006d1c   Data          24  stm32g4xx_hal_uart.o(.rodata.UARTPrescTable)
    sinTable_f32                             0x08006d54   Data        2052  arm_common_tables.o(.rodata.sinTable_f32)
    Region$$Table$$Base                      0x08007558   Number         0  anon$$obj.o(Region$$Table)
    Region$$Table$$Limit                     0x08007578   Number         0  anon$$obj.o(Region$$Table)
    uwTickPrio                               0x20000000   Data           4  stm32g4xx_hal.o(.data..L_MergedGlobals)
    uwTickFreq                               0x20000004   Data           4  stm32g4xx_hal.o(.data..L_MergedGlobals)
    SystemCoreClock                          0x20000008   Data           4  system_stm32g4xx.o(.data.SystemCoreClock)
    frame                                    0x2000000c   Data          12  adc.o(.data.frame)
    hadc2                                    0x20000028   Data         108  adc.o(.bss..L_MergedGlobals)
    num                                      0x20000094   Data           1  spi.o(.bss..L_MergedGlobals)
    KTH7823_tx_data                          0x20000099   Data           2  spi.o(.bss..L_MergedGlobals)
    KTH7823_rx_data                          0x2000009b   Data           2  spi.o(.bss..L_MergedGlobals)
    hdma_spi1_rx                             0x200000a4   Data          96  spi.o(.bss..L_MergedGlobals)
    Knob_buf                                 0x20000178   Data           2  motor_runtime_param.o(.bss.Knob_buf)
    encoder_angle                            0x2000017c   Data           4  motor_runtime_param.o(.bss.encoder_angle)
    hdma_adc2                                0x20000180   Data          96  adc.o(.bss.hdma_adc2)
    hdma_spi1_tx                             0x200001e0   Data          96  spi.o(.bss.hdma_spi1_tx)
    hdma_usart1_rx                           0x20000240   Data          96  usart.o(.bss.hdma_usart1_rx)
    hdma_usart1_tx                           0x200002a0   Data          96  usart.o(.bss.hdma_usart1_tx)
    hspi1                                    0x20000300   Data         100  spi.o(.bss.hspi1)
    htim1                                    0x20000364   Data          76  tim.o(.bss.htim1)
    htim3                                    0x200003b0   Data          76  tim.o(.bss.htim3)
    huart1                                   0x200003fc   Data         148  usart.o(.bss.huart1)
    motor_control_context                    0x20000490   Data          28  foc.o(.bss.motor_control_context)
    motor_i_d                                0x200004ac   Data           4  motor_runtime_param.o(.bss.motor_i_d)
    motor_i_q                                0x200004b0   Data           4  motor_runtime_param.o(.bss.motor_i_q)
    motor_i_u                                0x200004b4   Data           4  motor_runtime_param.o(.bss.motor_i_u)
    motor_i_w                                0x200004b8   Data           4  motor_runtime_param.o(.bss.motor_i_w)
    motor_logic_angle                        0x200004bc   Data           4  motor_runtime_param.o(.bss.motor_logic_angle)
    motor_speed                              0x200004c0   Data           4  motor_runtime_param.o(.bss.motor_speed)
    rotor_zero_angle                         0x200004e8   Data           4  motor_runtime_param.o(.bss.rotor_zero_angle)
    uwTick                                   0x200004ec   Data           4  stm32g4xx_hal.o(.bss.uwTick)
    __initial_sp                             0x20000af0   Data           0  startup_stm32g431xx.o(STACK)



==============================================================================

Memory Map of the image

  Image Entry point : 0x080001d9

  Load Region LR_IROM1 (Base: 0x08000000, Size: 0x00007590, Max: 0x00020000, ABSOLUTE)

    Execution Region ER_IROM1 (Exec base: 0x08000000, Load base: 0x08000000, Size: 0x00007578, Max: 0x00020000, ABSOLUTE)

    Exec Addr    Load Addr    Size         Type   Attr      Idx    E Section Name        Object

    0x08000000   0x08000000   0x000001d8   Data   RO            3    RESET               startup_stm32g431xx.o
    0x080001d8   0x080001d8   0x00000000   Code   RO         1719  * .ARM.Collect$$$$00000000  mc_w.l(entry.o)
    0x080001d8   0x080001d8   0x00000004   Code   RO         1738    .ARM.Collect$$$$00000001  mc_w.l(entry2.o)
    0x080001dc   0x080001dc   0x00000004   Code   RO         1741    .ARM.Collect$$$$00000004  mc_w.l(entry5.o)
    0x080001e0   0x080001e0   0x00000000   Code   RO         1743    .ARM.Collect$$$$00000008  mc_w.l(entry7b.o)
    0x080001e0   0x080001e0   0x00000000   Code   RO         1745    .ARM.Collect$$$$0000000A  mc_w.l(entry8b.o)
    0x080001e0   0x080001e0   0x00000008   Code   RO         1746    .ARM.Collect$$$$0000000B  mc_w.l(entry9a.o)
    0x080001e8   0x080001e8   0x00000000   Code   RO         1748    .ARM.Collect$$$$0000000D  mc_w.l(entry10a.o)
    0x080001e8   0x080001e8   0x00000000   Code   RO         1750    .ARM.Collect$$$$0000000F  mc_w.l(entry11a.o)
    0x080001e8   0x080001e8   0x00000004   Code   RO         1739    .ARM.Collect$$$$00002712  mc_w.l(entry2.o)
    0x080001ec   0x080001ec   0x00000024   Code   RO            4    .text               startup_stm32g431xx.o
    0x08000210   0x08000210   0x00000062   Code   RO         1722    .text               mc_w.l(uldiv.o)
    0x08000272   0x08000272   0x00000024   Code   RO         1724    .text               mc_w.l(memseta.o)
    0x08000296   0x08000296   0x000000e4   Code   RO         1726    .text               mf_w.l(dmul.o)
    0x0800037a   0x0800037a   0x000000de   Code   RO         1728    .text               mf_w.l(ddiv.o)
    0x08000458   0x08000458   0x00000036   Code   RO         1730    .text               mf_w.l(dcmplt.o)
    0x0800048e   0x0800048e   0x0000001a   Code   RO         1732    .text               mf_w.l(dfltui.o)
    0x080004a8   0x080004a8   0x00000026   Code   RO         1734    .text               mf_w.l(f2d.o)
    0x080004ce   0x080004ce   0x00000038   Code   RO         1736    .text               mf_w.l(d2f.o)
    0x08000506   0x08000506   0x0000001e   Code   RO         1752    .text               mc_w.l(llshl.o)
    0x08000524   0x08000524   0x00000020   Code   RO         1754    .text               mc_w.l(llushr.o)
    0x08000544   0x08000544   0x00000000   Code   RO         1756    .text               mc_w.l(iusefp.o)
    0x08000544   0x08000544   0x0000006e   Code   RO         1757    .text               mf_w.l(fepilogue.o)
    0x080005b2   0x080005b2   0x000000ba   Code   RO         1759    .text               mf_w.l(depilogue.o)
    0x0800066c   0x0800066c   0x00000030   Code   RO         1761    .text               mc_w.l(init.o)
    0x0800069c   0x0800069c   0x0000000c   Code   RO          156    .text.ADC1_2_IRQHandler  stm32g4xx_it.o
    0x080006a8   0x080006a8   0x00000062   Code   RO          205    .text.ADC_DMAConvCplt  stm32g4xx_hal_adc.o
    0x0800070a   0x0800070a   0x00000002   PAD
    0x0800070c   0x0800070c   0x00000016   Code   RO          209    .text.ADC_DMAError  stm32g4xx_hal_adc.o
    0x08000722   0x08000722   0x00000002   PAD
    0x08000724   0x08000724   0x00000006   Code   RO          207    .text.ADC_DMAHalfConvCplt  stm32g4xx_hal_adc.o
    0x0800072a   0x0800072a   0x00000002   PAD
    0x0800072c   0x0800072c   0x0000007c   Code   RO          185    .text.ADC_Disable   stm32g4xx_hal_adc.o
    0x080007a8   0x080007a8   0x000000f6   Code   RO          191    .text.ADC_Enable    stm32g4xx_hal_adc.o
    0x0800089e   0x0800089e   0x00000002   PAD
    0x080008a0   0x080008a0   0x00000002   Code   RO          134    .text.BusFault_Handler  stm32g4xx_it.o
    0x080008a2   0x080008a2   0x00000002   PAD
    0x080008a4   0x080008a4   0x0000000c   Code   RO          146    .text.DMA1_Channel1_IRQHandler  stm32g4xx_it.o
    0x080008b0   0x080008b0   0x0000000c   Code   RO          148    .text.DMA1_Channel2_IRQHandler  stm32g4xx_it.o
    0x080008bc   0x080008bc   0x0000000c   Code   RO          150    .text.DMA1_Channel3_IRQHandler  stm32g4xx_it.o
    0x080008c8   0x080008c8   0x0000000c   Code   RO          152    .text.DMA1_Channel4_IRQHandler  stm32g4xx_it.o
    0x080008d4   0x080008d4   0x0000000c   Code   RO          154    .text.DMA1_Channel5_IRQHandler  stm32g4xx_it.o
    0x080008e0   0x080008e0   0x00000002   Code   RO          140    .text.DebugMon_Handler  stm32g4xx_it.o
    0x080008e2   0x080008e2   0x00000002   PAD
    0x080008e4   0x080008e4   0x0000000a   Code   RO           17    .text.Error_Handler  main.o
    0x080008ee   0x080008ee   0x00000002   PAD
    0x080008f0   0x080008f0   0x000000d4   Code   RO          245    .text.HAL_ADCEx_Calibration_Start  stm32g4xx_hal_adc_ex.o
    0x080009c4   0x080009c4   0x00000002   Code   RO          277    .text.HAL_ADCEx_EndOfSamplingCallback  stm32g4xx_hal_adc_ex.o
    0x080009c6   0x080009c6   0x00000002   PAD
    0x080009c8   0x080009c8   0x000004be   Code   RO          287    .text.HAL_ADCEx_InjectedConfigChannel  stm32g4xx_hal_adc_ex.o
    0x08000e86   0x08000e86   0x00000002   PAD
    0x08000e88   0x08000e88   0x00000314   Code   RO           37    .text.HAL_ADCEx_InjectedConvCpltCallback  adc.o
    0x0800119c   0x0800119c   0x00000032   Code   RO          267    .text.HAL_ADCEx_InjectedGetValue  stm32g4xx_hal_adc_ex.o
    0x080011ce   0x080011ce   0x00000002   PAD
    0x080011d0   0x080011d0   0x00000002   Code   RO          271    .text.HAL_ADCEx_InjectedQueueOverflowCallback  stm32g4xx_hal_adc_ex.o
    0x080011d2   0x080011d2   0x00000002   PAD
    0x080011d4   0x080011d4   0x0000010a   Code   RO          257    .text.HAL_ADCEx_InjectedStart_IT  stm32g4xx_hal_adc_ex.o
    0x080012de   0x080012de   0x00000002   PAD
    0x080012e0   0x080012e0   0x00000002   Code   RO          273    .text.HAL_ADCEx_LevelOutOfWindow2Callback  stm32g4xx_hal_adc_ex.o
    0x080012e2   0x080012e2   0x00000002   PAD
    0x080012e4   0x080012e4   0x00000002   Code   RO          275    .text.HAL_ADCEx_LevelOutOfWindow3Callback  stm32g4xx_hal_adc_ex.o
    0x080012e6   0x080012e6   0x00000002   PAD
    0x080012e8   0x080012e8   0x0000039a   Code   RO          229    .text.HAL_ADC_ConfigChannel  stm32g4xx_hal_adc.o
    0x08001682   0x08001682   0x00000002   PAD
    0x08001684   0x08001684   0x00000002   Code   RO           39    .text.HAL_ADC_ConvCpltCallback  adc.o
    0x08001686   0x08001686   0x00000002   PAD
    0x08001688   0x08001688   0x00000002   Code   RO          227    .text.HAL_ADC_ConvHalfCpltCallback  stm32g4xx_hal_adc.o
    0x0800168a   0x0800168a   0x00000002   PAD
    0x0800168c   0x0800168c   0x00000002   Code   RO          225    .text.HAL_ADC_ErrorCallback  stm32g4xx_hal_adc.o
    0x0800168e   0x0800168e   0x00000002   PAD
    0x08001690   0x08001690   0x00000282   Code   RO          219    .text.HAL_ADC_IRQHandler  stm32g4xx_hal_adc.o
    0x08001912   0x08001912   0x00000002   PAD
    0x08001914   0x08001914   0x00000226   Code   RO          177    .text.HAL_ADC_Init  stm32g4xx_hal_adc.o
    0x08001b3a   0x08001b3a   0x00000002   PAD
    0x08001b3c   0x08001b3c   0x00000002   Code   RO          223    .text.HAL_ADC_LevelOutOfWindowCallback  stm32g4xx_hal_adc.o
    0x08001b3e   0x08001b3e   0x00000002   PAD
    0x08001b40   0x08001b40   0x00000106   Code   RO           43    .text.HAL_ADC_MspInit  adc.o
    0x08001c46   0x08001c46   0x00000002   PAD
    0x08001c48   0x08001c48   0x000000f4   Code   RO          203    .text.HAL_ADC_Start_DMA  stm32g4xx_hal_adc.o
    0x08001d3c   0x08001d3c   0x00000070   Code   RO          606    .text.HAL_DMA_Abort  stm32g4xx_hal_dma.o
    0x08001dac   0x08001dac   0x00000080   Code   RO          608    .text.HAL_DMA_Abort_IT  stm32g4xx_hal_dma.o
    0x08001e2c   0x08001e2c   0x000000aa   Code   RO          612    .text.HAL_DMA_IRQHandler  stm32g4xx_hal_dma.o
    0x08001ed6   0x08001ed6   0x00000002   PAD
    0x08001ed8   0x08001ed8   0x00000118   Code   RO          598    .text.HAL_DMA_Init  stm32g4xx_hal_dma.o
    0x08001ff0   0x08001ff0   0x000000e8   Code   RO          604    .text.HAL_DMA_Start_IT  stm32g4xx_hal_dma.o
    0x080020d8   0x080020d8   0x00000028   Code   RO          328    .text.HAL_Delay     stm32g4xx_hal.o
    0x08002100   0x08002100   0x000001b2   Code   RO          548    .text.HAL_GPIO_Init  stm32g4xx_hal_gpio.o
    0x080022b2   0x080022b2   0x00000002   PAD
    0x080022b4   0x080022b4   0x0000000c   Code   RO          554    .text.HAL_GPIO_WritePin  stm32g4xx_hal_gpio.o
    0x080022c0   0x080022c0   0x0000000c   Code   RO          320    .text.HAL_GetTick   stm32g4xx_hal.o
    0x080022cc   0x080022cc   0x0000001a   Code   RO          318    .text.HAL_IncTick   stm32g4xx_hal.o
    0x080022e6   0x080022e6   0x00000002   PAD
    0x080022e8   0x080022e8   0x0000001e   Code   RO          308    .text.HAL_Init      stm32g4xx_hal.o
    0x08002306   0x08002306   0x00000002   PAD
    0x08002308   0x08002308   0x00000050   Code   RO          310    .text.HAL_InitTick  stm32g4xx_hal.o
    0x08002358   0x08002358   0x00000034   Code   RO          169    .text.HAL_MspInit   stm32g4xx_hal_msp.o
    0x0800238c   0x0800238c   0x00000022   Code   RO          774    .text.HAL_NVIC_EnableIRQ  stm32g4xx_hal_cortex.o
    0x080023ae   0x080023ae   0x00000002   PAD
    0x080023b0   0x080023b0   0x00000056   Code   RO          772    .text.HAL_NVIC_SetPriority  stm32g4xx_hal_cortex.o
    0x08002406   0x08002406   0x00000002   PAD
    0x08002408   0x08002408   0x00000020   Code   RO          770    .text.HAL_NVIC_SetPriorityGrouping  stm32g4xx_hal_cortex.o
    0x08002428   0x08002428   0x0000010e   Code   RO          690    .text.HAL_PWREx_ControlVoltageScaling  stm32g4xx_hal_pwr_ex.o
    0x08002536   0x08002536   0x00000002   PAD
    0x08002538   0x08002538   0x00000012   Code   RO          760    .text.HAL_PWREx_DisableUCPDDeadBattery  stm32g4xx_hal_pwr_ex.o
    0x0800254a   0x0800254a   0x00000002   PAD
    0x0800254c   0x0800254c   0x0000026a   Code   RO          432    .text.HAL_RCCEx_PeriphCLKConfig  stm32g4xx_hal_rcc_ex.o
    0x080027b6   0x080027b6   0x00000002   PAD
    0x080027b8   0x080027b8   0x000002d0   Code   RO          398    .text.HAL_RCC_ClockConfig  stm32g4xx_hal_rcc.o
    0x08002a88   0x08002a88   0x0000002a   Code   RO          406    .text.HAL_RCC_GetPCLK1Freq  stm32g4xx_hal_rcc.o
    0x08002ab2   0x08002ab2   0x00000002   PAD
    0x08002ab4   0x08002ab4   0x0000002a   Code   RO          408    .text.HAL_RCC_GetPCLK2Freq  stm32g4xx_hal_rcc.o
    0x08002ade   0x08002ade   0x00000002   PAD
    0x08002ae0   0x08002ae0   0x00000062   Code   RO          400    .text.HAL_RCC_GetSysClockFreq  stm32g4xx_hal_rcc.o
    0x08002b42   0x08002b42   0x00000002   PAD
    0x08002b44   0x08002b44   0x000004ce   Code   RO          396    .text.HAL_RCC_OscConfig  stm32g4xx_hal_rcc.o
    0x08003012   0x08003012   0x00000002   PAD
    0x08003014   0x08003014   0x00000002   Code   RO          904    .text.HAL_SPI_ErrorCallback  stm32g4xx_hal_spi.o
    0x08003016   0x08003016   0x00000002   PAD
    0x08003018   0x08003018   0x000000e4   Code   RO          820    .text.HAL_SPI_Init  stm32g4xx_hal_spi.o
    0x080030fc   0x080030fc   0x000000e6   Code   RO           71    .text.HAL_SPI_MspInit  spi.o
    0x080031e2   0x080031e2   0x00000002   PAD
    0x080031e4   0x080031e4   0x00000002   Code   RO          908    .text.HAL_SPI_RxCpltCallback  stm32g4xx_hal_spi.o
    0x080031e6   0x080031e6   0x00000002   PAD
    0x080031e8   0x080031e8   0x00000002   Code   RO          914    .text.HAL_SPI_RxHalfCpltCallback  stm32g4xx_hal_spi.o
    0x080031ea   0x080031ea   0x00000002   PAD
    0x080031ec   0x080031ec   0x000001c8   Code   RO          866    .text.HAL_SPI_TransmitReceive_DMA  stm32g4xx_hal_spi.o
    0x080033b4   0x080033b4   0x00000004   PAD
    0x080033b8   0x080033b8   0x000000f8   Code   RO           67    .text.HAL_SPI_TxRxCpltCallback  spi.o
    0x080034b0   0x080034b0   0x00000002   Code   RO          916    .text.HAL_SPI_TxRxHalfCpltCallback  stm32g4xx_hal_spi.o
    0x080034b2   0x080034b2   0x00000002   PAD
    0x080034b4   0x080034b4   0x0000002c   Code   RO          782    .text.HAL_SYSTICK_Config  stm32g4xx_hal_cortex.o
    0x080034e0   0x080034e0   0x00000002   Code   RO         1296    .text.HAL_TIMEx_Break2Callback  stm32g4xx_hal_tim_ex.o
    0x080034e2   0x080034e2   0x00000002   PAD
    0x080034e4   0x080034e4   0x00000002   Code   RO         1294    .text.HAL_TIMEx_BreakCallback  stm32g4xx_hal_tim_ex.o
    0x080034e6   0x080034e6   0x00000002   PAD
    0x080034e8   0x080034e8   0x00000002   Code   RO         1290    .text.HAL_TIMEx_CommutCallback  stm32g4xx_hal_tim_ex.o
    0x080034ea   0x080034ea   0x00000002   PAD
    0x080034ec   0x080034ec   0x000000c8   Code   RO         1242    .text.HAL_TIMEx_ConfigBreakDeadTime  stm32g4xx_hal_tim_ex.o
    0x080035b4   0x080035b4   0x00000002   Code   RO         1300    .text.HAL_TIMEx_DirectionChangeCallback  stm32g4xx_hal_tim_ex.o
    0x080035b6   0x080035b6   0x00000002   PAD
    0x080035b8   0x080035b8   0x00000002   Code   RO         1298    .text.HAL_TIMEx_EncoderIndexCallback  stm32g4xx_hal_tim_ex.o
    0x080035ba   0x080035ba   0x00000002   PAD
    0x080035bc   0x080035bc   0x00000002   Code   RO         1302    .text.HAL_TIMEx_IndexErrorCallback  stm32g4xx_hal_tim_ex.o
    0x080035be   0x080035be   0x00000002   PAD
    0x080035c0   0x080035c0   0x000000a6   Code   RO         1240    .text.HAL_TIMEx_MasterConfigSynchronization  stm32g4xx_hal_tim_ex.o
    0x08003666   0x08003666   0x00000002   PAD
    0x08003668   0x08003668   0x00000002   Code   RO         1304    .text.HAL_TIMEx_TransitionErrorCallback  stm32g4xx_hal_tim_ex.o
    0x0800366a   0x0800366a   0x00000002   PAD
    0x0800366c   0x0800366c   0x00000062   Code   RO          945    .text.HAL_TIM_Base_Init  stm32g4xx_hal_tim.o
    0x080036ce   0x080036ce   0x00000002   PAD
    0x080036d0   0x080036d0   0x0000006c   Code   RO           94    .text.HAL_TIM_Base_MspInit  tim.o
    0x0800373c   0x0800373c   0x00000092   Code   RO          959    .text.HAL_TIM_Base_Start_IT  stm32g4xx_hal_tim.o
    0x080037ce   0x080037ce   0x00000002   PAD
    0x080037d0   0x080037d0   0x00000204   Code   RO         1125    .text.HAL_TIM_ConfigClockSource  stm32g4xx_hal_tim.o
    0x080039d4   0x080039d4   0x00000002   Code   RO         1081    .text.HAL_TIM_IC_CaptureCallback  stm32g4xx_hal_tim.o
    0x080039d6   0x080039d6   0x00000002   PAD
    0x080039d8   0x080039d8   0x000001cc   Code   RO         1079    .text.HAL_TIM_IRQHandler  stm32g4xx_hal_tim.o
    0x08003ba4   0x08003ba4   0x00000002   Code   RO         1083    .text.HAL_TIM_OC_DelayElapsedCallback  stm32g4xx_hal_tim.o
    0x08003ba6   0x08003ba6   0x00000002   PAD
    0x08003ba8   0x08003ba8   0x000003c8   Code   RO         1099    .text.HAL_TIM_PWM_ConfigChannel  stm32g4xx_hal_tim.o
    0x08003f70   0x08003f70   0x00000062   Code   RO          999    .text.HAL_TIM_PWM_Init  stm32g4xx_hal_tim.o
    0x08003fd2   0x08003fd2   0x00000002   PAD
    0x08003fd4   0x08003fd4   0x00000002   Code   RO         1001    .text.HAL_TIM_PWM_MspInit  stm32g4xx_hal_tim.o
    0x08003fd6   0x08003fd6   0x00000002   PAD
    0x08003fd8   0x08003fd8   0x00000002   Code   RO         1085    .text.HAL_TIM_PWM_PulseFinishedCallback  stm32g4xx_hal_tim.o
    0x08003fda   0x08003fda   0x00000002   PAD
    0x08003fdc   0x08003fdc   0x0000016a   Code   RO         1007    .text.HAL_TIM_PWM_Start  stm32g4xx_hal_tim.o
    0x08004146   0x08004146   0x00000002   PAD
    0x08004148   0x08004148   0x00000098   Code   RO           86    .text.HAL_TIM_PeriodElapsedCallback  tim.o
    0x080041e0   0x080041e0   0x00000002   Code   RO         1089    .text.HAL_TIM_TriggerCallback  stm32g4xx_hal_tim.o
    0x080041e2   0x080041e2   0x00000002   PAD
    0x080041e4   0x080041e4   0x00000036   Code   RO         1481    .text.HAL_UARTEx_DisableFifoMode  stm32g4xx_hal_uart_ex.o
    0x0800421a   0x0800421a   0x00000002   PAD
    0x0800421c   0x0800421c   0x00000002   Code   RO         1409    .text.HAL_UARTEx_RxEventCallback  stm32g4xx_hal_uart.o
    0x0800421e   0x0800421e   0x00000002   PAD
    0x08004220   0x08004220   0x00000002   Code   RO         1467    .text.HAL_UARTEx_RxFifoFullCallback  stm32g4xx_hal_uart_ex.o
    0x08004222   0x08004222   0x00000002   PAD
    0x08004224   0x08004224   0x0000008c   Code   RO         1485    .text.HAL_UARTEx_SetRxFifoThreshold  stm32g4xx_hal_uart_ex.o
    0x080042b0   0x080042b0   0x0000008c   Code   RO         1483    .text.HAL_UARTEx_SetTxFifoThreshold  stm32g4xx_hal_uart_ex.o
    0x0800433c   0x0800433c   0x00000002   Code   RO         1469    .text.HAL_UARTEx_TxFifoEmptyCallback  stm32g4xx_hal_uart_ex.o
    0x0800433e   0x0800433e   0x00000002   PAD
    0x08004340   0x08004340   0x00000002   Code   RO         1465    .text.HAL_UARTEx_WakeupCallback  stm32g4xx_hal_uart_ex.o
    0x08004342   0x08004342   0x00000002   PAD
    0x08004344   0x08004344   0x00000002   Code   RO         1407    .text.HAL_UART_ErrorCallback  stm32g4xx_hal_uart.o
    0x08004346   0x08004346   0x00000002   PAD
    0x08004348   0x08004348   0x0000064e   Code   RO         1403    .text.HAL_UART_IRQHandler  stm32g4xx_hal_uart.o
    0x08004996   0x08004996   0x00000002   PAD
    0x08004998   0x08004998   0x00000064   Code   RO         1319    .text.HAL_UART_Init  stm32g4xx_hal_uart.o
    0x080049fc   0x080049fc   0x00000116   Code   RO          111    .text.HAL_UART_MspInit  usart.o
    0x08004b12   0x08004b12   0x00000002   PAD
    0x08004b14   0x08004b14   0x000000e8   Code   RO         1359    .text.HAL_UART_Transmit_DMA  stm32g4xx_hal_uart.o
    0x08004bfc   0x08004bfc   0x00000002   Code   RO         1411    .text.HAL_UART_TxCpltCallback  stm32g4xx_hal_uart.o
    0x08004bfe   0x08004bfe   0x00000002   PAD
    0x08004c00   0x08004c00   0x00000002   Code   RO         1413    .text.HAL_UART_TxHalfCpltCallback  stm32g4xx_hal_uart.o
    0x08004c02   0x08004c02   0x00000002   PAD
    0x08004c04   0x08004c04   0x00000002   Code   RO          130    .text.HardFault_Handler  stm32g4xx_it.o
    0x08004c06   0x08004c06   0x00000002   PAD
    0x08004c08   0x08004c08   0x00000016   Code   RO         1564    .text.LFP           filter.o
    0x08004c1e   0x08004c1e   0x00000002   PAD
    0x08004c20   0x08004c20   0x000000f8   Code   RO           41    .text.MX_ADC2_Init  adc.o
    0x08004d18   0x08004d18   0x00000086   Code   RO           58    .text.MX_DMA_Init   dma.o
    0x08004d9e   0x08004d9e   0x00000002   PAD
    0x08004da0   0x08004da0   0x000000d0   Code   RO           28    .text.MX_GPIO_Init  gpio.o
    0x08004e70   0x08004e70   0x00000052   Code   RO           69    .text.MX_SPI1_Init  spi.o
    0x08004ec2   0x08004ec2   0x00000002   PAD
    0x08004ec4   0x08004ec4   0x0000018a   Code   RO           88    .text.MX_TIM1_Init  tim.o
    0x0800504e   0x0800504e   0x00000002   PAD
    0x08005050   0x08005050   0x00000078   Code   RO           92    .text.MX_TIM3_Init  tim.o
    0x080050c8   0x080050c8   0x00000082   Code   RO          109    .text.MX_USART1_UART_Init  usart.o
    0x0800514a   0x0800514a   0x00000002   PAD
    0x0800514c   0x0800514c   0x00000002   Code   RO          132    .text.MemManage_Handler  stm32g4xx_it.o
    0x0800514e   0x0800514e   0x00000002   PAD
    0x08005150   0x08005150   0x00000002   Code   RO          128    .text.NMI_Handler   stm32g4xx_it.o
    0x08005152   0x08005152   0x00000002   PAD
    0x08005154   0x08005154   0x00000002   Code   RO          142    .text.PendSV_Handler  stm32g4xx_it.o
    0x08005156   0x08005156   0x00000002   PAD
    0x08005158   0x08005158   0x0000001e   Code   RO          862    .text.SPI_DMAError  stm32g4xx_hal_spi.o
    0x08005176   0x08005176   0x00000002   PAD
    0x08005178   0x08005178   0x00000006   Code   RO          868    .text.SPI_DMAHalfReceiveCplt  stm32g4xx_hal_spi.o
    0x0800517e   0x0800517e   0x00000002   PAD
    0x08005180   0x08005180   0x00000006   Code   RO          872    .text.SPI_DMAHalfTransmitReceiveCplt  stm32g4xx_hal_spi.o
    0x08005186   0x08005186   0x00000002   PAD
    0x08005188   0x08005188   0x000000c6   Code   RO          870    .text.SPI_DMAReceiveCplt  stm32g4xx_hal_spi.o
    0x0800524e   0x0800524e   0x00000002   PAD
    0x08005250   0x08005250   0x0000008a   Code   RO          874    .text.SPI_DMATransmitReceiveCplt  stm32g4xx_hal_spi.o
    0x080052da   0x080052da   0x00000002   PAD
    0x080052dc   0x080052dc   0x0000017e   Code   RO          882    .text.SPI_WaitFifoStateUntilTimeout  stm32g4xx_hal_spi.o
    0x0800545a   0x0800545a   0x00000002   PAD
    0x0800545c   0x0800545c   0x000000ce   Code   RO          884    .text.SPI_WaitFlagStateUntilTimeout  stm32g4xx_hal_spi.o
    0x0800552a   0x0800552a   0x00000002   PAD
    0x0800552c   0x0800552c   0x00000002   Code   RO          138    .text.SVC_Handler   stm32g4xx_it.o
    0x0800552e   0x0800552e   0x00000002   PAD
    0x08005530   0x08005530   0x00000004   Code   RO          144    .text.SysTick_Handler  stm32g4xx_it.o
    0x08005534   0x08005534   0x00000012   Code   RO         1504    .text.SystemInit    system_stm32g4xx.o
    0x08005546   0x08005546   0x00000002   PAD
    0x08005548   0x08005548   0x0000000c   Code   RO          158    .text.TIM3_IRQHandler  stm32g4xx_it.o
    0x08005554   0x08005554   0x00000134   Code   RO          949    .text.TIM_Base_SetConfig  stm32g4xx_hal_tim.o
    0x08005688   0x08005688   0x000000e6   Code   RO         1323    .text.UART_AdvFeatureConfig  stm32g4xx_hal_uart.o
    0x0800576e   0x0800576e   0x00000002   PAD
    0x08005770   0x08005770   0x0000016a   Code   RO         1327    .text.UART_CheckIdleState  stm32g4xx_hal_uart.o
    0x080058da   0x080058da   0x00000002   PAD
    0x080058dc   0x080058dc   0x0000000c   Code   RO         1405    .text.UART_DMAAbortOnError  stm32g4xx_hal_uart.o
    0x080058e8   0x080058e8   0x000001da   Code   RO         1365    .text.UART_DMAError  stm32g4xx_hal_uart.o
    0x08005ac2   0x08005ac2   0x00000002   PAD
    0x08005ac4   0x08005ac4   0x000000b0   Code   RO         1361    .text.UART_DMATransmitCplt  stm32g4xx_hal_uart.o
    0x08005b74   0x08005b74   0x00000006   Code   RO         1363    .text.UART_DMATxHalfCplt  stm32g4xx_hal_uart.o
    0x08005b7a   0x08005b7a   0x00000002   PAD
    0x08005b7c   0x08005b7c   0x00000298   Code   RO         1325    .text.UART_SetConfig  stm32g4xx_hal_uart.o
    0x08005e14   0x08005e14   0x00000336   Code   RO         1341    .text.UART_WaitOnFlagUntilTimeout  stm32g4xx_hal_uart.o
    0x0800614a   0x0800614a   0x00000002   PAD
    0x0800614c   0x0800614c   0x0000000c   Code   RO          160    .text.USART1_IRQHandler  stm32g4xx_it.o
    0x08006158   0x08006158   0x00000002   Code   RO          136    .text.UsageFault_Handler  stm32g4xx_it.o
    0x0800615a   0x0800615a   0x00000002   PAD
    0x0800615c   0x0800615c   0x00000098   Code   RO         1573    .text.arm_cos_f32   arm_cortexM4lf_math.lib(arm_cos_f32.o)
    0x080061f4   0x080061f4   0x00000038   Code   RO         1591    .text.arm_pid_init_f32  arm_cortexM4lf_math.lib(arm_pid_init_f32.o)
    0x0800622c   0x0800622c   0x00000090   Code   RO         1582    .text.arm_sin_f32   arm_cortexM4lf_math.lib(arm_sin_f32.o)
    0x080062bc   0x080062bc   0x00000030   Code   RO         1538    .text.cycle_diff    foc.o
    0x080062ec   0x080062ec   0x00000004   PAD
    0x080062f0   0x080062f0   0x00000220   Code   RO         1536    .text.foc_forward   foc.o
    0x08006510   0x08006510   0x000000c0   Code   RO         1542    .text.lib_position_control  foc.o
    0x080065d0   0x080065d0   0x000001f4   Code   RO         1550    .text.lib_position_speed_torque_control  foc.o
    0x080067c4   0x080067c4   0x00000084   Code   RO         1544    .text.lib_speed_control  foc.o
    0x08006848   0x08006848   0x000000dc   Code   RO         1546    .text.lib_torque_control  foc.o
    0x08006924   0x08006924   0x00000218   Code   RO           13    .text.main          main.o
    0x08006b3c   0x08006b3c   0x0000005c   Code   RO         1540    .text.set_motor_pid  foc.o
    0x08006b98   0x08006b98   0x00000104   Code   RO           11    .text.set_pwm_duty  main.o
    0x08006c9c   0x08006c9c   0x0000000e   Code   RO         1765    i.__scatterload_copy  mc_w.l(handlers.o)
    0x08006caa   0x08006caa   0x00000002   Code   RO         1766    i.__scatterload_null  mc_w.l(handlers.o)
    0x08006cac   0x08006cac   0x0000000e   Code   RO         1767    i.__scatterload_zeroinit  mc_w.l(handlers.o)
    0x08006cba   0x08006cba   0x00000002   PAD
    0x08006cbc   0x08006cbc   0x00000048   Data   RO         1554    .rodata..L__const.svpwm.v  foc.o
    0x08006d04   0x08006d04   0x00000010   Data   RO         1509    .rodata.AHBPrescTable  system_stm32g4xx.o
    0x08006d14   0x08006d14   0x00000008   Data   RO         1510    .rodata.APBPrescTable  system_stm32g4xx.o
    0x08006d1c   0x08006d1c   0x00000018   Data   RO         1453    .rodata.UARTPrescTable  stm32g4xx_hal_uart.o
    0x08006d34   0x08006d34   0x00000010   Data   RO         1454    .rodata.cst16       stm32g4xx_hal_uart.o
    0x08006d44   0x08006d44   0x00000010   Data   RO         1495    .rodata.cst8        stm32g4xx_hal_uart_ex.o
    0x08006d54   0x08006d54   0x00000804   Data   RO         1712    .rodata.sinTable_f32  arm_cortexM4lf_math.lib(arm_common_tables.o)
    0x08007558   0x08007558   0x00000020   Data   RO         1764    Region$$Table       anon$$obj.o


    Execution Region RW_IRAM1 (Exec base: 0x20000000, Load base: 0x08007578, Size: 0x00000af0, Max: 0x00008000, ABSOLUTE)

    Exec Addr    Load Addr    Size         Type   Attr      Idx    E Section Name        Object

    0x20000000   0x08007578   0x00000008   Data   RW          385    .data..L_MergedGlobals  stm32g4xx_hal.o
    0x20000008   0x08007580   0x00000004   Data   RW         1508    .data.SystemCoreClock  system_stm32g4xx.o
    0x2000000c   0x08007584   0x0000000c   Data   RW           47    .data.frame         adc.o
    0x20000018        -       0x0000007c   Zero   RW           49    .bss..L_MergedGlobals  adc.o
    0x20000094        -       0x00000070   Zero   RW           77    .bss..L_MergedGlobals  spi.o
    0x20000104        -       0x00000008   Zero   RW          100    .bss..L_MergedGlobals  tim.o
    0x2000010c        -       0x0000006c   Zero   RW         1555    .bss..L_MergedGlobals  foc.o
    0x20000178        -       0x00000002   Zero   RW         1528    .bss.Knob_buf       motor_runtime_param.o
    0x2000017a   0x08007590   0x00000002   PAD
    0x2000017c        -       0x00000004   Zero   RW         1527    .bss.encoder_angle  motor_runtime_param.o
    0x20000180        -       0x00000060   Zero   RW           48    .bss.hdma_adc2      adc.o
    0x200001e0        -       0x00000060   Zero   RW           76    .bss.hdma_spi1_tx   spi.o
    0x20000240        -       0x00000060   Zero   RW          118    .bss.hdma_usart1_rx  usart.o
    0x200002a0        -       0x00000060   Zero   RW          119    .bss.hdma_usart1_tx  usart.o
    0x20000300        -       0x00000064   Zero   RW           75    .bss.hspi1          spi.o
    0x20000364        -       0x0000004c   Zero   RW           98    .bss.htim1          tim.o
    0x200003b0        -       0x0000004c   Zero   RW           99    .bss.htim3          tim.o
    0x200003fc        -       0x00000094   Zero   RW          117    .bss.huart1         usart.o
    0x20000490        -       0x0000001c   Zero   RW         1553    .bss.motor_control_context  foc.o
    0x200004ac        -       0x00000004   Zero   RW         1523    .bss.motor_i_d      motor_runtime_param.o
    0x200004b0        -       0x00000004   Zero   RW         1524    .bss.motor_i_q      motor_runtime_param.o
    0x200004b4        -       0x00000004   Zero   RW         1521    .bss.motor_i_u      motor_runtime_param.o
    0x200004b8        -       0x00000004   Zero   RW         1522    .bss.motor_i_w      motor_runtime_param.o
    0x200004bc        -       0x00000004   Zero   RW         1526    .bss.motor_logic_angle  motor_runtime_param.o
    0x200004c0        -       0x00000004   Zero   RW         1525    .bss.motor_speed    motor_runtime_param.o
    0x200004c4        -       0x00000024   Zero   RW         1552    .bss.pid_torque_q   foc.o
    0x200004e8        -       0x00000004   Zero   RW         1519    .bss.rotor_zero_angle  motor_runtime_param.o
    0x200004ec        -       0x00000004   Zero   RW          384    .bss.uwTick         stm32g4xx_hal.o
    0x200004f0        -       0x00000600   Zero   RW            1    STACK               startup_stm32g431xx.o


==============================================================================

Image component sizes


      Code (inc. data)   RO Data    RW Data    ZI Data      Debug   Object Name

      1300         48          0         12        220      14154   adc.o
       134          0          0          0          0       3417   dma.o
        22          0          0          0          0        507   filter.o
      1728         96         72          0        172      11245   foc.o
       208          0          0          0          0       2380   gpio.o
       806         36          0          0          0       5592   main.o
         0          0          0          0         34        686   motor_runtime_param.o
       560         24          0          0        308       6565   spi.o
        36          8        472          0       1536        816   startup_stm32g431xx.o
       188          0          0          8          4       8890   stm32g4xx_hal.o
      2860          0          0          0          0      28667   stm32g4xx_hal_adc.o
      1750          0          0          0          0      23062   stm32g4xx_hal_adc_ex.o
       196          0          0          0          0      10380   stm32g4xx_hal_cortex.o
       922          0          0          0          0       9137   stm32g4xx_hal_dma.o
       446          0          0          0          0       5221   stm32g4xx_hal_gpio.o
        52          0          0          0          0       1720   stm32g4xx_hal_msp.o
       288          0          0          0          0       9426   stm32g4xx_hal_pwr_ex.o
      2132          0          0          0          0      10115   stm32g4xx_hal_rcc.o
       618          0          0          0          0      10907   stm32g4xx_hal_rcc_ex.o
      1658          0          0          0          0      26263   stm32g4xx_hal_spi.o
      2966         20          0          0          0      63332   stm32g4xx_hal_tim.o
       380          0          0          0          0      30496   stm32g4xx_hal_tim_ex.o
      4700         48         40          0          0      42836   stm32g4xx_hal_uart.o
       340          0         16          0          0      11258   stm32g4xx_hal_uart_ex.o
       116          0          0          0          0       9203   stm32g4xx_it.o
        18          0         24          4          0       2749   system_stm32g4xx.o
       774         12          0          0        160      12747   tim.o
       408          0          0          0        340       9063   usart.o

    ----------------------------------------------------------------------
     25796        292        656         24       2776     370834   Object Totals
         0          0         32          0          0          0   (incl. Generated)
       190          0          0          0          2          0   (incl. Padding)

    ----------------------------------------------------------------------

      Code (inc. data)   RO Data    RW Data    ZI Data      Debug   Library Member Name

         0          0       2052          0          0       6294   arm_common_tables.o
       152         12          0          0          0       1104   arm_cos_f32.o
        56          0          0          0          0       1000   arm_pid_init_f32.o
       144         12          0          0          0       1092   arm_sin_f32.o
         0          0          0          0          0          0   entry.o
         0          0          0          0          0          0   entry10a.o
         0          0          0          0          0          0   entry11a.o
         8          4          0          0          0          0   entry2.o
         4          0          0          0          0          0   entry5.o
         0          0          0          0          0          0   entry7b.o
         0          0          0          0          0          0   entry8b.o
         8          4          0          0          0          0   entry9a.o
        30          0          0          0          0          0   handlers.o
        48         10          0          0          0         68   init.o
         0          0          0          0          0          0   iusefp.o
        30          0          0          0          0         68   llshl.o
        32          0          0          0          0         68   llushr.o
        36          0          0          0          0        108   memseta.o
        98          0          0          0          0         92   uldiv.o
        56          0          0          0          0         88   d2f.o
        54          0          0          0          0         80   dcmplt.o
       222          0          0          0          0        100   ddiv.o
       186          0          0          0          0        176   depilogue.o
        26          0          0          0          0         76   dfltui.o
       228          0          0          0          0         96   dmul.o
        38          0          0          0          0         68   f2d.o
       110          0          0          0          0        168   fepilogue.o

    ----------------------------------------------------------------------
      1568         42       2052          0          0      10746   Library Totals
         2          0          0          0          0          0   (incl. Padding)

    ----------------------------------------------------------------------

      Code (inc. data)   RO Data    RW Data    ZI Data      Debug   Library Name

       352         24       2052          0          0       9490   arm_cortexM4lf_math.lib
       294         18          0          0          0        404   mc_w.l
       920          0          0          0          0        852   mf_w.l

    ----------------------------------------------------------------------
      1568         42       2052          0          0      10746   Library Totals

    ----------------------------------------------------------------------

==============================================================================


      Code (inc. data)   RO Data    RW Data    ZI Data      Debug   

     27364        334       2708         24       2776     380732   Grand Totals
     27364        334       2708         24       2776     380732   ELF Image Totals
     27364        334       2708         24          0          0   ROM Totals

==============================================================================

    Total RO  Size (Code + RO Data)                30072 (  29.37kB)
    Total RW  Size (RW Data + ZI Data)              2800 (   2.73kB)
    Total ROM Size (Code + RO Data + RW Data)      30096 (  29.39kB)

==============================================================================

