main.c:83:1:__io_putchar	16	static
main.c:96:5:main	8	static
main.c:158:6:SystemClock_Config	312	static
main.c:226:13:MX_FDCAN1_Init	8	static
main.c:279:13:MX_FDCAN2_Init	8	static
main.c:332:13:MX_SPI4_Init	8	static
main.c:379:13:MX_UART4_Init	8	static
main.c:427:13:MX_UART5_Init	8	static
main.c:475:13:MX_USART1_UART_Init	8	static
main.c:523:13:MX_USART2_UART_Init	8	static
main.c:571:13:MX_GPIO_Init	56	static
main.c:662:6:HAL_UART_RxCpltCallback	16	static
main.c:677:6:Error_Handler	4	static,ignoring_inline_asm
