../Core/Src/main.c:74:6:CAN1_Config	48	static
../Core/Src/main.c:111:9:canCRC_ATM	32	static
../Core/Src/main.c:127:9:CAN1_Send_Msg	64	static
../Core/Src/main.c:159:6:motorGoHome	16	static
../Core/Src/main.c:168:6:motorGoPosition	16	static
../Core/Src/main.c:183:6:motorReadPosition	16	static
../Core/Src/main.c:192:6:canDataReceived	24	static
../Core/Src/main.c:217:6:read_state_run	16	static
../Core/Src/main.c:321:6:Motor_Init	16	static
../Core/Src/main.c:352:5:main	8	static
../Core/Src/main.c:424:6:SystemClock_Config	88	static
../Core/Src/main.c:473:6:Error_Handler	4	static,ignoring_inline_asm
