15:57:53 **** Incremental Build of configuration Debug for project 2-motor_Mul ****
make -j8 all 
arm-none-eabi-gcc "../Core/Src/main.c" -mcpu=cortex-m4 -std=gnu11 -g3 -DDEBUG -DUSE_HAL_DRIVER -DSTM32F405xx -c -I../Core/Inc -I../Drivers/STM32F4xx_HAL_Driver/Inc -I../Drivers/STM32F4xx_HAL_Driver/Inc/Legacy -I../Drivers/CMSIS/Device/ST/STM32F4xx/Include -I../Drivers/CMSIS/Include -O0 -ffunction-sections -fdata-sections -Wall -fstack-usage -fcyclomatic-complexity -MMD -MP -MF"Core/Src/main.d" -MT"Core/Src/main.o" --specs=nano.specs -mfpu=fpv4-sp-d16 -mfloat-abi=hard -mthumb -o "Core/Src/main.o"
arm-none-eabi-gcc -o "2-motor_Mul.elf" @"objects.list"   -mcpu=cortex-m4 -T"F:\STM32HAL\2-motor_Mul\STM32F405RGTX_FLASH.ld" --specs=nosys.specs -Wl,-Map="2-motor_Mul.map" -Wl,--gc-sections -static --specs=nano.specs -mfpu=fpv4-sp-d16 -mfloat-abi=hard -mthumb -Wl,--start-group -lc -lm -Wl,--end-group
E:/CUBIDE/STM32CubeIDE_1.19.0/STM32CubeIDE/plugins/com.st.stm32cube.ide.mcu.externaltools.gnu-tools-for-stm32.13.3.rel1.win32_1.0.0.202411081344/tools/bin/../lib/gcc/arm-none-eabi/13.3.1/../../../../arm-none-eabi/bin/ld.exe: warning: 2-motor_Mul.elf has a LOAD segment with RWX permissions
Finished building target: 2-motor_Mul.elf
 
arm-none-eabi-size  2-motor_Mul.elf 
arm-none-eabi-objdump -h -S 2-motor_Mul.elf  > "2-motor_Mul.list"
   text	   data	    bss	    dec	    hex	filename
  14440	     60	   1788	  16288	   3fa0	2-motor_Mul.elf
Finished building: default.size.stdout
 
Finished building: 2-motor_Mul.list
 

15:57:54 Build Finished. 0 errors, 1 warnings. (took 1s.174ms)

