14:28:54 **** Incremental Build of configuration Debug for project motor_8b ****
make -j8 all 
arm-none-eabi-size  motor_8b.elf 
   text	   data	    bss	    dec	    hex	filename
  16120	     24	   1880	  18024	   4668	motor_8b.elf
Finished building: default.size.stdout
 
14:28:56 **** Incremental Build of configuration Release for project motor_8b ****
make -j8 all 
arm-none-eabi-size  motor_8b.elf 
   text	   data	    bss	    dec	    hex	filename
   9512	     24	   1872	  11408	   2c90	motor_8b.elf
Finished building: default.size.stdout
 
